Archive member included to satisfy reference by file (symbol)

c:/program files (x86)/atollic/truestudio for stm32 9.0.0/armtools/bin/../lib/gcc/arm-atollic-eabi/6.3.1/../../../../arm-atollic-eabi/lib/armv7e-m/fpu/fpv5-d16\libc_nano.a(lib_a-init.o)
                              startup\startup_stm32f765xx.o (__libc_init_array)
c:/program files (x86)/atollic/truestudio for stm32 9.0.0/armtools/bin/../lib/gcc/arm-atollic-eabi/6.3.1/../../../../arm-atollic-eabi/lib/armv7e-m/fpu/fpv5-d16\libc_nano.a(lib_a-malloc.o)
                              Middlewares\ST\STM32_USB_Device_Library\Class\CDC\Src\usbd_cdc.o (malloc)
c:/program files (x86)/atollic/truestudio for stm32 9.0.0/armtools/bin/../lib/gcc/arm-atollic-eabi/6.3.1/../../../../arm-atollic-eabi/lib/armv7e-m/fpu/fpv5-d16\libc_nano.a(lib_a-nano-freer.o)
                              c:/program files (x86)/atollic/truestudio for stm32 9.0.0/armtools/bin/../lib/gcc/arm-atollic-eabi/6.3.1/../../../../arm-atollic-eabi/lib/armv7e-m/fpu/fpv5-d16\libc_nano.a(lib_a-malloc.o) (_free_r)
c:/program files (x86)/atollic/truestudio for stm32 9.0.0/armtools/bin/../lib/gcc/arm-atollic-eabi/6.3.1/../../../../arm-atollic-eabi/lib/armv7e-m/fpu/fpv5-d16\libc_nano.a(lib_a-nano-mallocr.o)
                              c:/program files (x86)/atollic/truestudio for stm32 9.0.0/armtools/bin/../lib/gcc/arm-atollic-eabi/6.3.1/../../../../arm-atollic-eabi/lib/armv7e-m/fpu/fpv5-d16\libc_nano.a(lib_a-malloc.o) (_malloc_r)
c:/program files (x86)/atollic/truestudio for stm32 9.0.0/armtools/bin/../lib/gcc/arm-atollic-eabi/6.3.1/../../../../arm-atollic-eabi/lib/armv7e-m/fpu/fpv5-d16\libc_nano.a(lib_a-sbrkr.o)
                              c:/program files (x86)/atollic/truestudio for stm32 9.0.0/armtools/bin/../lib/gcc/arm-atollic-eabi/6.3.1/../../../../arm-atollic-eabi/lib/armv7e-m/fpu/fpv5-d16\libc_nano.a(lib_a-nano-mallocr.o) (_sbrk_r)
c:/program files (x86)/atollic/truestudio for stm32 9.0.0/armtools/bin/../lib/gcc/arm-atollic-eabi/6.3.1/../../../../arm-atollic-eabi/lib/armv7e-m/fpu/fpv5-d16\libc_nano.a(lib_a-impure.o)
                              c:/program files (x86)/atollic/truestudio for stm32 9.0.0/armtools/bin/../lib/gcc/arm-atollic-eabi/6.3.1/../../../../arm-atollic-eabi/lib/armv7e-m/fpu/fpv5-d16\libc_nano.a(lib_a-malloc.o) (_impure_ptr)
c:/program files (x86)/atollic/truestudio for stm32 9.0.0/armtools/bin/../lib/gcc/arm-atollic-eabi/6.3.1/../../../../arm-atollic-eabi/lib/armv7e-m/fpu/fpv5-d16\libc_nano.a(lib_a-mlock.o)
                              c:/program files (x86)/atollic/truestudio for stm32 9.0.0/armtools/bin/../lib/gcc/arm-atollic-eabi/6.3.1/../../../../arm-atollic-eabi/lib/armv7e-m/fpu/fpv5-d16\libc_nano.a(lib_a-nano-freer.o) (__malloc_lock)
c:/program files (x86)/atollic/truestudio for stm32 9.0.0/armtools/bin/../lib/gcc/arm-atollic-eabi/6.3.1/../../../../arm-atollic-eabi/lib/armv7e-m/fpu/fpv5-d16\libc_nano.a(lib_a-reent.o)
                              c:/program files (x86)/atollic/truestudio for stm32 9.0.0/armtools/bin/../lib/gcc/arm-atollic-eabi/6.3.1/../../../../arm-atollic-eabi/lib/armv7e-m/fpu/fpv5-d16\libc_nano.a(lib_a-sbrkr.o) (errno)
c:/program files (x86)/atollic/truestudio for stm32 9.0.0/armtools/bin/../lib/gcc/arm-atollic-eabi/6.3.1/armv7e-m/fpu/fpv5-d16\libgcc.a(_aeabi_uldivmod.o)
                              Drivers\STM32F7xx_HAL_Driver\Src\stm32f7xx_hal_rcc.o (__aeabi_uldivmod)
c:/program files (x86)/atollic/truestudio for stm32 9.0.0/armtools/bin/../lib/gcc/arm-atollic-eabi/6.3.1/armv7e-m/fpu/fpv5-d16\libgcc.a(_udivmoddi4.o)
                              c:/program files (x86)/atollic/truestudio for stm32 9.0.0/armtools/bin/../lib/gcc/arm-atollic-eabi/6.3.1/armv7e-m/fpu/fpv5-d16\libgcc.a(_aeabi_uldivmod.o) (__udivmoddi4)
c:/program files (x86)/atollic/truestudio for stm32 9.0.0/armtools/bin/../lib/gcc/arm-atollic-eabi/6.3.1/armv7e-m/fpu/fpv5-d16\libgcc.a(_dvmd_tls.o)
                              c:/program files (x86)/atollic/truestudio for stm32 9.0.0/armtools/bin/../lib/gcc/arm-atollic-eabi/6.3.1/armv7e-m/fpu/fpv5-d16\libgcc.a(_aeabi_uldivmod.o) (__aeabi_ldiv0)
c:/program files (x86)/atollic/truestudio for stm32 9.0.0/armtools/bin/../lib/gcc/arm-atollic-eabi/6.3.1/../../../../arm-atollic-eabi/lib/armv7e-m/fpu/fpv5-d16\libnosys.a(sbrk.o)
                              c:/program files (x86)/atollic/truestudio for stm32 9.0.0/armtools/bin/../lib/gcc/arm-atollic-eabi/6.3.1/../../../../arm-atollic-eabi/lib/armv7e-m/fpu/fpv5-d16\libc_nano.a(lib_a-sbrkr.o) (_sbrk)

Allocating common symbols
Common symbol       size              file

hUsbDeviceFS        0x224             Src\usb_device.o
outbytes_p          0x4               Src\jprocess.o
VideoCtl            0x40              Middlewares\ST\STM32_USB_Device_Library\Class\UVC\Src\usb_video_core.o
[...]
Memory Configuration

Name             Origin             Length             Attributes
RAM              0x20000000         0x00080000         xrw
FLASH            0x08000000         0x00200000         xr
*default*        0x00000000         0xffffffff

Linker script and memory map

LOAD c:/program files (x86)/atollic/truestudio for stm32 9.0.0/armtools/bin/../lib/gcc/arm-atollic-eabi/6.3.1/armv7e-m/fpu/fpv5-d16/crti.o
LOAD c:/program files (x86)/atollic/truestudio for stm32 9.0.0/armtools/bin/../lib/gcc/arm-atollic-eabi/6.3.1/armv7e-m/fpu/fpv5-d16/crtbegin.o
LOAD Drivers\STM32F7xx_HAL_Driver\Src\stm32f7xx_hal.o
LOAD Drivers\STM32F7xx_HAL_Driver\Src\stm32f7xx_hal_cortex.o
LOAD Drivers\STM32F7xx_HAL_Driver\Src\stm32f7xx_hal_dma.o
LOAD Drivers\STM32F7xx_HAL_Driver\Src\stm32f7xx_hal_dma_ex.o
LOAD Drivers\STM32F7xx_HAL_Driver\Src\stm32f7xx_hal_flash.o
LOAD Drivers\STM32F7xx_HAL_Driver\Src\stm32f7xx_hal_flash_ex.o
LOAD Drivers\STM32F7xx_HAL_Driver\Src\stm32f7xx_hal_gpio.o
LOAD Drivers\STM32F7xx_HAL_Driver\Src\stm32f7xx_hal_i2c.o
LOAD Drivers\STM32F7xx_HAL_Driver\Src\stm32f7xx_hal_i2c_ex.o
LOAD Drivers\STM32F7xx_HAL_Driver\Src\stm32f7xx_hal_pcd.o
LOAD Drivers\STM32F7xx_HAL_Driver\Src\stm32f7xx_hal_pcd_ex.o
LOAD Drivers\STM32F7xx_HAL_Driver\Src\stm32f7xx_hal_pwr.o
LOAD Drivers\STM32F7xx_HAL_Driver\Src\stm32f7xx_hal_pwr_ex.o
LOAD Drivers\STM32F7xx_HAL_Driver\Src\stm32f7xx_hal_rcc.o
LOAD Drivers\STM32F7xx_HAL_Driver\Src\stm32f7xx_hal_rcc_ex.o
LOAD Drivers\STM32F7xx_HAL_Driver\Src\stm32f7xx_hal_tim.o
LOAD Drivers\STM32F7xx_HAL_Driver\Src\stm32f7xx_hal_tim_ex.o
LOAD Drivers\STM32F7xx_HAL_Driver\Src\stm32f7xx_ll_usb.o
LOAD Middlewares\ST\STM32_USB_Device_Library\Class\CDC\Src\usbd_cdc.o
LOAD Middlewares\ST\STM32_USB_Device_Library\Class\UVC\Src\usb_video_core.o
LOAD Middlewares\ST\STM32_USB_Device_Library\Class\UVC\Src\usbd_uvc.o
LOAD Middlewares\ST\STM32_USB_Device_Library\Core\Src\usbd_core.o
LOAD Middlewares\ST\STM32_USB_Device_Library\Core\Src\usbd_ctlreq.o
LOAD Middlewares\ST\STM32_USB_Device_Library\Core\Src\usbd_ioreq.o
LOAD Src\gpio.o
LOAD Src\jprocess.o
LOAD Src\main.o
LOAD Src\stm32f7xx_hal_msp.o
LOAD Src\stm32f7xx_it.o
LOAD Src\system_stm32f7xx.o
LOAD Src\usb_device.o
LOAD Src\usbd_conf.o
LOAD Src\usbd_desc.o
LOAD Src\usbd_uvc_if.o
LOAD startup\startup_stm32f765xx.o
                0x00000080                malloc_getpagesize_P = 0x80
START GROUP
LOAD c:/program files (x86)/atollic/truestudio for stm32 9.0.0/armtools/bin/../lib/gcc/arm-atollic-eabi/6.3.1/../../../../arm-atollic-eabi/lib/armv7e-m/fpu/fpv5-d16\libc_nano.a
LOAD c:/program files (x86)/atollic/truestudio for stm32 9.0.0/armtools/bin/../lib/gcc/arm-atollic-eabi/6.3.1/../../../../arm-atollic-eabi/lib/armv7e-m/fpu/fpv5-d16\libm.a
END GROUP
START GROUP
LOAD c:/program files (x86)/atollic/truestudio for stm32 9.0.0/armtools/bin/../lib/gcc/arm-atollic-eabi/6.3.1/armv7e-m/fpu/fpv5-d16\libgcc.a
LOAD c:/program files (x86)/atollic/truestudio for stm32 9.0.0/armtools/bin/../lib/gcc/arm-atollic-eabi/6.3.1/../../../../arm-atollic-eabi/lib/armv7e-m/fpu/fpv5-d16\libc_nano.a
END GROUP
START GROUP
LOAD c:/program files (x86)/atollic/truestudio for stm32 9.0.0/armtools/bin/../lib/gcc/arm-atollic-eabi/6.3.1/armv7e-m/fpu/fpv5-d16\libgcc.a
LOAD c:/program files (x86)/atollic/truestudio for stm32 9.0.0/armtools/bin/../lib/gcc/arm-atollic-eabi/6.3.1/../../../../arm-atollic-eabi/lib/armv7e-m/fpu/fpv5-d16\libc_nano.a
LOAD c:/program files (x86)/atollic/truestudio for stm32 9.0.0/armtools/bin/../lib/gcc/arm-atollic-eabi/6.3.1/../../../../arm-atollic-eabi/lib/armv7e-m/fpu/fpv5-d16\libnosys.a
END GROUP
START GROUP
LOAD c:/program files (x86)/atollic/truestudio for stm32 9.0.0/armtools/bin/../lib/gcc/arm-atollic-eabi/6.3.1/armv7e-m/fpu/fpv5-d16\libgcc.a
LOAD c:/program files (x86)/atollic/truestudio for stm32 9.0.0/armtools/bin/../lib/gcc/arm-atollic-eabi/6.3.1/../../../../arm-atollic-eabi/lib/armv7e-m/fpu/fpv5-d16\libc_nano.a
LOAD c:/program files (x86)/atollic/truestudio for stm32 9.0.0/armtools/bin/../lib/gcc/arm-atollic-eabi/6.3.1/../../../../arm-atollic-eabi/lib/armv7e-m/fpu/fpv5-d16\libnosys.a
END GROUP
LOAD c:/program files (x86)/atollic/truestudio for stm32 9.0.0/armtools/bin/../lib/gcc/arm-atollic-eabi/6.3.1/armv7e-m/fpu/fpv5-d16/crtend.o
LOAD c:/program files (x86)/atollic/truestudio for stm32 9.0.0/armtools/bin/../lib/gcc/arm-atollic-eabi/6.3.1/armv7e-m/fpu/fpv5-d16/crtn.o
                0x20080000                _estack = 0x20080000
                0x00000200                _Min_Heap_Size = 0x200
                0x00000400                _Min_Stack_Size = 0x400

.isr_vector     0x08000000      0x1f8
                0x08000000                . = ALIGN (0x4)
 *(.isr_vector)
 .isr_vector    0x08000000      0x1f8 startup\startup_stm32f765xx.o
                0x08000000                g_pfnVectors
                0x080001f8                . = ALIGN (0x4)

.text           0x080001f8     0x72ac
                0x080001f8                . = ALIGN (0x4)
 *(.text)
 .text          0x080001f8       0x40 c:/program files (x86)/atollic/truestudio for stm32 9.0.0/armtools/bin/../lib/gcc/arm-atollic-eabi/6.3.1/armv7e-m/fpu/fpv5-d16/crtbegin.o
 .text          0x08000238       0x30 c:/program files (x86)/atollic/truestudio for stm32 9.0.0/armtools/bin/../lib/gcc/arm-atollic-eabi/6.3.1/armv7e-m/fpu/fpv5-d16\libgcc.a(_aeabi_uldivmod.o)
                0x08000238                __aeabi_uldivmod
 .text          0x08000268      0x2dc c:/program files (x86)/atollic/truestudio for stm32 9.0.0/armtools/bin/../lib/gcc/arm-atollic-eabi/6.3.1/armv7e-m/fpu/fpv5-d16\libgcc.a(_udivmoddi4.o)
                0x08000268                __udivmoddi4
 .text          0x08000544        0x4 c:/program files (x86)/atollic/truestudio for stm32 9.0.0/armtools/bin/../lib/gcc/arm-atollic-eabi/6.3.1/armv7e-m/fpu/fpv5-d16\libgcc.a(_dvmd_tls.o)
                0x08000544                __aeabi_idiv0
                0x08000544                __aeabi_ldiv0
 *(.text*)
 .text.HAL_Init
                0x08000548       0x1a Drivers\STM32F7xx_HAL_Driver\Src\stm32f7xx_hal.o
                0x08000548                HAL_Init
 *fill*         0x08000562        0x2 
 .text.HAL_InitTick
                0x08000564       0x60 Drivers\STM32F7xx_HAL_Driver\Src\stm32f7xx_hal.o
                0x08000564                HAL_InitTick
 .text.HAL_IncTick
                0x080005c4       0x28 Drivers\STM32F7xx_HAL_Driver\Src\stm32f7xx_hal.o
                0x080005c4                HAL_IncTick
 .text.HAL_GetTick
                0x080005ec       0x18 Drivers\STM32F7xx_HAL_Driver\Src\stm32f7xx_hal.o
                0x080005ec                HAL_GetTick
 .text.HAL_Delay
                0x08000604       0x44 Drivers\STM32F7xx_HAL_Driver\Src\stm32f7xx_hal.o
                0x08000604                HAL_Delay
 .text.NVIC_SetPriorityGrouping
                0x08000648       0x48 Drivers\STM32F7xx_HAL_Driver\Src\stm32f7xx_hal_cortex.o
 .text.NVIC_GetPriorityGrouping
                0x08000690       0x1c Drivers\STM32F7xx_HAL_Driver\Src\stm32f7xx_hal_cortex.o
 .text.NVIC_EnableIRQ
                0x080006ac       0x34 Drivers\STM32F7xx_HAL_Driver\Src\stm32f7xx_hal_cortex.o
 .text.NVIC_SetPriority
                0x080006e0       0x54 Drivers\STM32F7xx_HAL_Driver\Src\stm32f7xx_hal_cortex.o
 .text.NVIC_EncodePriority
                0x08000734       0x62 Drivers\STM32F7xx_HAL_Driver\Src\stm32f7xx_hal_cortex.o
 *fill*         0x08000796        0x2 
 .text.SysTick_Config
                0x08000798       0x44 Drivers\STM32F7xx_HAL_Driver\Src\stm32f7xx_hal_cortex.o
 .text.HAL_NVIC_SetPriorityGrouping
                0x080007dc       0x40 Drivers\STM32F7xx_HAL_Driver\Src\stm32f7xx_hal_cortex.o
                0x080007dc                HAL_NVIC_SetPriorityGrouping
 .text.HAL_NVIC_SetPriority
                0x0800081c       0x58 Drivers\STM32F7xx_HAL_Driver\Src\stm32f7xx_hal_cortex.o
                0x0800081c                HAL_NVIC_SetPriority
 .text.HAL_NVIC_EnableIRQ
                0x08000874       0x30 Drivers\STM32F7xx_HAL_Driver\Src\stm32f7xx_hal_cortex.o
                0x08000874                HAL_NVIC_EnableIRQ
 .text.HAL_SYSTICK_Config
                0x080008a4       0x18 Drivers\STM32F7xx_HAL_Driver\Src\stm32f7xx_hal_cortex.o
                0x080008a4                HAL_SYSTICK_Config
 .text.HAL_SYSTICK_CLKSourceConfig
                0x080008bc       0x50 Drivers\STM32F7xx_HAL_Driver\Src\stm32f7xx_hal_cortex.o
                0x080008bc                HAL_SYSTICK_CLKSourceConfig
 .text.HAL_SYSTICK_IRQHandler
                0x0800090c        0xc Drivers\STM32F7xx_HAL_Driver\Src\stm32f7xx_hal_cortex.o
                0x0800090c                HAL_SYSTICK_IRQHandler
 .text.HAL_SYSTICK_Callback
                0x08000918        0xe Drivers\STM32F7xx_HAL_Driver\Src\stm32f7xx_hal_cortex.o
                0x08000918                HAL_SYSTICK_Callback
 *fill*         0x08000926        0x2 
 .text.HAL_GPIO_Init
                0x08000928      0x700 Drivers\STM32F7xx_HAL_Driver\Src\stm32f7xx_hal_gpio.o
                0x08000928                HAL_GPIO_Init
 .text.HAL_PCD_Init
                0x08001028      0x240 Drivers\STM32F7xx_HAL_Driver\Src\stm32f7xx_hal_pcd.o
                0x08001028                HAL_PCD_Init
 .text.HAL_PCD_Start
                0x08001268       0x44 Drivers\STM32F7xx_HAL_Driver\Src\stm32f7xx_hal_pcd.o
                0x08001268                HAL_PCD_Start
 .text.HAL_PCD_IRQHandler
                0x080012ac      0xa08 Drivers\STM32F7xx_HAL_Driver\Src\stm32f7xx_hal_pcd.o
                0x080012ac                HAL_PCD_IRQHandler
 .text.HAL_PCD_SetAddress
                0x08001cb4       0x42 Drivers\STM32F7xx_HAL_Driver\Src\stm32f7xx_hal_pcd.o
                0x08001cb4                HAL_PCD_SetAddress
 .text.HAL_PCD_EP_Open
                0x08001cf6       0xd0 Drivers\STM32F7xx_HAL_Driver\Src\stm32f7xx_hal_pcd.o
                0x08001cf6                HAL_PCD_EP_Open
 .text.HAL_PCD_EP_Close
                0x08001dc6       0x94 Drivers\STM32F7xx_HAL_Driver\Src\stm32f7xx_hal_pcd.o
                0x08001dc6                HAL_PCD_EP_Close
 .text.HAL_PCD_EP_Receive
                0x08001e5a       0x94 Drivers\STM32F7xx_HAL_Driver\Src\stm32f7xx_hal_pcd.o
                0x08001e5a                HAL_PCD_EP_Receive
 .text.HAL_PCD_EP_Transmit
                0x08001eee       0x92 Drivers\STM32F7xx_HAL_Driver\Src\stm32f7xx_hal_pcd.o
                0x08001eee                HAL_PCD_EP_Transmit
 .text.HAL_PCD_EP_SetStall
                0x08001f80       0xc8 Drivers\STM32F7xx_HAL_Driver\Src\stm32f7xx_hal_pcd.o
                0x08001f80                HAL_PCD_EP_SetStall
 .text.HAL_PCD_EP_ClrStall
                0x08002048       0xa8 Drivers\STM32F7xx_HAL_Driver\Src\stm32f7xx_hal_pcd.o
                0x08002048                HAL_PCD_EP_ClrStall
 .text.HAL_PCD_EP_Flush
                0x080020f0       0x5a Drivers\STM32F7xx_HAL_Driver\Src\stm32f7xx_hal_pcd.o
                0x080020f0                HAL_PCD_EP_Flush
 .text.PCD_WriteEmptyTxFifo
                0x0800214a      0x110 Drivers\STM32F7xx_HAL_Driver\Src\stm32f7xx_hal_pcd.o
 .text.HAL_PCDEx_SetTxFiFo
                0x0800225a       0x96 Drivers\STM32F7xx_HAL_Driver\Src\stm32f7xx_hal_pcd_ex.o
                0x0800225a                HAL_PCDEx_SetTxFiFo
 .text.HAL_PCDEx_SetRxFiFo
                0x080022f0       0x22 Drivers\STM32F7xx_HAL_Driver\Src\stm32f7xx_hal_pcd_ex.o
                0x080022f0                HAL_PCDEx_SetRxFiFo
 *fill*         0x08002312        0x2 
 .text.HAL_PCDEx_ActivateLPM
                0x08002314       0x48 Drivers\STM32F7xx_HAL_Driver\Src\stm32f7xx_hal_pcd_ex.o
                0x08002314                HAL_PCDEx_ActivateLPM
 .text.HAL_PCDEx_LPM_Callback
                0x0800235c       0x18 Drivers\STM32F7xx_HAL_Driver\Src\stm32f7xx_hal_pcd_ex.o
                0x0800235c                HAL_PCDEx_LPM_Callback
 .text.HAL_PWREx_EnableOverDrive
                0x08002374       0xa0 Drivers\STM32F7xx_HAL_Driver\Src\stm32f7xx_hal_pwr_ex.o
                0x08002374                HAL_PWREx_EnableOverDrive
 .text.HAL_RCC_OscConfig
                0x08002414      0x670 Drivers\STM32F7xx_HAL_Driver\Src\stm32f7xx_hal_rcc.o
                0x08002414                HAL_RCC_OscConfig
 .text.HAL_RCC_ClockConfig
                0x08002a84      0x348 Drivers\STM32F7xx_HAL_Driver\Src\stm32f7xx_hal_rcc.o
                0x08002a84                HAL_RCC_ClockConfig
 .text.HAL_RCC_GetSysClockFreq
                0x08002dcc      0x16c Drivers\STM32F7xx_HAL_Driver\Src\stm32f7xx_hal_rcc.o
                0x08002dcc                HAL_RCC_GetSysClockFreq
 .text.HAL_RCC_GetHCLKFreq
                0x08002f38       0x18 Drivers\STM32F7xx_HAL_Driver\Src\stm32f7xx_hal_rcc.o
                0x08002f38                HAL_RCC_GetHCLKFreq
 .text.HAL_RCCEx_PeriphCLKConfig
                0x08002f50     0x101c Drivers\STM32F7xx_HAL_Driver\Src\stm32f7xx_hal_rcc_ex.o
                0x08002f50                HAL_RCCEx_PeriphCLKConfig
 .text.USB_CoreInit
                0x08003f6c       0xa4 Drivers\STM32F7xx_HAL_Driver\Src\stm32f7xx_ll_usb.o
                0x08003f6c                USB_CoreInit
 .text.USB_EnableGlobalInt
                0x08004010       0x22 Drivers\STM32F7xx_HAL_Driver\Src\stm32f7xx_ll_usb.o
                0x08004010                USB_EnableGlobalInt
 .text.USB_DisableGlobalInt
                0x08004032       0x22 Drivers\STM32F7xx_HAL_Driver\Src\stm32f7xx_ll_usb.o
                0x08004032                USB_DisableGlobalInt
 .text.USB_SetCurrentMode
                0x08004054       0x4e Drivers\STM32F7xx_HAL_Driver\Src\stm32f7xx_ll_usb.o
                0x08004054                USB_SetCurrentMode
 *fill*         0x080040a2        0x2 
 .text.USB_DevInit
                0x080040a4      0x29c Drivers\STM32F7xx_HAL_Driver\Src\stm32f7xx_ll_usb.o
                0x080040a4                USB_DevInit
 .text.USB_FlushTxFifo
                0x08004340       0x4c Drivers\STM32F7xx_HAL_Driver\Src\stm32f7xx_ll_usb.o
                0x08004340                USB_FlushTxFifo
 .text.USB_FlushRxFifo
                0x0800438c       0x44 Drivers\STM32F7xx_HAL_Driver\Src\stm32f7xx_ll_usb.o
                0x0800438c                USB_FlushRxFifo
 .text.USB_SetDevSpeed
                0x080043d0       0x30 Drivers\STM32F7xx_HAL_Driver\Src\stm32f7xx_ll_usb.o
                0x080043d0                USB_SetDevSpeed
 .text.USB_GetDevSpeed
                0x08004400       0x6a Drivers\STM32F7xx_HAL_Driver\Src\stm32f7xx_ll_usb.o
                0x08004400                USB_GetDevSpeed
 *fill*         0x0800446a        0x2 
 .text.USB_ActivateEndpoint
                0x0800446c      0x110 Drivers\STM32F7xx_HAL_Driver\Src\stm32f7xx_ll_usb.o
                0x0800446c                USB_ActivateEndpoint
 .text.USB_DeactivateEndpoint
                0x0800457c       0xf6 Drivers\STM32F7xx_HAL_Driver\Src\stm32f7xx_ll_usb.o
                0x0800457c                USB_DeactivateEndpoint
 *fill*         0x08004672        0x2 
 .text.USB_EPStartXfer
                0x08004674      0x488 Drivers\STM32F7xx_HAL_Driver\Src\stm32f7xx_ll_usb.o
                0x08004674                USB_EPStartXfer
 .text.USB_EP0StartXfer
                0x08004afc      0x2b8 Drivers\STM32F7xx_HAL_Driver\Src\stm32f7xx_ll_usb.o
                0x08004afc                USB_EP0StartXfer
 .text.USB_WritePacket
                0x08004db4       0x70 Drivers\STM32F7xx_HAL_Driver\Src\stm32f7xx_ll_usb.o
                0x08004db4                USB_WritePacket
 .text.USB_ReadPacket
                0x08004e24       0x54 Drivers\STM32F7xx_HAL_Driver\Src\stm32f7xx_ll_usb.o
                0x08004e24                USB_ReadPacket
 .text.USB_EPSetStall
                0x08004e78       0xe2 Drivers\STM32F7xx_HAL_Driver\Src\stm32f7xx_ll_usb.o
                0x08004e78                USB_EPSetStall
 .text.USB_EPClearStall
                0x08004f5a       0xda Drivers\STM32F7xx_HAL_Driver\Src\stm32f7xx_ll_usb.o
                0x08004f5a                USB_EPClearStall
 .text.USB_SetDevAddress
                0x08005034       0x4c Drivers\STM32F7xx_HAL_Driver\Src\stm32f7xx_ll_usb.o
                0x08005034                USB_SetDevAddress
 .text.USB_DevConnect
                0x08005080       0x2e Drivers\STM32F7xx_HAL_Driver\Src\stm32f7xx_ll_usb.o
                0x08005080                USB_DevConnect
 .text.USB_DevDisconnect
                0x080050ae       0x2e Drivers\STM32F7xx_HAL_Driver\Src\stm32f7xx_ll_usb.o
                0x080050ae                USB_DevDisconnect
 .text.USB_ReadInterrupts
                0x080050dc       0x2a Drivers\STM32F7xx_HAL_Driver\Src\stm32f7xx_ll_usb.o
                0x080050dc                USB_ReadInterrupts
 .text.USB_ReadDevAllOutEpInterrupt
                0x08005106       0x30 Drivers\STM32F7xx_HAL_Driver\Src\stm32f7xx_ll_usb.o
                0x08005106                USB_ReadDevAllOutEpInterrupt
 .text.USB_ReadDevAllInEpInterrupt
                0x08005136       0x30 Drivers\STM32F7xx_HAL_Driver\Src\stm32f7xx_ll_usb.o
                0x08005136                USB_ReadDevAllInEpInterrupt
 .text.USB_ReadDevOutEPInterrupt
                0x08005166       0x38 Drivers\STM32F7xx_HAL_Driver\Src\stm32f7xx_ll_usb.o
                0x08005166                USB_ReadDevOutEPInterrupt
 .text.USB_ReadDevInEPInterrupt
                0x0800519e       0x54 Drivers\STM32F7xx_HAL_Driver\Src\stm32f7xx_ll_usb.o
                0x0800519e                USB_ReadDevInEPInterrupt
 .text.USB_GetMode
                0x080051f2       0x1c Drivers\STM32F7xx_HAL_Driver\Src\stm32f7xx_ll_usb.o
                0x080051f2                USB_GetMode
 *fill*         0x0800520e        0x2 
 .text.USB_ActivateSetup
                0x08005210       0x6c Drivers\STM32F7xx_HAL_Driver\Src\stm32f7xx_ll_usb.o
                0x08005210                USB_ActivateSetup
 .text.USB_EP0_OutStart
                0x0800527c       0x8a Drivers\STM32F7xx_HAL_Driver\Src\stm32f7xx_ll_usb.o
                0x0800527c                USB_EP0_OutStart
 *fill*         0x08005306        0x2 
 .text.USB_CoreReset
                0x08005308       0x68 Drivers\STM32F7xx_HAL_Driver\Src\stm32f7xx_ll_usb.o
 .text.usbd_video_Init
                0x08005370       0x24 Middlewares\ST\STM32_USB_Device_Library\Class\UVC\Src\usb_video_core.o
 .text.usbd_video_DeInit
                0x08005394       0x1e Middlewares\ST\STM32_USB_Device_Library\Class\UVC\Src\usb_video_core.o
 *fill*         0x080053b2        0x2 
 .text.usbd_video_Setup
                0x080053b4       0xf0 Middlewares\ST\STM32_USB_Device_Library\Class\UVC\Src\usb_video_core.o
 .text.usbd_video_EP0_RxReady
                0x080054a4       0x16 Middlewares\ST\STM32_USB_Device_Library\Class\UVC\Src\usb_video_core.o
 *fill*         0x080054ba        0x2 
 .text.usbd_video_DataIn
                0x080054bc      0x184 Middlewares\ST\STM32_USB_Device_Library\Class\UVC\Src\usb_video_core.o
 .text.usbd_video_DataOut
                0x08005640       0x1a Middlewares\ST\STM32_USB_Device_Library\Class\UVC\Src\usb_video_core.o
 *fill*         0x0800565a        0x2 
 .text.usbd_video_SOF
                0x0800565c       0x38 Middlewares\ST\STM32_USB_Device_Library\Class\UVC\Src\usb_video_core.o
 .text.usbd_video_OUT_Incplt
                0x08005694       0x16 Middlewares\ST\STM32_USB_Device_Library\Class\UVC\Src\usb_video_core.o
 .text.usbd_video_IN_Incplt
                0x080056aa       0x16 Middlewares\ST\STM32_USB_Device_Library\Class\UVC\Src\usb_video_core.o
 .text.VIDEO_Req_GetCurrent
                0x080056c0       0x54 Middlewares\ST\STM32_USB_Device_Library\Class\UVC\Src\usb_video_core.o
 .text.VIDEO_Req_SetCurrent
                0x08005714       0x54 Middlewares\ST\STM32_USB_Device_Library\Class\UVC\Src\usb_video_core.o
 .text.USBD_video_GetCfgDesc
                0x08005768       0x24 Middlewares\ST\STM32_USB_Device_Library\Class\UVC\Src\usb_video_core.o
 .text.USBD_UVC_RegisterInterface
                0x0800578c       0x2e Middlewares\ST\STM32_USB_Device_Library\Class\UVC\Src\usbd_uvc.o
                0x0800578c                USBD_UVC_RegisterInterface
 .text.USBD_UVC_SetTxBuffer
                0x080057ba       0x34 Middlewares\ST\STM32_USB_Device_Library\Class\UVC\Src\usbd_uvc.o
                0x080057ba                USBD_UVC_SetTxBuffer
 .text.USBD_UVC_SetRxBuffer
                0x080057ee       0x28 Middlewares\ST\STM32_USB_Device_Library\Class\UVC\Src\usbd_uvc.o
                0x080057ee                USBD_UVC_SetRxBuffer
 .text.USBD_UVC_ReceivePacket
                0x08005816       0x54 Middlewares\ST\STM32_USB_Device_Library\Class\UVC\Src\usbd_uvc.o
                0x08005816                USBD_UVC_ReceivePacket
 .text.USBD_Init
                0x0800586a       0x56 Middlewares\ST\STM32_USB_Device_Library\Core\Src\usbd_core.o
                0x0800586a                USBD_Init
 .text.USBD_RegisterClass
                0x080058c0       0x60 Middlewares\ST\STM32_USB_Device_Library\Core\Src\usbd_core.o
                0x080058c0                USBD_RegisterClass
 .text.USBD_Start
                0x08005920       0x18 Middlewares\ST\STM32_USB_Device_Library\Core\Src\usbd_core.o
                0x08005920                USBD_Start
 .text.USBD_RunTestMode
                0x08005938       0x16 Middlewares\ST\STM32_USB_Device_Library\Core\Src\usbd_core.o
                0x08005938                USBD_RunTestMode
 .text.USBD_SetClassConfig
                0x0800594e       0x3e Middlewares\ST\STM32_USB_Device_Library\Core\Src\usbd_core.o
                0x0800594e                USBD_SetClassConfig
 .text.USBD_ClrClassConfig
                0x0800598c       0x26 Middlewares\ST\STM32_USB_Device_Library\Core\Src\usbd_core.o
                0x0800598c                USBD_ClrClassConfig
 .text.USBD_LL_SetupStage
                0x080059b2       0x94 Middlewares\ST\STM32_USB_Device_Library\Core\Src\usbd_core.o
                0x080059b2                USBD_LL_SetupStage
 .text.USBD_LL_DataOutStage
                0x08005a46       0xb6 Middlewares\ST\STM32_USB_Device_Library\Core\Src\usbd_core.o
                0x08005a46                USBD_LL_DataOutStage
 .text.USBD_LL_DataInStage
                0x08005afc      0x11e Middlewares\ST\STM32_USB_Device_Library\Core\Src\usbd_core.o
                0x08005afc                USBD_LL_DataInStage
 .text.USBD_LL_Reset
                0x08005c1a       0x5e Middlewares\ST\STM32_USB_Device_Library\Core\Src\usbd_core.o
                0x08005c1a                USBD_LL_Reset
 .text.USBD_LL_SetSpeed
                0x08005c78       0x20 Middlewares\ST\STM32_USB_Device_Library\Core\Src\usbd_core.o
                0x08005c78                USBD_LL_SetSpeed
 .text.USBD_LL_Suspend
                0x08005c98       0x2a Middlewares\ST\STM32_USB_Device_Library\Core\Src\usbd_core.o
                0x08005c98                USBD_LL_Suspend
 .text.USBD_LL_Resume
                0x08005cc2       0x22 Middlewares\ST\STM32_USB_Device_Library\Core\Src\usbd_core.o
                0x08005cc2                USBD_LL_Resume
 .text.USBD_LL_SOF
                0x08005ce4       0x34 Middlewares\ST\STM32_USB_Device_Library\Core\Src\usbd_core.o
                0x08005ce4                USBD_LL_SOF
 .text.USBD_LL_IsoINIncomplete
                0x08005d18       0x1a Middlewares\ST\STM32_USB_Device_Library\Core\Src\usbd_core.o
                0x08005d18                USBD_LL_IsoINIncomplete
 .text.USBD_LL_IsoOUTIncomplete
                0x08005d32       0x1a Middlewares\ST\STM32_USB_Device_Library\Core\Src\usbd_core.o
                0x08005d32                USBD_LL_IsoOUTIncomplete
 .text.USBD_LL_DevConnected
                0x08005d4c       0x16 Middlewares\ST\STM32_USB_Device_Library\Core\Src\usbd_core.o
                0x08005d4c                USBD_LL_DevConnected
 .text.USBD_LL_DevDisconnected
                0x08005d62       0x2e Middlewares\ST\STM32_USB_Device_Library\Core\Src\usbd_core.o
                0x08005d62                USBD_LL_DevDisconnected
 .text.USBD_StdDevReq
                0x08005d90       0xa0 Middlewares\ST\STM32_USB_Device_Library\Core\Src\usbd_ctlreq.o
                0x08005d90                USBD_StdDevReq
 .text.USBD_StdItfReq
                0x08005e30       0x66 Middlewares\ST\STM32_USB_Device_Library\Core\Src\usbd_ctlreq.o
                0x08005e30                USBD_StdItfReq
 .text.USBD_StdEPReq
                0x08005e96      0x1b0 Middlewares\ST\STM32_USB_Device_Library\Core\Src\usbd_ctlreq.o
                0x08005e96                USBD_StdEPReq
 *fill*         0x08006046        0x2 
 .text.USBD_GetDescriptor
                0x08006048      0x1e8 Middlewares\ST\STM32_USB_Device_Library\Core\Src\usbd_ctlreq.o
 .text.USBD_SetAddress
                0x08006230       0x7c Middlewares\ST\STM32_USB_Device_Library\Core\Src\usbd_ctlreq.o
 .text.USBD_SetConfig
                0x080062ac      0x110 Middlewares\ST\STM32_USB_Device_Library\Core\Src\usbd_ctlreq.o
 .text.USBD_GetConfig
                0x080063bc       0x64 Middlewares\ST\STM32_USB_Device_Library\Core\Src\usbd_ctlreq.o
 .text.USBD_GetStatus
                0x08006420       0x54 Middlewares\ST\STM32_USB_Device_Library\Core\Src\usbd_ctlreq.o
 .text.USBD_SetFeature
                0x08006474       0x36 Middlewares\ST\STM32_USB_Device_Library\Core\Src\usbd_ctlreq.o
 .text.USBD_ClrFeature
                0x080064aa       0x50 Middlewares\ST\STM32_USB_Device_Library\Core\Src\usbd_ctlreq.o
 .text.USBD_ParseSetupRequest
                0x080064fa       0x7a Middlewares\ST\STM32_USB_Device_Library\Core\Src\usbd_ctlreq.o
                0x080064fa                USBD_ParseSetupRequest
 .text.USBD_CtlError
                0x08006574       0x22 Middlewares\ST\STM32_USB_Device_Library\Core\Src\usbd_ctlreq.o
                0x08006574                USBD_CtlError
 .text.USBD_GetString
                0x08006596       0x86 Middlewares\ST\STM32_USB_Device_Library\Core\Src\usbd_ctlreq.o
                0x08006596                USBD_GetString
 .text.USBD_GetLen
                0x0800661c       0x30 Middlewares\ST\STM32_USB_Device_Library\Core\Src\usbd_ctlreq.o
 .text.USBD_CtlSendData
                0x0800664c       0x38 Middlewares\ST\STM32_USB_Device_Library\Core\Src\usbd_ioreq.o
                0x0800664c                USBD_CtlSendData
 .text.USBD_CtlContinueSendData
                0x08006684       0x24 Middlewares\ST\STM32_USB_Device_Library\Core\Src\usbd_ioreq.o
                0x08006684                USBD_CtlContinueSendData
 .text.USBD_CtlPrepareRx
                0x080066a8       0x3c Middlewares\ST\STM32_USB_Device_Library\Core\Src\usbd_ioreq.o
                0x080066a8                USBD_CtlPrepareRx
 .text.USBD_CtlContinueRx
                0x080066e4       0x24 Middlewares\ST\STM32_USB_Device_Library\Core\Src\usbd_ioreq.o
                0x080066e4                USBD_CtlContinueRx
 .text.USBD_CtlSendStatus
                0x08006708       0x26 Middlewares\ST\STM32_USB_Device_Library\Core\Src\usbd_ioreq.o
                0x08006708                USBD_CtlSendStatus
 .text.USBD_CtlReceiveStatus
                0x0800672e       0x26 Middlewares\ST\STM32_USB_Device_Library\Core\Src\usbd_ioreq.o
                0x0800672e                USBD_CtlReceiveStatus
 .text.MX_GPIO_Init
                0x08006754       0x60 Src\gpio.o
                0x08006754                MX_GPIO_Init
 .text.switch_buffers
                0x080067b4       0x44 Src\jprocess.o
                0x080067b4                switch_buffers
 .text.main     0x080067f8       0x16 Src\main.o
                0x080067f8                main
 *fill*         0x0800680e        0x2 
 .text.SystemClock_Config
                0x08006810      0x134 Src\main.o
                0x08006810                SystemClock_Config
 .text._Error_Handler
                0x08006944        0xc Src\main.o
                0x08006944                _Error_Handler
 .text.assert_failed
                0x08006950       0x16 Src\main.o
                0x08006950                assert_failed
 .text.HAL_MspInit
                0x08006966       0x62 Src\stm32f7xx_hal_msp.o
                0x08006966                HAL_MspInit
 .text.NMI_Handler
                0x080069c8        0xe Src\stm32f7xx_it.o
                0x080069c8                NMI_Handler
 .text.HardFault_Handler
                0x080069d6        0x6 Src\stm32f7xx_it.o
                0x080069d6                HardFault_Handler
 .text.MemManage_Handler
                0x080069dc        0x6 Src\stm32f7xx_it.o
                0x080069dc                MemManage_Handler
 .text.BusFault_Handler
                0x080069e2        0x6 Src\stm32f7xx_it.o
                0x080069e2                BusFault_Handler
 .text.UsageFault_Handler
                0x080069e8        0x6 Src\stm32f7xx_it.o
                0x080069e8                UsageFault_Handler
 .text.SVC_Handler
                0x080069ee        0xe Src\stm32f7xx_it.o
                0x080069ee                SVC_Handler
 .text.DebugMon_Handler
                0x080069fc        0xe Src\stm32f7xx_it.o
                0x080069fc                DebugMon_Handler
 .text.PendSV_Handler
                0x08006a0a        0xe Src\stm32f7xx_it.o
                0x08006a0a                PendSV_Handler
 .text.SysTick_Handler
                0x08006a18       0x10 Src\stm32f7xx_it.o
                0x08006a18                SysTick_Handler
 .text.OTG_FS_IRQHandler
                0x08006a28       0x14 Src\stm32f7xx_it.o
                0x08006a28                OTG_FS_IRQHandler
 .text.SystemInit
                0x08006a3c       0x6c Src\system_stm32f7xx.o
                0x08006a3c                SystemInit
 .text.MX_USB_DEVICE_Init
                0x08006aa8       0x38 Src\usb_device.o
                0x08006aa8                MX_USB_DEVICE_Init
 .text.HAL_PCD_MspInit
                0x08006ae0       0xa0 Src\usbd_conf.o
                0x08006ae0                HAL_PCD_MspInit
 .text.HAL_PCD_SetupStageCallback
                0x08006b80       0x24 Src\usbd_conf.o
                0x08006b80                HAL_PCD_SetupStageCallback
 .text.HAL_PCD_DataOutStageCallback
                0x08006ba4       0x36 Src\usbd_conf.o
                0x08006ba4                HAL_PCD_DataOutStageCallback
 .text.HAL_PCD_DataInStageCallback
                0x08006bda       0x34 Src\usbd_conf.o
                0x08006bda                HAL_PCD_DataInStageCallback
 .text.HAL_PCD_SOFCallback
                0x08006c0e       0x1c Src\usbd_conf.o
                0x08006c0e                HAL_PCD_SOFCallback
 .text.HAL_PCD_ResetCallback
                0x08006c2a       0x50 Src\usbd_conf.o
                0x08006c2a                HAL_PCD_ResetCallback
 *fill*         0x08006c7a        0x2 
 .text.HAL_PCD_SuspendCallback
                0x08006c7c       0x50 Src\usbd_conf.o
                0x08006c7c                HAL_PCD_SuspendCallback
 .text.HAL_PCD_ResumeCallback
                0x08006ccc       0x1c Src\usbd_conf.o
                0x08006ccc                HAL_PCD_ResumeCallback
 .text.HAL_PCD_ISOOUTIncompleteCallback
                0x08006ce8       0x24 Src\usbd_conf.o
                0x08006ce8                HAL_PCD_ISOOUTIncompleteCallback
 .text.HAL_PCD_ISOINIncompleteCallback
                0x08006d0c       0x24 Src\usbd_conf.o
                0x08006d0c                HAL_PCD_ISOINIncompleteCallback
 .text.HAL_PCD_ConnectCallback
                0x08006d30       0x1c Src\usbd_conf.o
                0x08006d30                HAL_PCD_ConnectCallback
 .text.HAL_PCD_DisconnectCallback
                0x08006d4c       0x1c Src\usbd_conf.o
                0x08006d4c                HAL_PCD_DisconnectCallback
 .text.USBD_LL_Init
                0x08006d68       0xa8 Src\usbd_conf.o
                0x08006d68                USBD_LL_Init
 .text.USBD_LL_Start
                0x08006e10       0x64 Src\usbd_conf.o
                0x08006e10                USBD_LL_Start
 .text.USBD_LL_OpenEP
                0x08006e74       0x7c Src\usbd_conf.o
                0x08006e74                USBD_LL_OpenEP
 .text.USBD_LL_StallEP
                0x08006ef0       0x6c Src\usbd_conf.o
                0x08006ef0                USBD_LL_StallEP
 .text.USBD_LL_ClearStallEP
                0x08006f5c       0x6c Src\usbd_conf.o
                0x08006f5c                USBD_LL_ClearStallEP
 .text.USBD_LL_IsStallEP
                0x08006fc8       0x58 Src\usbd_conf.o
                0x08006fc8                USBD_LL_IsStallEP
 .text.USBD_LL_SetUSBAddress
                0x08007020       0x6c Src\usbd_conf.o
                0x08007020                USBD_LL_SetUSBAddress
 .text.USBD_LL_Transmit
                0x0800708c       0x74 Src\usbd_conf.o
                0x0800708c                USBD_LL_Transmit
 .text.USBD_LL_PrepareReceive
                0x08007100       0x74 Src\usbd_conf.o
                0x08007100                USBD_LL_PrepareReceive
 .text.USBD_FS_DeviceDescriptor
                0x08007174       0x24 Src\usbd_desc.o
                0x08007174                USBD_FS_DeviceDescriptor
 .text.USBD_FS_LangIDStrDescriptor
                0x08007198       0x24 Src\usbd_desc.o
                0x08007198                USBD_FS_LangIDStrDescriptor
 .text.USBD_FS_ProductStrDescriptor
                0x080071bc       0x3c Src\usbd_desc.o
                0x080071bc                USBD_FS_ProductStrDescriptor
 .text.USBD_FS_ManufacturerStrDescriptor
                0x080071f8       0x28 Src\usbd_desc.o
                0x080071f8                USBD_FS_ManufacturerStrDescriptor
 .text.USBD_FS_SerialStrDescriptor
                0x08007220       0x3c Src\usbd_desc.o
                0x08007220                USBD_FS_SerialStrDescriptor
 .text.USBD_FS_ConfigStrDescriptor
                0x0800725c       0x3c Src\usbd_desc.o
                0x0800725c                USBD_FS_ConfigStrDescriptor
 .text.USBD_FS_InterfaceStrDescriptor
                0x08007298       0x3c Src\usbd_desc.o
                0x08007298                USBD_FS_InterfaceStrDescriptor
 .text.UVC_Init_FS
                0x080072d4       0x28 Src\usbd_uvc_if.o
 .text.UVC_DeInit_FS
                0x080072fc       0x10 Src\usbd_uvc_if.o
 .text.UVC_Control_FS
                0x0800730c       0xbc Src\usbd_uvc_if.o
 .text.UVC_Receive_FS
                0x080073c8       0x28 Src\usbd_uvc_if.o
 .text.Reset_Handler
                0x080073f0       0x50 startup\startup_stm32f765xx.o
                0x080073f0                Reset_Handler
 .text.Default_Handler
                0x08007440        0x2 startup\startup_stm32f765xx.o
                0x08007440                RTC_Alarm_IRQHandler
                0x08007440                EXTI2_IRQHandler
                0x08007440                TIM8_CC_IRQHandler
                0x08007440                UART8_IRQHandler
                0x08007440                SPI4_IRQHandler
                0x08007440                TIM1_CC_IRQHandler
                0x08007440                DMA2_Stream5_IRQHandler
                0x08007440                DMA1_Stream5_IRQHandler
                0x08007440                CAN3_RX1_IRQHandler
                0x08007440                PVD_IRQHandler
                0x08007440                TAMP_STAMP_IRQHandler
                0x08007440                CAN2_RX1_IRQHandler
                0x08007440                EXTI3_IRQHandler
                0x08007440                TIM8_TRG_COM_TIM14_IRQHandler
                0x08007440                DFSDM1_FLT1_IRQHandler
                0x08007440                TIM1_UP_TIM10_IRQHandler
                0x08007440                TIM8_UP_TIM13_IRQHandler
                0x08007440                I2C3_ER_IRQHandler
                0x08007440                DFSDM1_FLT2_IRQHandler
                0x08007440                EXTI0_IRQHandler
                0x08007440                I2C2_EV_IRQHandler
                0x08007440                DMA1_Stream2_IRQHandler
                0x08007440                CAN1_RX0_IRQHandler
                0x08007440                FPU_IRQHandler
                0x08007440                OTG_HS_WKUP_IRQHandler
                0x08007440                CAN3_SCE_IRQHandler
                0x08007440                CAN2_SCE_IRQHandler
                0x08007440                DMA2_Stream2_IRQHandler
                0x08007440                SPI1_IRQHandler
                0x08007440                TIM6_DAC_IRQHandler
                0x08007440                TIM1_BRK_TIM9_IRQHandler
                0x08007440                DCMI_IRQHandler
                0x08007440                CAN2_RX0_IRQHandler
                0x08007440                DMA2_Stream3_IRQHandler
                0x08007440                SAI2_IRQHandler
                0x08007440                DFSDM1_FLT3_IRQHandler
                0x08007440                USART6_IRQHandler
                0x08007440                CAN3_RX0_IRQHandler
                0x08007440                USART3_IRQHandler
                0x08007440                CAN1_RX1_IRQHandler
                0x08007440                UART5_IRQHandler
                0x08007440                DMA2_Stream0_IRQHandler
                0x08007440                TIM4_IRQHandler
                0x08007440                QUADSPI_IRQHandler
                0x08007440                I2C1_EV_IRQHandler
                0x08007440                DMA1_Stream6_IRQHandler
                0x08007440                DMA1_Stream1_IRQHandler
                0x08007440                UART4_IRQHandler
                0x08007440                TIM3_IRQHandler
                0x08007440                RCC_IRQHandler
                0x08007440                TIM8_BRK_TIM12_IRQHandler
                0x08007440                Default_Handler
                0x08007440                CEC_IRQHandler
                0x08007440                EXTI15_10_IRQHandler
                0x08007440                ADC_IRQHandler
                0x08007440                DMA1_Stream7_IRQHandler
                0x08007440                SPI5_IRQHandler
                0x08007440                TIM7_IRQHandler
                0x08007440                SDMMC1_IRQHandler
                0x08007440                CAN2_TX_IRQHandler
                0x08007440                TIM5_IRQHandler
                0x08007440                DMA2_Stream7_IRQHandler
                0x08007440                I2C3_EV_IRQHandler
                0x08007440                EXTI9_5_IRQHandler
                0x08007440                RTC_WKUP_IRQHandler
                0x08007440                ETH_WKUP_IRQHandler
                0x08007440                SPDIF_RX_IRQHandler
                0x08007440                SPI2_IRQHandler
                0x08007440                OTG_HS_EP1_IN_IRQHandler
                0x08007440                DMA1_Stream0_IRQHandler
                0x08007440                CAN1_TX_IRQHandler
                0x08007440                EXTI4_IRQHandler
                0x08007440                RNG_IRQHandler
                0x08007440                ETH_IRQHandler
                0x08007440                OTG_HS_EP1_OUT_IRQHandler
                0x08007440                WWDG_IRQHandler
                0x08007440                SPI6_IRQHandler
                0x08007440                MDIOS_IRQHandler
                0x08007440                I2C4_EV_IRQHandler
                0x08007440                CAN3_TX_IRQHandler
                0x08007440                TIM2_IRQHandler
                0x08007440                OTG_FS_WKUP_IRQHandler
                0x08007440                TIM1_TRG_COM_TIM11_IRQHandler
                0x08007440                OTG_HS_IRQHandler
                0x08007440                DMA2D_IRQHandler
                0x08007440                EXTI1_IRQHandler
                0x08007440                SDMMC2_IRQHandler
                0x08007440                UART7_IRQHandler
                0x08007440                USART2_IRQHandler
                0x08007440                DFSDM1_FLT0_IRQHandler
                0x08007440                I2C2_ER_IRQHandler
                0x08007440                DMA2_Stream1_IRQHandler
                0x08007440                CAN1_SCE_IRQHandler
                0x08007440                FLASH_IRQHandler
                0x08007440                DMA2_Stream4_IRQHandler
                0x08007440                USART1_IRQHandler
                0x08007440                SPI3_IRQHandler
                0x08007440                DMA1_Stream4_IRQHandler
                0x08007440                I2C1_ER_IRQHandler
                0x08007440                FMC_IRQHandler
                0x08007440                LPTIM1_IRQHandler
                0x08007440                I2C4_ER_IRQHandler
                0x08007440                DMA2_Stream6_IRQHandler
                0x08007440                SAI1_IRQHandler
                0x08007440                DMA1_Stream3_IRQHandler
 *fill*         0x08007442        0x2 
 .text.__libc_init_array
                0x08007444       0x48 c:/program files (x86)/atollic/truestudio for stm32 9.0.0/armtools/bin/../lib/gcc/arm-atollic-eabi/6.3.1/../../../../arm-atollic-eabi/lib/armv7e-m/fpu/fpv5-d16\libc_nano.a(lib_a-init.o)
                0x08007444                __libc_init_array
 *(.glue_7)
 .glue_7        0x0800748c        0x0 linker stubs
 *(.glue_7t)
 .glue_7t       0x0800748c        0x0 linker stubs
 *(.eh_frame)
 .eh_frame      0x0800748c        0x0 c:/program files (x86)/atollic/truestudio for stm32 9.0.0/armtools/bin/../lib/gcc/arm-atollic-eabi/6.3.1/armv7e-m/fpu/fpv5-d16/crtbegin.o
 *(.init)
 .init          0x0800748c        0x4 c:/program files (x86)/atollic/truestudio for stm32 9.0.0/armtools/bin/../lib/gcc/arm-atollic-eabi/6.3.1/armv7e-m/fpu/fpv5-d16/crti.o
                0x0800748c                _init
 .init          0x08007490        0x8 c:/program files (x86)/atollic/truestudio for stm32 9.0.0/armtools/bin/../lib/gcc/arm-atollic-eabi/6.3.1/armv7e-m/fpu/fpv5-d16/crtn.o
 *(.fini)
 .fini          0x08007498        0x4 c:/program files (x86)/atollic/truestudio for stm32 9.0.0/armtools/bin/../lib/gcc/arm-atollic-eabi/6.3.1/armv7e-m/fpu/fpv5-d16/crti.o
                0x08007498                _fini
 .fini          0x0800749c        0x8 c:/program files (x86)/atollic/truestudio for stm32 9.0.0/armtools/bin/../lib/gcc/arm-atollic-eabi/6.3.1/armv7e-m/fpu/fpv5-d16/crtn.o
                0x080074a4                . = ALIGN (0x4)
                0x080074a4                _etext = .

.vfp11_veneer   0x080074a4        0x0
 .vfp11_veneer  0x080074a4        0x0 linker stubs

.v4_bx          0x080074a4        0x0
 .v4_bx         0x080074a4        0x0 linker stubs

.iplt           0x080074a4        0x0
 .iplt          0x080074a4        0x0 c:/program files (x86)/atollic/truestudio for stm32 9.0.0/armtools/bin/../lib/gcc/arm-atollic-eabi/6.3.1/armv7e-m/fpu/fpv5-d16/crtbegin.o

.rodata         0x080074a4      0x1ac
                0x080074a4                . = ALIGN (0x4)
 *(.rodata)
 .rodata        0x080074a4       0x3b Drivers\STM32F7xx_HAL_Driver\Src\stm32f7xx_hal_cortex.o
 *fill*         0x080074df        0x1 
 .rodata        0x080074e0       0x39 Drivers\STM32F7xx_HAL_Driver\Src\stm32f7xx_hal_gpio.o
 *fill*         0x08007519        0x3 
 .rodata        0x0800751c       0x38 Drivers\STM32F7xx_HAL_Driver\Src\stm32f7xx_hal_pcd.o
 .rodata        0x08007554       0x38 Drivers\STM32F7xx_HAL_Driver\Src\stm32f7xx_hal_rcc.o
 .rodata        0x0800758c       0x3b Drivers\STM32F7xx_HAL_Driver\Src\stm32f7xx_hal_rcc_ex.o
 *fill*         0x080075c7        0x1 
 .rodata        0x080075c8        0xe Src\main.o
 *fill*         0x080075d6        0x2 
 .rodata        0x080075d8       0x13 Src\usbd_conf.o
 *fill*         0x080075eb        0x1 
 .rodata        0x080075ec       0x52 Src\usbd_desc.o
 *(.rodata*)
 *fill*         0x0800763e        0x2 
 .rodata.AHBPrescTable
                0x08007640       0x10 Src\system_stm32f7xx.o
                0x08007640                AHBPrescTable
                0x08007650                . = ALIGN (0x4)

.ARM.extab
 *(.ARM.extab* .gnu.linkonce.armextab.*)

.ARM            0x08007650        0x8
                0x08007650                __exidx_start = .
 *(.ARM.exidx*)
 .ARM.exidx     0x08007650        0x8 c:/program files (x86)/atollic/truestudio for stm32 9.0.0/armtools/bin/../lib/gcc/arm-atollic-eabi/6.3.1/armv7e-m/fpu/fpv5-d16\libgcc.a(_udivmoddi4.o)
                0x08007658                __exidx_end = .

.rel.dyn        0x08007658        0x0
 .rel.iplt      0x08007658        0x0 c:/program files (x86)/atollic/truestudio for stm32 9.0.0/armtools/bin/../lib/gcc/arm-atollic-eabi/6.3.1/armv7e-m/fpu/fpv5-d16/crtbegin.o

.preinit_array  0x08007658        0x0
                0x08007658                PROVIDE (__preinit_array_start, .)
 *(.preinit_array*)
                0x08007658                PROVIDE (__preinit_array_end, .)

.init_array     0x08007658        0x4
                0x08007658                PROVIDE (__init_array_start, .)
 *(SORT(.init_array.*))
 *(.init_array*)
 .init_array    0x08007658        0x4 c:/program files (x86)/atollic/truestudio for stm32 9.0.0/armtools/bin/../lib/gcc/arm-atollic-eabi/6.3.1/armv7e-m/fpu/fpv5-d16/crtbegin.o
                0x0800765c                PROVIDE (__init_array_end, .)

.fini_array     0x0800765c        0x4
                [!provide]                PROVIDE (__fini_array_start, .)
 *(SORT(.fini_array.*))
 *(.fini_array*)
 .fini_array    0x0800765c        0x4 c:/program files (x86)/atollic/truestudio for stm32 9.0.0/armtools/bin/../lib/gcc/arm-atollic-eabi/6.3.1/armv7e-m/fpu/fpv5-d16/crtbegin.o
                [!provide]                PROVIDE (__fini_array_end, .)
                0x08007660                _sidata = LOADADDR (.data)

.data           0x20000000      0x188 load address 0x08007660
                0x20000000                . = ALIGN (0x4)
                0x20000000                _sdata = .
 *(.data)
 *(.data*)
 .data.uwTickPrio
                0x20000000        0x4 Drivers\STM32F7xx_HAL_Driver\Src\stm32f7xx_hal.o
                0x20000000                uwTickPrio
 .data.uwTickFreq
                0x20000004        0x1 Drivers\STM32F7xx_HAL_Driver\Src\stm32f7xx_hal.o
                0x20000004                uwTickFreq
 *fill*         0x20000005        0x3 
 .data.videoCommitControl
                0x20000008       0x22 Middlewares\ST\STM32_USB_Device_Library\Class\UVC\Src\usb_video_core.o
                0x20000008                videoCommitControl
 *fill*         0x2000002a        0x2 
 .data.videoProbeControl
                0x2000002c       0x22 Middlewares\ST\STM32_USB_Device_Library\Class\UVC\Src\usb_video_core.o
                0x2000002c                videoProbeControl
 *fill*         0x2000004e        0x2 
 .data.VIDEO_cb
                0x20000050       0x3c Middlewares\ST\STM32_USB_Device_Library\Class\UVC\Src\usb_video_core.o
                0x20000050                VIDEO_cb
 .data.usbd_video_CfgDesc
                0x2000008c       0x9f Middlewares\ST\STM32_USB_Device_Library\Class\UVC\Src\usb_video_core.o
 *fill*         0x2000012b        0x1 
 .data.packets_cnt.10116
                0x2000012c        0x2 Middlewares\ST\STM32_USB_Device_Library\Class\UVC\Src\usb_video_core.o
 *fill*         0x2000012e        0x2 
 .data.header.10117
                0x20000130        0x2 Middlewares\ST\STM32_USB_Device_Library\Class\UVC\Src\usb_video_core.o
 .data.packets_in_frame.10120
                0x20000132        0x2 Middlewares\ST\STM32_USB_Device_Library\Class\UVC\Src\usb_video_core.o
 .data.write_pointer
                0x20000134        0x4 Src\jprocess.o
                0x20000134                write_pointer
 .data.read_pointer
                0x20000138        0x4 Src\jprocess.o
                0x20000138                read_pointer
 .data.jpeg_encode_enabled
                0x2000013c        0x1 Src\main.o
                0x2000013c                jpeg_encode_enabled
 *fill*         0x2000013d        0x3 
 .data.SystemCoreClock
                0x20000140        0x4 Src\system_stm32f7xx.o
                0x20000140                SystemCoreClock
 .data.FS_Desc  0x20000144       0x1c Src\usbd_desc.o
                0x20000144                FS_Desc
 .data.USBD_FS_DeviceDesc
                0x20000160       0x12 Src\usbd_desc.o
                0x20000160                USBD_FS_DeviceDesc
 *fill*         0x20000172        0x2 
 .data.USBD_LangIDDesc
                0x20000174        0x4 Src\usbd_desc.o
                0x20000174                USBD_LangIDDesc
 .data.USBD_Interface_fops_FS
                0x20000178       0x10 Src\usbd_uvc_if.o
                0x20000178                USBD_Interface_fops_FS
                0x20000188                . = ALIGN (0x4)
                0x20000188                _edata = .

.igot.plt       0x20000188        0x0 load address 0x080077e8
 .igot.plt      0x20000188        0x0 c:/program files (x86)/atollic/truestudio for stm32 9.0.0/armtools/bin/../lib/gcc/arm-atollic-eabi/6.3.1/armv7e-m/fpu/fpv5-d16/crtbegin.o

.ccmram         0x20000188     0xfa00 load address 0x080077e8
 .ccmram        0x20000188     0xfa00 Src\jprocess.o
                0x20000188                outbytes0
                0x20007e88                outbytes1
                0x2000fb88                . = ALIGN (0x4)

.bss            0x2000fb88     0x1b5c load address 0x080171e8
                0x2000fb88                _sbss = .
                0x2000fb88                __bss_start__ = _sbss
 *(.bss)
 .bss           0x2000fb88       0x1c c:/program files (x86)/atollic/truestudio for stm32 9.0.0/armtools/bin/../lib/gcc/arm-atollic-eabi/6.3.1/armv7e-m/fpu/fpv5-d16/crtbegin.o
 *(.bss*)
 .bss.usbd_video_AltSet
                0x2000fba4        0x4 Middlewares\ST\STM32_USB_Device_Library\Class\UVC\Src\usb_video_core.o
 .bss.play_status
                0x2000fba8        0x1 Middlewares\ST\STM32_USB_Device_Library\Class\UVC\Src\usb_video_core.o
                0x2000fba8                play_status
 .bss.tx_enable_flag.10123
                0x2000fba9        0x1 Middlewares\ST\STM32_USB_Device_Library\Class\UVC\Src\usb_video_core.o
 *fill*         0x2000fbaa        0x2 
 .bss.picture_pos.10119
                0x2000fbac        0x4 Middlewares\ST\STM32_USB_Device_Library\Class\UVC\Src\usb_video_core.o
 .bss.last_packet_size.10121
                0x2000fbb0        0x2 Middlewares\ST\STM32_USB_Device_Library\Class\UVC\Src\usb_video_core.o
 *fill*         0x2000fbb2        0x2 
 .bss.packet.10122
                0x2000fbb4      0x302 Middlewares\ST\STM32_USB_Device_Library\Class\UVC\Src\usb_video_core.o
 .bss.cfgidx.10055
                0x2000feb6        0x1 Middlewares\ST\STM32_USB_Device_Library\Core\Src\usbd_ctlreq.o
 *fill*         0x2000feb7        0x1 
 .bss.last_jpeg_frame_size
                0x2000feb8        0x2 Src\main.o
                0x2000feb8                last_jpeg_frame_size
 .bss.jpeg_encode_done
                0x2000feba        0x1 Src\main.o
                0x2000feba                jpeg_encode_done
 *(COMMON)
 *fill*         0x2000febb        0x1 
 COMMON         0x2000febc        0x4 Drivers\STM32F7xx_HAL_Driver\Src\stm32f7xx_hal.o
                0x2000febc                uwTick
 COMMON         0x2000fec0      0x224 Src\usb_device.o
                0x2000fec0                hUsbDeviceFS
 COMMON         0x200100e4      0x400 Src\usbd_conf.o
                0x200100e4                hpcd_USB_OTG_FS
 COMMON         0x200104e4      0x200 Src\usbd_desc.o
                0x200104e4                USBD_StrDesc
 COMMON         0x200106e4     0x1000 Src\usbd_uvc_if.o
                0x200106e4                UserRxBufferFS
                0x20010ee4                UserTxBufferFS
                0x200116e4                . = ALIGN (0x4)
                0x200116e4                _ebss = .
                0x200116e4                __bss_end__ = _ebss

._user_heap_stack
                0x200116e4      0x600 load address 0x080171e8
                0x200116e4                . = ALIGN (0x4)
                0x200116e4                PROVIDE (end, .)
                [!provide]                PROVIDE (_end, .)
                0x200118e4                . = (. + _Min_Heap_Size)
 *fill*         0x200116e4      0x200 
                0x20011ce4                . = (. + _Min_Stack_Size)
 *fill*         0x200118e4      0x400 
                0x20011ce4                . = ALIGN (0x4)

/DISCARD/
 libc.a(*)
 libm.a(*)
 libgcc.a(*)

.ARM.attributes
                0x00000000       0x2e
 *(.ARM.attributes)
 .ARM.attributes
                0x00000000       0x20 c:/program files (x86)/atollic/truestudio for stm32 9.0.0/armtools/bin/../lib/gcc/arm-atollic-eabi/6.3.1/armv7e-m/fpu/fpv5-d16/crti.o
 .ARM.attributes
                0x00000020       0x32 c:/program files (x86)/atollic/truestudio for stm32 9.0.0/armtools/bin/../lib/gcc/arm-atollic-eabi/6.3.1/armv7e-m/fpu/fpv5-d16/crtbegin.o
 .ARM.attributes
                0x00000052       0x37 Drivers\STM32F7xx_HAL_Driver\Src\stm32f7xx_hal.o
 .ARM.attributes
                0x00000089       0x37 Drivers\STM32F7xx_HAL_Driver\Src\stm32f7xx_hal_cortex.o
 .ARM.attributes
                0x000000c0       0x37 Drivers\STM32F7xx_HAL_Driver\Src\stm32f7xx_hal_gpio.o
 .ARM.attributes
                0x000000f7       0x37 Drivers\STM32F7xx_HAL_Driver\Src\stm32f7xx_hal_pcd.o
 .ARM.attributes
                0x0000012e       0x37 Drivers\STM32F7xx_HAL_Driver\Src\stm32f7xx_hal_pcd_ex.o
 .ARM.attributes
                0x00000165       0x37 Drivers\STM32F7xx_HAL_Driver\Src\stm32f7xx_hal_pwr_ex.o
 .ARM.attributes
                0x0000019c       0x37 Drivers\STM32F7xx_HAL_Driver\Src\stm32f7xx_hal_rcc.o
 .ARM.attributes
                0x000001d3       0x37 Drivers\STM32F7xx_HAL_Driver\Src\stm32f7xx_hal_rcc_ex.o
 .ARM.attributes
                0x0000020a       0x37 Drivers\STM32F7xx_HAL_Driver\Src\stm32f7xx_ll_usb.o
 .ARM.attributes
                0x00000241       0x37 Middlewares\ST\STM32_USB_Device_Library\Class\UVC\Src\usb_video_core.o
 .ARM.attributes
                0x00000278       0x37 Middlewares\ST\STM32_USB_Device_Library\Class\UVC\Src\usbd_uvc.o
 .ARM.attributes
                0x000002af       0x37 Middlewares\ST\STM32_USB_Device_Library\Core\Src\usbd_core.o
 .ARM.attributes
                0x000002e6       0x37 Middlewares\ST\STM32_USB_Device_Library\Core\Src\usbd_ctlreq.o
 .ARM.attributes
                0x0000031d       0x37 Middlewares\ST\STM32_USB_Device_Library\Core\Src\usbd_ioreq.o
 .ARM.attributes
                0x00000354       0x37 Src\gpio.o
 .ARM.attributes
                0x0000038b       0x37 Src\jprocess.o
 .ARM.attributes
                0x000003c2       0x37 Src\main.o
 .ARM.attributes
                0x000003f9       0x37 Src\stm32f7xx_hal_msp.o
 .ARM.attributes
                0x00000430       0x37 Src\stm32f7xx_it.o
 .ARM.attributes
                0x00000467       0x37 Src\system_stm32f7xx.o
 .ARM.attributes
                0x0000049e       0x37 Src\usb_device.o
 .ARM.attributes
                0x000004d5       0x37 Src\usbd_conf.o
 .ARM.attributes
                0x0000050c       0x37 Src\usbd_desc.o
 .ARM.attributes
                0x00000543       0x37 Src\usbd_uvc_if.o
 .ARM.attributes
                0x0000057a       0x21 startup\startup_stm32f765xx.o
 .ARM.attributes
                0x0000059b       0x32 c:/program files (x86)/atollic/truestudio for stm32 9.0.0/armtools/bin/../lib/gcc/arm-atollic-eabi/6.3.1/../../../../arm-atollic-eabi/lib/armv7e-m/fpu/fpv5-d16\libc_nano.a(lib_a-init.o)
 .ARM.attributes
                0x000005cd       0x20 c:/program files (x86)/atollic/truestudio for stm32 9.0.0/armtools/bin/../lib/gcc/arm-atollic-eabi/6.3.1/armv7e-m/fpu/fpv5-d16\libgcc.a(_aeabi_uldivmod.o)
 .ARM.attributes
                0x000005ed       0x32 c:/program files (x86)/atollic/truestudio for stm32 9.0.0/armtools/bin/../lib/gcc/arm-atollic-eabi/6.3.1/armv7e-m/fpu/fpv5-d16\libgcc.a(_udivmoddi4.o)
 .ARM.attributes
                0x0000061f       0x20 c:/program files (x86)/atollic/truestudio for stm32 9.0.0/armtools/bin/../lib/gcc/arm-atollic-eabi/6.3.1/armv7e-m/fpu/fpv5-d16\libgcc.a(_dvmd_tls.o)
 .ARM.attributes
                0x0000063f       0x20 c:/program files (x86)/atollic/truestudio for stm32 9.0.0/armtools/bin/../lib/gcc/arm-atollic-eabi/6.3.1/armv7e-m/fpu/fpv5-d16/crtn.o
OUTPUT(cube_jun17_attempt.elf elf32-littlearm)

.debug_info     0x00000000    0x1aa3e
 .debug_info    0x00000000     0x1222 Drivers\STM32F7xx_HAL_Driver\Src\stm32f7xx_hal.o
 .debug_info    0x00001222     0x184a Drivers\STM32F7xx_HAL_Driver\Src\stm32f7xx_hal_cortex.o
 .debug_info    0x00002a6c      0xfaa Drivers\STM32F7xx_HAL_Driver\Src\stm32f7xx_hal_gpio.o
 .debug_info    0x00003a16     0x180d Drivers\STM32F7xx_HAL_Driver\Src\stm32f7xx_hal_pcd.o
 .debug_info    0x00005223      0xf75 Drivers\STM32F7xx_HAL_Driver\Src\stm32f7xx_hal_pcd_ex.o
 .debug_info    0x00006198     0x1167 Drivers\STM32F7xx_HAL_Driver\Src\stm32f7xx_hal_pwr_ex.o
 .debug_info    0x000072ff     0x1148 Drivers\STM32F7xx_HAL_Driver\Src\stm32f7xx_hal_rcc.o
 .debug_info    0x00008447      0xf92 Drivers\STM32F7xx_HAL_Driver\Src\stm32f7xx_hal_rcc_ex.o
 .debug_info    0x000093d9     0x1cd2 Drivers\STM32F7xx_HAL_Driver\Src\stm32f7xx_ll_usb.o
 .debug_info    0x0000b0ab     0x12b3 Middlewares\ST\STM32_USB_Device_Library\Class\UVC\Src\usb_video_core.o
 .debug_info    0x0000c35e     0x12db Middlewares\ST\STM32_USB_Device_Library\Class\UVC\Src\usbd_uvc.o
 .debug_info    0x0000d639     0x1175 Middlewares\ST\STM32_USB_Device_Library\Core\Src\usbd_core.o
 .debug_info    0x0000e7ae     0x10d3 Middlewares\ST\STM32_USB_Device_Library\Core\Src\usbd_ctlreq.o
 .debug_info    0x0000f881      0xed3 Middlewares\ST\STM32_USB_Device_Library\Core\Src\usbd_ioreq.o
 .debug_info    0x00010754      0xb68 Src\gpio.o
 .debug_info    0x000112bc      0xb11 Src\jprocess.o
 .debug_info    0x00011dcd     0x1662 Src\main.o
 .debug_info    0x0001342f      0xbf3 Src\stm32f7xx_hal_msp.o
 .debug_info    0x00014022      0xe80 Src\stm32f7xx_it.o
 .debug_info    0x00014ea2      0xf00 Src\system_stm32f7xx.o
 .debug_info    0x00015da2      0xe0e Src\usb_device.o
 .debug_info    0x00016bb0     0x2207 Src\usbd_conf.o
 .debug_info    0x00018db7      0xc10 Src\usbd_desc.o
 .debug_info    0x000199c7      0xfdb Src\usbd_uvc_if.o
 .debug_info    0x0001a9a2       0x9c startup\startup_stm32f765xx.o

.debug_abbrev   0x00000000     0x37b0
 .debug_abbrev  0x00000000      0x282 Drivers\STM32F7xx_HAL_Driver\Src\stm32f7xx_hal.o
 .debug_abbrev  0x00000282      0x371 Drivers\STM32F7xx_HAL_Driver\Src\stm32f7xx_hal_cortex.o
 .debug_abbrev  0x000005f3      0x24c Drivers\STM32F7xx_HAL_Driver\Src\stm32f7xx_hal_gpio.o
 .debug_abbrev  0x0000083f      0x2de Drivers\STM32F7xx_HAL_Driver\Src\stm32f7xx_hal_pcd.o
 .debug_abbrev  0x00000b1d      0x23c Drivers\STM32F7xx_HAL_Driver\Src\stm32f7xx_hal_pcd_ex.o
 .debug_abbrev  0x00000d59      0x28b Drivers\STM32F7xx_HAL_Driver\Src\stm32f7xx_hal_pwr_ex.o
 .debug_abbrev  0x00000fe4      0x2eb Drivers\STM32F7xx_HAL_Driver\Src\stm32f7xx_hal_rcc.o
 .debug_abbrev  0x000012cf      0x23f Drivers\STM32F7xx_HAL_Driver\Src\stm32f7xx_hal_rcc_ex.o
 .debug_abbrev  0x0000150e      0x2c8 Drivers\STM32F7xx_HAL_Driver\Src\stm32f7xx_ll_usb.o
 .debug_abbrev  0x000017d6      0x26d Middlewares\ST\STM32_USB_Device_Library\Class\UVC\Src\usb_video_core.o
 .debug_abbrev  0x00001a43      0x28c Middlewares\ST\STM32_USB_Device_Library\Class\UVC\Src\usbd_uvc.o
 .debug_abbrev  0x00001ccf      0x25c Middlewares\ST\STM32_USB_Device_Library\Core\Src\usbd_core.o
 .debug_abbrev  0x00001f2b      0x28c Middlewares\ST\STM32_USB_Device_Library\Core\Src\usbd_ctlreq.o
 .debug_abbrev  0x000021b7      0x1cc Middlewares\ST\STM32_USB_Device_Library\Core\Src\usbd_ioreq.o
 .debug_abbrev  0x00002383      0x1a8 Src\gpio.o
 .debug_abbrev  0x0000252b      0x24b Src\jprocess.o
 .debug_abbrev  0x00002776      0x21f Src\main.o
 .debug_abbrev  0x00002995      0x199 Src\stm32f7xx_hal_msp.o
 .debug_abbrev  0x00002b2e      0x1d1 Src\stm32f7xx_it.o
 .debug_abbrev  0x00002cff      0x1e6 Src\system_stm32f7xx.o
 .debug_abbrev  0x00002ee5      0x1a6 Src\usb_device.o
 .debug_abbrev  0x0000308b      0x291 Src\usbd_conf.o
 .debug_abbrev  0x0000331c      0x211 Src\usbd_desc.o
 .debug_abbrev  0x0000352d      0x271 Src\usbd_uvc_if.o
 .debug_abbrev  0x0000379e       0x12 startup\startup_stm32f765xx.o

.debug_aranges  0x00000000      0xc80
 .debug_aranges
                0x00000000      0x110 Drivers\STM32F7xx_HAL_Driver\Src\stm32f7xx_hal.o
 .debug_aranges
                0x00000110      0x118 Drivers\STM32F7xx_HAL_Driver\Src\stm32f7xx_hal_cortex.o
 .debug_aranges
                0x00000228       0x58 Drivers\STM32F7xx_HAL_Driver\Src\stm32f7xx_hal_gpio.o
 .debug_aranges
                0x00000280      0x120 Drivers\STM32F7xx_HAL_Driver\Src\stm32f7xx_hal_pcd.o
 .debug_aranges
                0x000003a0       0x40 Drivers\STM32F7xx_HAL_Driver\Src\stm32f7xx_hal_pcd_ex.o
 .debug_aranges
                0x000003e0       0x80 Drivers\STM32F7xx_HAL_Driver\Src\stm32f7xx_hal_pwr_ex.o
 .debug_aranges
                0x00000460       0x88 Drivers\STM32F7xx_HAL_Driver\Src\stm32f7xx_hal_rcc.o
 .debug_aranges
                0x000004e8       0x50 Drivers\STM32F7xx_HAL_Driver\Src\stm32f7xx_hal_rcc_ex.o
 .debug_aranges
                0x00000538      0x180 Drivers\STM32F7xx_HAL_Driver\Src\stm32f7xx_ll_usb.o
 .debug_aranges
                0x000006b8       0x78 Middlewares\ST\STM32_USB_Device_Library\Class\UVC\Src\usb_video_core.o
 .debug_aranges
                0x00000730       0x90 Middlewares\ST\STM32_USB_Device_Library\Class\UVC\Src\usbd_uvc.o
 .debug_aranges
                0x000007c0       0xb8 Middlewares\ST\STM32_USB_Device_Library\Core\Src\usbd_core.o
 .debug_aranges
                0x00000878       0x88 Middlewares\ST\STM32_USB_Device_Library\Core\Src\usbd_ctlreq.o
 .debug_aranges
                0x00000900       0x50 Middlewares\ST\STM32_USB_Device_Library\Core\Src\usbd_ioreq.o
 .debug_aranges
                0x00000950       0x20 Src\gpio.o
 .debug_aranges
                0x00000970       0x58 Src\jprocess.o
 .debug_aranges
                0x000009c8       0x38 Src\main.o
 .debug_aranges
                0x00000a00       0x20 Src\stm32f7xx_hal_msp.o
 .debug_aranges
                0x00000a20       0x68 Src\stm32f7xx_it.o
 .debug_aranges
                0x00000a88       0x28 Src\system_stm32f7xx.o
 .debug_aranges
                0x00000ab0       0x20 Src\usb_device.o
 .debug_aranges
                0x00000ad0       0xf8 Src\usbd_conf.o
 .debug_aranges
                0x00000bc8       0x50 Src\usbd_desc.o
 .debug_aranges
                0x00000c18       0x40 Src\usbd_uvc_if.o
 .debug_aranges
                0x00000c58       0x28 startup\startup_stm32f765xx.o

.debug_ranges   0x00000000      0xb28
 .debug_ranges  0x00000000      0x100 Drivers\STM32F7xx_HAL_Driver\Src\stm32f7xx_hal.o
 .debug_ranges  0x00000100      0x108 Drivers\STM32F7xx_HAL_Driver\Src\stm32f7xx_hal_cortex.o
 .debug_ranges  0x00000208       0x48 Drivers\STM32F7xx_HAL_Driver\Src\stm32f7xx_hal_gpio.o
 .debug_ranges  0x00000250      0x110 Drivers\STM32F7xx_HAL_Driver\Src\stm32f7xx_hal_pcd.o
 .debug_ranges  0x00000360       0x30 Drivers\STM32F7xx_HAL_Driver\Src\stm32f7xx_hal_pcd_ex.o
 .debug_ranges  0x00000390       0x70 Drivers\STM32F7xx_HAL_Driver\Src\stm32f7xx_hal_pwr_ex.o
 .debug_ranges  0x00000400       0x78 Drivers\STM32F7xx_HAL_Driver\Src\stm32f7xx_hal_rcc.o
 .debug_ranges  0x00000478       0x40 Drivers\STM32F7xx_HAL_Driver\Src\stm32f7xx_hal_rcc_ex.o
 .debug_ranges  0x000004b8      0x170 Drivers\STM32F7xx_HAL_Driver\Src\stm32f7xx_ll_usb.o
 .debug_ranges  0x00000628       0x68 Middlewares\ST\STM32_USB_Device_Library\Class\UVC\Src\usb_video_core.o
 .debug_ranges  0x00000690       0x80 Middlewares\ST\STM32_USB_Device_Library\Class\UVC\Src\usbd_uvc.o
 .debug_ranges  0x00000710       0xa8 Middlewares\ST\STM32_USB_Device_Library\Core\Src\usbd_core.o
 .debug_ranges  0x000007b8       0x78 Middlewares\ST\STM32_USB_Device_Library\Core\Src\usbd_ctlreq.o
 .debug_ranges  0x00000830       0x40 Middlewares\ST\STM32_USB_Device_Library\Core\Src\usbd_ioreq.o
 .debug_ranges  0x00000870       0x10 Src\gpio.o
 .debug_ranges  0x00000880       0x78 Src\jprocess.o
 .debug_ranges  0x000008f8       0x28 Src\main.o
 .debug_ranges  0x00000920       0x10 Src\stm32f7xx_hal_msp.o
 .debug_ranges  0x00000930       0x58 Src\stm32f7xx_it.o
 .debug_ranges  0x00000988       0x18 Src\system_stm32f7xx.o
 .debug_ranges  0x000009a0       0x10 Src\usb_device.o
 .debug_ranges  0x000009b0       0xe8 Src\usbd_conf.o
 .debug_ranges  0x00000a98       0x40 Src\usbd_desc.o
 .debug_ranges  0x00000ad8       0x30 Src\usbd_uvc_if.o
 .debug_ranges  0x00000b08       0x20 startup\startup_stm32f765xx.o

.debug_line     0x00000000     0x785b
 .debug_line    0x00000000      0x4fd Drivers\STM32F7xx_HAL_Driver\Src\stm32f7xx_hal.o
 .debug_line    0x000004fd      0x782 Drivers\STM32F7xx_HAL_Driver\Src\stm32f7xx_hal_cortex.o
 .debug_line    0x00000c7f      0x706 Drivers\STM32F7xx_HAL_Driver\Src\stm32f7xx_hal_gpio.o
 .debug_line    0x00001385      0x83f Drivers\STM32F7xx_HAL_Driver\Src\stm32f7xx_hal_pcd.o
 .debug_line    0x00001bc4      0x361 Drivers\STM32F7xx_HAL_Driver\Src\stm32f7xx_hal_pcd_ex.o
 .debug_line    0x00001f25      0x42c Drivers\STM32F7xx_HAL_Driver\Src\stm32f7xx_hal_pwr_ex.o
 .debug_line    0x00002351      0x776 Drivers\STM32F7xx_HAL_Driver\Src\stm32f7xx_hal_rcc.o
 .debug_line    0x00002ac7      0x8e3 Drivers\STM32F7xx_HAL_Driver\Src\stm32f7xx_hal_rcc_ex.o
 .debug_line    0x000033aa      0x916 Drivers\STM32F7xx_HAL_Driver\Src\stm32f7xx_ll_usb.o
 .debug_line    0x00003cc0      0x4b3 Middlewares\ST\STM32_USB_Device_Library\Class\UVC\Src\usb_video_core.o
 .debug_line    0x00004173      0x4e7 Middlewares\ST\STM32_USB_Device_Library\Class\UVC\Src\usbd_uvc.o
 .debug_line    0x0000465a      0x4eb Middlewares\ST\STM32_USB_Device_Library\Core\Src\usbd_core.o
 .debug_line    0x00004b45      0x53c Middlewares\ST\STM32_USB_Device_Library\Core\Src\usbd_ctlreq.o
 .debug_line    0x00005081      0x37d Middlewares\ST\STM32_USB_Device_Library\Core\Src\usbd_ioreq.o
 .debug_line    0x000053fe      0x239 Src\gpio.o
 .debug_line    0x00005637      0x553 Src\jprocess.o
 .debug_line    0x00005b8a      0x3be Src\main.o
 .debug_line    0x00005f48      0x24a Src\stm32f7xx_hal_msp.o
 .debug_line    0x00006192      0x351 Src\stm32f7xx_it.o
 .debug_line    0x000064e3      0x26e Src\system_stm32f7xx.o
 .debug_line    0x00006751      0x36c Src\usb_device.o
 .debug_line    0x00006abd      0x62b Src\usbd_conf.o
 .debug_line    0x000070e8      0x366 Src\usbd_desc.o
 .debug_line    0x0000744e      0x38e Src\usbd_uvc_if.o
 .debug_line    0x000077dc       0x7f startup\startup_stm32f765xx.o

.debug_str      0x00000000     0x431c
 .debug_str     0x00000000     0x10bb Drivers\STM32F7xx_HAL_Driver\Src\stm32f7xx_hal.o
                               0x1168 (size before relaxing)
 .debug_str     0x000010bb      0x4ea Drivers\STM32F7xx_HAL_Driver\Src\stm32f7xx_hal_cortex.o
                               0x12c4 (size before relaxing)
 .debug_str     0x000015a5      0x1a1 Drivers\STM32F7xx_HAL_Driver\Src\stm32f7xx_hal_gpio.o
                                0x9a5 (size before relaxing)
 .debug_str     0x00001746      0x889 Drivers\STM32F7xx_HAL_Driver\Src\stm32f7xx_hal_pcd.o
                                0xf4a (size before relaxing)
 .debug_str     0x00001fcf       0xd9 Drivers\STM32F7xx_HAL_Driver\Src\stm32f7xx_hal_pcd_ex.o
                                0xb44 (size before relaxing)
 .debug_str     0x000020a8      0x21a Drivers\STM32F7xx_HAL_Driver\Src\stm32f7xx_hal_pwr_ex.o
                                0xaf4 (size before relaxing)
 .debug_str     0x000022c2      0x30c Drivers\STM32F7xx_HAL_Driver\Src\stm32f7xx_hal_rcc.o
                                0xb65 (size before relaxing)
 .debug_str     0x000025ce      0x3fb Drivers\STM32F7xx_HAL_Driver\Src\stm32f7xx_hal_rcc_ex.o
                                0xbd5 (size before relaxing)
 .debug_str     0x000029c9      0x5c5 Drivers\STM32F7xx_HAL_Driver\Src\stm32f7xx_ll_usb.o
                               0x1076 (size before relaxing)
 .debug_str     0x00002f8e      0x675 Middlewares\ST\STM32_USB_Device_Library\Class\UVC\Src\usb_video_core.o
                                0xd8b (size before relaxing)
 .debug_str     0x00003603      0x280 Middlewares\ST\STM32_USB_Device_Library\Class\UVC\Src\usbd_uvc.o
                                0xcd2 (size before relaxing)
 .debug_str     0x00003883      0x1c1 Middlewares\ST\STM32_USB_Device_Library\Core\Src\usbd_core.o
                                0xbda (size before relaxing)
 .debug_str     0x00003a44      0x126 Middlewares\ST\STM32_USB_Device_Library\Core\Src\usbd_ctlreq.o
                                0xb60 (size before relaxing)
 .debug_str     0x00003b6a       0xc9 Middlewares\ST\STM32_USB_Device_Library\Core\Src\usbd_ioreq.o
                                0xae8 (size before relaxing)
 .debug_str     0x00003c33       0x1b Src\gpio.o
                                0x781 (size before relaxing)
 .debug_str     0x00003c4e      0x23f Src\jprocess.o
                                0x41b (size before relaxing)
 .debug_str     0x00003e8d       0x69 Src\main.o
                               0x15bb (size before relaxing)
 .debug_str     0x00003ef6       0x1b Src\stm32f7xx_hal_msp.o
                                0xc8b (size before relaxing)
 .debug_str     0x00003f11       0xc8 Src\stm32f7xx_it.o
                                0xac8 (size before relaxing)
 .debug_str     0x00003fd9       0x45 Src\system_stm32f7xx.o
                                0x8d2 (size before relaxing)
 .debug_str     0x0000401e       0x3e Src\usb_device.o
                                0xa85 (size before relaxing)
 .debug_str     0x0000405c      0x132 Src\usbd_conf.o
                               0x196c (size before relaxing)
 .debug_str     0x0000418e      0x10e Src\usbd_desc.o
                                0x88f (size before relaxing)
 .debug_str     0x0000429c       0x80 Src\usbd_uvc_if.o
                                0xb60 (size before relaxing)

.comment        0x00000000       0x7c
 .comment       0x00000000       0x7c Drivers\STM32F7xx_HAL_Driver\Src\stm32f7xx_hal.o
                                 0x7d (size before relaxing)
 .comment       0x0000007c       0x7d Drivers\STM32F7xx_HAL_Driver\Src\stm32f7xx_hal_cortex.o
 .comment       0x0000007c       0x7d Drivers\STM32F7xx_HAL_Driver\Src\stm32f7xx_hal_gpio.o
 .comment       0x0000007c       0x7d Drivers\STM32F7xx_HAL_Driver\Src\stm32f7xx_hal_pcd.o
 .comment       0x0000007c       0x7d Drivers\STM32F7xx_HAL_Driver\Src\stm32f7xx_hal_pcd_ex.o
 .comment       0x0000007c       0x7d Drivers\STM32F7xx_HAL_Driver\Src\stm32f7xx_hal_pwr_ex.o
 .comment       0x0000007c       0x7d Drivers\STM32F7xx_HAL_Driver\Src\stm32f7xx_hal_rcc.o
 .comment       0x0000007c       0x7d Drivers\STM32F7xx_HAL_Driver\Src\stm32f7xx_hal_rcc_ex.o
 .comment       0x0000007c       0x7d Drivers\STM32F7xx_HAL_Driver\Src\stm32f7xx_ll_usb.o
 .comment       0x0000007c       0x7d Middlewares\ST\STM32_USB_Device_Library\Class\UVC\Src\usb_video_core.o
 .comment       0x0000007c       0x7d Middlewares\ST\STM32_USB_Device_Library\Class\UVC\Src\usbd_uvc.o
 .comment       0x0000007c       0x7d Middlewares\ST\STM32_USB_Device_Library\Core\Src\usbd_core.o
 .comment       0x0000007c       0x7d Middlewares\ST\STM32_USB_Device_Library\Core\Src\usbd_ctlreq.o
 .comment       0x0000007c       0x7d Middlewares\ST\STM32_USB_Device_Library\Core\Src\usbd_ioreq.o
 .comment       0x0000007c       0x7d Src\gpio.o
 .comment       0x0000007c       0x7d Src\jprocess.o
 .comment       0x0000007c       0x7d Src\main.o
 .comment       0x0000007c       0x7d Src\stm32f7xx_hal_msp.o
 .comment       0x0000007c       0x7d Src\stm32f7xx_it.o
 .comment       0x0000007c       0x7d Src\system_stm32f7xx.o
 .comment       0x0000007c       0x7d Src\usb_device.o
 .comment       0x0000007c       0x7d Src\usbd_conf.o
 .comment       0x0000007c       0x7d Src\usbd_desc.o
 .comment       0x0000007c       0x7d Src\usbd_uvc_if.o

.debug_frame    0x00000000     0x3024
 .debug_frame   0x00000000      0x3f4 Drivers\STM32F7xx_HAL_Driver\Src\stm32f7xx_hal.o
 .debug_frame   0x000003f4      0x494 Drivers\STM32F7xx_HAL_Driver\Src\stm32f7xx_hal_cortex.o
 .debug_frame   0x00000888      0x13c Drivers\STM32F7xx_HAL_Driver\Src\stm32f7xx_hal_gpio.o
 .debug_frame   0x000009c4      0x508 Drivers\STM32F7xx_HAL_Driver\Src\stm32f7xx_hal_pcd.o
 .debug_frame   0x00000ecc       0xd8 Drivers\STM32F7xx_HAL_Driver\Src\stm32f7xx_hal_pcd_ex.o
 .debug_frame   0x00000fa4      0x1c8 Drivers\STM32F7xx_HAL_Driver\Src\stm32f7xx_hal_pwr_ex.o
 .debug_frame   0x0000116c      0x200 Drivers\STM32F7xx_HAL_Driver\Src\stm32f7xx_hal_rcc.o
 .debug_frame   0x0000136c      0x118 Drivers\STM32F7xx_HAL_Driver\Src\stm32f7xx_hal_rcc_ex.o
 .debug_frame   0x00001484      0x718 Drivers\STM32F7xx_HAL_Driver\Src\stm32f7xx_ll_usb.o
 .debug_frame   0x00001b9c      0x1d4 Middlewares\ST\STM32_USB_Device_Library\Class\UVC\Src\usb_video_core.o
 .debug_frame   0x00001d70      0x24c Middlewares\ST\STM32_USB_Device_Library\Class\UVC\Src\usbd_uvc.o
 .debug_frame   0x00001fbc      0x300 Middlewares\ST\STM32_USB_Device_Library\Core\Src\usbd_core.o
 .debug_frame   0x000022bc      0x210 Middlewares\ST\STM32_USB_Device_Library\Core\Src\usbd_ctlreq.o
 .debug_frame   0x000024cc      0x10c Middlewares\ST\STM32_USB_Device_Library\Core\Src\usbd_ioreq.o
 .debug_frame   0x000025d8       0x38 Src\gpio.o
 .debug_frame   0x00002610      0x144 Src\jprocess.o
 .debug_frame   0x00002754       0x98 Src\main.o
 .debug_frame   0x000027ec       0x2c Src\stm32f7xx_hal_msp.o
 .debug_frame   0x00002818      0x128 Src\stm32f7xx_it.o
 .debug_frame   0x00002940       0x58 Src\system_stm32f7xx.o
 .debug_frame   0x00002998       0x2c Src\usb_device.o
 .debug_frame   0x000029c4      0x404 Src\usbd_conf.o
 .debug_frame   0x00002dc8      0x114 Src\usbd_desc.o
 .debug_frame   0x00002edc       0xbc Src\usbd_uvc_if.o
 .debug_frame   0x00002f98       0x2c c:/program files (x86)/atollic/truestudio for stm32 9.0.0/armtools/bin/../lib/gcc/arm-atollic-eabi/6.3.1/../../../../arm-atollic-eabi/lib/armv7e-m/fpu/fpv5-d16\libc_nano.a(lib_a-init.o)
 .debug_frame   0x00002fc4       0x2c c:/program files (x86)/atollic/truestudio for stm32 9.0.0/armtools/bin/../lib/gcc/arm-atollic-eabi/6.3.1/armv7e-m/fpu/fpv5-d16\libgcc.a(_aeabi_uldivmod.o)
 .debug_frame   0x00002ff0       0x34 c:/program files (x86)/atollic/truestudio for stm32 9.0.0/armtools/bin/../lib/gcc/arm-atollic-eabi/6.3.1/armv7e-m/fpu/fpv5-d16\libgcc.a(_udivmoddi4.o)
