Archive member included to satisfy reference by file (symbol)

d:/program files (x86)/atollic/truestudio for stm32 9.0.0/armtools/bin/../lib/gcc/arm-atollic-eabi/6.3.1/../../../../arm-atollic-eabi/lib/armv7e-m/fpu/fpv5-d16\libc_nano.a(lib_a-init.o)
                              startup\startup_stm32f765xx.o (__libc_init_array)
d:/program files (x86)/atollic/truestudio for stm32 9.0.0/armtools/bin/../lib/gcc/arm-atollic-eabi/6.3.1/../../../../arm-atollic-eabi/lib/armv7e-m/fpu/fpv5-d16\libc_nano.a(lib_a-malloc.o)
                              Middlewares\ST\STM32_USB_Device_Library\Class\CDC\Src\usbd_cdc.o (malloc)
d:/program files (x86)/atollic/truestudio for stm32 9.0.0/armtools/bin/../lib/gcc/arm-atollic-eabi/6.3.1/../../../../arm-atollic-eabi/lib/armv7e-m/fpu/fpv5-d16\libc_nano.a(lib_a-nano-freer.o)
                              d:/program files (x86)/atollic/truestudio for stm32 9.0.0/armtools/bin/../lib/gcc/arm-atollic-eabi/6.3.1/../../../../arm-atollic-eabi/lib/armv7e-m/fpu/fpv5-d16\libc_nano.a(lib_a-malloc.o) (_free_r)
d:/program files (x86)/atollic/truestudio for stm32 9.0.0/armtools/bin/../lib/gcc/arm-atollic-eabi/6.3.1/../../../../arm-atollic-eabi/lib/armv7e-m/fpu/fpv5-d16\libc_nano.a(lib_a-nano-mallocr.o)
                              d:/program files (x86)/atollic/truestudio for stm32 9.0.0/armtools/bin/../lib/gcc/arm-atollic-eabi/6.3.1/../../../../arm-atollic-eabi/lib/armv7e-m/fpu/fpv5-d16\libc_nano.a(lib_a-malloc.o) (_malloc_r)
d:/program files (x86)/atollic/truestudio for stm32 9.0.0/armtools/bin/../lib/gcc/arm-atollic-eabi/6.3.1/../../../../arm-atollic-eabi/lib/armv7e-m/fpu/fpv5-d16\libc_nano.a(lib_a-sbrkr.o)
                              d:/program files (x86)/atollic/truestudio for stm32 9.0.0/armtools/bin/../lib/gcc/arm-atollic-eabi/6.3.1/../../../../arm-atollic-eabi/lib/armv7e-m/fpu/fpv5-d16\libc_nano.a(lib_a-nano-mallocr.o) (_sbrk_r)
d:/program files (x86)/atollic/truestudio for stm32 9.0.0/armtools/bin/../lib/gcc/arm-atollic-eabi/6.3.1/../../../../arm-atollic-eabi/lib/armv7e-m/fpu/fpv5-d16\libc_nano.a(lib_a-impure.o)
                              d:/program files (x86)/atollic/truestudio for stm32 9.0.0/armtools/bin/../lib/gcc/arm-atollic-eabi/6.3.1/../../../../arm-atollic-eabi/lib/armv7e-m/fpu/fpv5-d16\libc_nano.a(lib_a-malloc.o) (_impure_ptr)
d:/program files (x86)/atollic/truestudio for stm32 9.0.0/armtools/bin/../lib/gcc/arm-atollic-eabi/6.3.1/../../../../arm-atollic-eabi/lib/armv7e-m/fpu/fpv5-d16\libc_nano.a(lib_a-mlock.o)
                              d:/program files (x86)/atollic/truestudio for stm32 9.0.0/armtools/bin/../lib/gcc/arm-atollic-eabi/6.3.1/../../../../arm-atollic-eabi/lib/armv7e-m/fpu/fpv5-d16\libc_nano.a(lib_a-nano-freer.o) (__malloc_lock)
d:/program files (x86)/atollic/truestudio for stm32 9.0.0/armtools/bin/../lib/gcc/arm-atollic-eabi/6.3.1/../../../../arm-atollic-eabi/lib/armv7e-m/fpu/fpv5-d16\libc_nano.a(lib_a-reent.o)
                              d:/program files (x86)/atollic/truestudio for stm32 9.0.0/armtools/bin/../lib/gcc/arm-atollic-eabi/6.3.1/../../../../arm-atollic-eabi/lib/armv7e-m/fpu/fpv5-d16\libc_nano.a(lib_a-sbrkr.o) (errno)
d:/program files (x86)/atollic/truestudio for stm32 9.0.0/armtools/bin/../lib/gcc/arm-atollic-eabi/6.3.1/../../../../arm-atollic-eabi/lib/armv7e-m/fpu/fpv5-d16\libm.a(lib_a-s_cos.o)
                              Src\main.o (cos)
d:/program files (x86)/atollic/truestudio for stm32 9.0.0/armtools/bin/../lib/gcc/arm-atollic-eabi/6.3.1/../../../../arm-atollic-eabi/lib/armv7e-m/fpu/fpv5-d16\libm.a(lib_a-s_sin.o)
                              Src\main.o (sin)
d:/program files (x86)/atollic/truestudio for stm32 9.0.0/armtools/bin/../lib/gcc/arm-atollic-eabi/6.3.1/../../../../arm-atollic-eabi/lib/armv7e-m/fpu/fpv5-d16\libm.a(lib_a-e_rem_pio2.o)
                              d:/program files (x86)/atollic/truestudio for stm32 9.0.0/armtools/bin/../lib/gcc/arm-atollic-eabi/6.3.1/../../../../arm-atollic-eabi/lib/armv7e-m/fpu/fpv5-d16\libm.a(lib_a-s_cos.o) (__ieee754_rem_pio2)
d:/program files (x86)/atollic/truestudio for stm32 9.0.0/armtools/bin/../lib/gcc/arm-atollic-eabi/6.3.1/../../../../arm-atollic-eabi/lib/armv7e-m/fpu/fpv5-d16\libm.a(lib_a-k_cos.o)
                              d:/program files (x86)/atollic/truestudio for stm32 9.0.0/armtools/bin/../lib/gcc/arm-atollic-eabi/6.3.1/../../../../arm-atollic-eabi/lib/armv7e-m/fpu/fpv5-d16\libm.a(lib_a-s_cos.o) (__kernel_cos)
d:/program files (x86)/atollic/truestudio for stm32 9.0.0/armtools/bin/../lib/gcc/arm-atollic-eabi/6.3.1/../../../../arm-atollic-eabi/lib/armv7e-m/fpu/fpv5-d16\libm.a(lib_a-k_rem_pio2.o)
                              d:/program files (x86)/atollic/truestudio for stm32 9.0.0/armtools/bin/../lib/gcc/arm-atollic-eabi/6.3.1/../../../../arm-atollic-eabi/lib/armv7e-m/fpu/fpv5-d16\libm.a(lib_a-e_rem_pio2.o) (__kernel_rem_pio2)
[...]
Memory Configuration

Name             Origin             Length             Attributes
DTCMRAM          0x20000000         0x00020000         rw
RAM              0x20020000         0x00060000         xrw
FLASH            0x08000000         0x00200000         xr
*default*        0x00000000         0xffffffff

Linker script and memory map

LOAD d:/program files (x86)/atollic/truestudio for stm32 9.0.0/armtools/bin/../lib/gcc/arm-atollic-eabi/6.3.1/armv7e-m/fpu/fpv5-d16/crti.o
LOAD d:/program files (x86)/atollic/truestudio for stm32 9.0.0/armtools/bin/../lib/gcc/arm-atollic-eabi/6.3.1/armv7e-m/fpu/fpv5-d16/crtbegin.o
LOAD Drivers\STM32F7xx_HAL_Driver\Src\stm32f7xx_hal.o
LOAD Drivers\STM32F7xx_HAL_Driver\Src\stm32f7xx_hal_cortex.o
LOAD Drivers\STM32F7xx_HAL_Driver\Src\stm32f7xx_hal_dma.o
LOAD Drivers\STM32F7xx_HAL_Driver\Src\stm32f7xx_hal_dma_ex.o
LOAD Drivers\STM32F7xx_HAL_Driver\Src\stm32f7xx_hal_flash.o
LOAD Drivers\STM32F7xx_HAL_Driver\Src\stm32f7xx_hal_flash_ex.o
LOAD Drivers\STM32F7xx_HAL_Driver\Src\stm32f7xx_hal_gpio.o
LOAD Drivers\STM32F7xx_HAL_Driver\Src\stm32f7xx_hal_i2c.o
LOAD Drivers\STM32F7xx_HAL_Driver\Src\stm32f7xx_hal_i2c_ex.o
LOAD Drivers\STM32F7xx_HAL_Driver\Src\stm32f7xx_hal_pcd.o
LOAD Drivers\STM32F7xx_HAL_Driver\Src\stm32f7xx_hal_pcd_ex.o
LOAD Drivers\STM32F7xx_HAL_Driver\Src\stm32f7xx_hal_pwr.o
LOAD Drivers\STM32F7xx_HAL_Driver\Src\stm32f7xx_hal_pwr_ex.o
LOAD Drivers\STM32F7xx_HAL_Driver\Src\stm32f7xx_hal_rcc.o
LOAD Drivers\STM32F7xx_HAL_Driver\Src\stm32f7xx_hal_rcc_ex.o
LOAD Drivers\STM32F7xx_HAL_Driver\Src\stm32f7xx_hal_tim.o
LOAD Drivers\STM32F7xx_HAL_Driver\Src\stm32f7xx_hal_tim_ex.o
LOAD Drivers\STM32F7xx_HAL_Driver\Src\stm32f7xx_ll_usb.o
LOAD Middlewares\ST\STM32_USB_Device_Library\Class\CDC\Src\usbd_cdc.o
LOAD Middlewares\ST\STM32_USB_Device_Library\Class\UVC\Src\usb_video_core.o
LOAD Middlewares\ST\STM32_USB_Device_Library\Class\UVC\Src\usbd_uvc.o
LOAD Middlewares\ST\STM32_USB_Device_Library\Core\Src\usbd_core.o
LOAD Middlewares\ST\STM32_USB_Device_Library\Core\Src\usbd_ctlreq.o
LOAD Middlewares\ST\STM32_USB_Device_Library\Core\Src\usbd_ioreq.o
LOAD Src\gpio.o
LOAD Src\jprocess.o
LOAD Src\main.o
LOAD Src\stm32f7xx_hal_msp.o
LOAD Src\stm32f7xx_it.o
LOAD Src\system_stm32f7xx.o
LOAD Src\usb_device.o
LOAD Src\usbd_conf.o
LOAD Src\usbd_desc.o
LOAD Src\usbd_uvc_if.o
LOAD startup\startup_stm32f765xx.o
                0x00000080                malloc_getpagesize_P = 0x80
START GROUP
LOAD d:/program files (x86)/atollic/truestudio for stm32 9.0.0/armtools/bin/../lib/gcc/arm-atollic-eabi/6.3.1/../../../../arm-atollic-eabi/lib/armv7e-m/fpu/fpv5-d16\libc_nano.a
LOAD d:/program files (x86)/atollic/truestudio for stm32 9.0.0/armtools/bin/../lib/gcc/arm-atollic-eabi/6.3.1/../../../../arm-atollic-eabi/lib/armv7e-m/fpu/fpv5-d16\libm.a
END GROUP
START GROUP
LOAD d:/program files (x86)/atollic/truestudio for stm32 9.0.0/armtools/bin/../lib/gcc/arm-atollic-eabi/6.3.1/armv7e-m/fpu/fpv5-d16\libgcc.a
LOAD d:/program files (x86)/atollic/truestudio for stm32 9.0.0/armtools/bin/../lib/gcc/arm-atollic-eabi/6.3.1/../../../../arm-atollic-eabi/lib/armv7e-m/fpu/fpv5-d16\libc_nano.a
END GROUP
START GROUP
LOAD d:/program files (x86)/atollic/truestudio for stm32 9.0.0/armtools/bin/../lib/gcc/arm-atollic-eabi/6.3.1/armv7e-m/fpu/fpv5-d16\libgcc.a
LOAD d:/program files (x86)/atollic/truestudio for stm32 9.0.0/armtools/bin/../lib/gcc/arm-atollic-eabi/6.3.1/../../../../arm-atollic-eabi/lib/armv7e-m/fpu/fpv5-d16\libc_nano.a
LOAD d:/program files (x86)/atollic/truestudio for stm32 9.0.0/armtools/bin/../lib/gcc/arm-atollic-eabi/6.3.1/../../../../arm-atollic-eabi/lib/armv7e-m/fpu/fpv5-d16\libnosys.a
END GROUP
START GROUP
LOAD d:/program files (x86)/atollic/truestudio for stm32 9.0.0/armtools/bin/../lib/gcc/arm-atollic-eabi/6.3.1/armv7e-m/fpu/fpv5-d16\libgcc.a
LOAD d:/program files (x86)/atollic/truestudio for stm32 9.0.0/armtools/bin/../lib/gcc/arm-atollic-eabi/6.3.1/../../../../arm-atollic-eabi/lib/armv7e-m/fpu/fpv5-d16\libc_nano.a
LOAD d:/program files (x86)/atollic/truestudio for stm32 9.0.0/armtools/bin/../lib/gcc/arm-atollic-eabi/6.3.1/../../../../arm-atollic-eabi/lib/armv7e-m/fpu/fpv5-d16\libnosys.a
END GROUP
LOAD d:/program files (x86)/atollic/truestudio for stm32 9.0.0/armtools/bin/../lib/gcc/arm-atollic-eabi/6.3.1/armv7e-m/fpu/fpv5-d16/crtend.o
LOAD d:/program files (x86)/atollic/truestudio for stm32 9.0.0/armtools/bin/../lib/gcc/arm-atollic-eabi/6.3.1/armv7e-m/fpu/fpv5-d16/crtn.o
                0x20080000                _estack = 0x20080000
                0x00000200                _Min_Heap_Size = 0x200
                0x00000400                _Min_Stack_Size = 0x400

.isr_vector     0x08000000      0x1f8
                0x08000000                . = ALIGN (0x4)
 *(.isr_vector)
 .isr_vector    0x08000000      0x1f8 startup\startup_stm32f765xx.o
                0x08000000                g_pfnVectors
                0x080001f8                . = ALIGN (0x4)

.text           0x080001f8     0x8fc0
                0x080001f8                . = ALIGN (0x4)
 *(.text)
 .text          0x080001f8       0x40 d:/program files (x86)/atollic/truestudio for stm32 9.0.0/armtools/bin/../lib/gcc/arm-atollic-eabi/6.3.1/armv7e-m/fpu/fpv5-d16/crtbegin.o
 .text          0x08000238       0x30 d:/program files (x86)/atollic/truestudio for stm32 9.0.0/armtools/bin/../lib/gcc/arm-atollic-eabi/6.3.1/armv7e-m/fpu/fpv5-d16\libgcc.a(_aeabi_uldivmod.o)
                0x08000238                __aeabi_uldivmod
 .text          0x08000268      0x2dc d:/program files (x86)/atollic/truestudio for stm32 9.0.0/armtools/bin/../lib/gcc/arm-atollic-eabi/6.3.1/armv7e-m/fpu/fpv5-d16\libgcc.a(_udivmoddi4.o)
                0x08000268                __udivmoddi4
 .text          0x08000544        0x4 d:/program files (x86)/atollic/truestudio for stm32 9.0.0/armtools/bin/../lib/gcc/arm-atollic-eabi/6.3.1/armv7e-m/fpu/fpv5-d16\libgcc.a(_dvmd_tls.o)
                0x08000544                __aeabi_idiv0
                0x08000544                __aeabi_ldiv0
 *(.text*)
 .text.HAL_Init
                0x08000548       0x1a Drivers\STM32F7xx_HAL_Driver\Src\stm32f7xx_hal.o
                0x08000548                HAL_Init
 *fill*         0x08000562        0x2 
 .text.HAL_InitTick
                0x08000564       0x60 Drivers\STM32F7xx_HAL_Driver\Src\stm32f7xx_hal.o
                0x08000564                HAL_InitTick
 .text.HAL_IncTick
                0x080005c4       0x28 Drivers\STM32F7xx_HAL_Driver\Src\stm32f7xx_hal.o
                0x080005c4                HAL_IncTick
 .text.HAL_GetTick
                0x080005ec       0x18 Drivers\STM32F7xx_HAL_Driver\Src\stm32f7xx_hal.o
                0x080005ec                HAL_GetTick
 .text.HAL_Delay
                0x08000604       0x44 Drivers\STM32F7xx_HAL_Driver\Src\stm32f7xx_hal.o
                0x08000604                HAL_Delay
 .text.NVIC_SetPriorityGrouping
                0x08000648       0x48 Drivers\STM32F7xx_HAL_Driver\Src\stm32f7xx_hal_cortex.o
 .text.NVIC_GetPriorityGrouping
                0x08000690       0x1c Drivers\STM32F7xx_HAL_Driver\Src\stm32f7xx_hal_cortex.o
 .text.NVIC_EnableIRQ
                0x080006ac       0x34 Drivers\STM32F7xx_HAL_Driver\Src\stm32f7xx_hal_cortex.o
 .text.NVIC_SetPriority
                0x080006e0       0x54 Drivers\STM32F7xx_HAL_Driver\Src\stm32f7xx_hal_cortex.o
 .text.NVIC_EncodePriority
                0x08000734       0x62 Drivers\STM32F7xx_HAL_Driver\Src\stm32f7xx_hal_cortex.o
 *fill*         0x08000796        0x2 
 .text.SysTick_Config
                0x08000798       0x44 Drivers\STM32F7xx_HAL_Driver\Src\stm32f7xx_hal_cortex.o
 .text.HAL_NVIC_SetPriorityGrouping
                0x080007dc       0x40 Drivers\STM32F7xx_HAL_Driver\Src\stm32f7xx_hal_cortex.o
                0x080007dc                HAL_NVIC_SetPriorityGrouping
 .text.HAL_NVIC_SetPriority
                0x0800081c       0x58 Drivers\STM32F7xx_HAL_Driver\Src\stm32f7xx_hal_cortex.o
                0x0800081c                HAL_NVIC_SetPriority
 .text.HAL_NVIC_EnableIRQ
                0x08000874       0x30 Drivers\STM32F7xx_HAL_Driver\Src\stm32f7xx_hal_cortex.o
                0x08000874                HAL_NVIC_EnableIRQ
 .text.HAL_SYSTICK_Config
                0x080008a4       0x18 Drivers\STM32F7xx_HAL_Driver\Src\stm32f7xx_hal_cortex.o
                0x080008a4                HAL_SYSTICK_Config
 .text.HAL_SYSTICK_CLKSourceConfig
                0x080008bc       0x50 Drivers\STM32F7xx_HAL_Driver\Src\stm32f7xx_hal_cortex.o
                0x080008bc                HAL_SYSTICK_CLKSourceConfig
 .text.HAL_SYSTICK_IRQHandler
                0x0800090c        0xc Drivers\STM32F7xx_HAL_Driver\Src\stm32f7xx_hal_cortex.o
                0x0800090c                HAL_SYSTICK_IRQHandler
 .text.HAL_SYSTICK_Callback
                0x08000918        0xe Drivers\STM32F7xx_HAL_Driver\Src\stm32f7xx_hal_cortex.o
                0x08000918                HAL_SYSTICK_Callback
 *fill*         0x08000926        0x2 
 .text.HAL_GPIO_Init
                0x08000928      0x700 Drivers\STM32F7xx_HAL_Driver\Src\stm32f7xx_hal_gpio.o
                0x08000928                HAL_GPIO_Init
 .text.HAL_PCD_Init
                0x08001028      0x240 Drivers\STM32F7xx_HAL_Driver\Src\stm32f7xx_hal_pcd.o
                0x08001028                HAL_PCD_Init
 .text.HAL_PCD_Start
                0x08001268       0x44 Drivers\STM32F7xx_HAL_Driver\Src\stm32f7xx_hal_pcd.o
                0x08001268                HAL_PCD_Start
 .text.HAL_PCD_IRQHandler
                0x080012ac      0xa08 Drivers\STM32F7xx_HAL_Driver\Src\stm32f7xx_hal_pcd.o
                0x080012ac                HAL_PCD_IRQHandler
 .text.HAL_PCD_SetAddress
                0x08001cb4       0x42 Drivers\STM32F7xx_HAL_Driver\Src\stm32f7xx_hal_pcd.o
                0x08001cb4                HAL_PCD_SetAddress
 .text.HAL_PCD_EP_Open
                0x08001cf6       0xd0 Drivers\STM32F7xx_HAL_Driver\Src\stm32f7xx_hal_pcd.o
                0x08001cf6                HAL_PCD_EP_Open
 .text.HAL_PCD_EP_Close
                0x08001dc6       0x94 Drivers\STM32F7xx_HAL_Driver\Src\stm32f7xx_hal_pcd.o
                0x08001dc6                HAL_PCD_EP_Close
 .text.HAL_PCD_EP_Receive
                0x08001e5a       0x94 Drivers\STM32F7xx_HAL_Driver\Src\stm32f7xx_hal_pcd.o
                0x08001e5a                HAL_PCD_EP_Receive
 .text.HAL_PCD_EP_Transmit
                0x08001eee       0x92 Drivers\STM32F7xx_HAL_Driver\Src\stm32f7xx_hal_pcd.o
                0x08001eee                HAL_PCD_EP_Transmit
 .text.HAL_PCD_EP_SetStall
                0x08001f80       0xc8 Drivers\STM32F7xx_HAL_Driver\Src\stm32f7xx_hal_pcd.o
                0x08001f80                HAL_PCD_EP_SetStall
 .text.HAL_PCD_EP_ClrStall
                0x08002048       0xa8 Drivers\STM32F7xx_HAL_Driver\Src\stm32f7xx_hal_pcd.o
                0x08002048                HAL_PCD_EP_ClrStall
 .text.HAL_PCD_EP_Flush
                0x080020f0       0x5a Drivers\STM32F7xx_HAL_Driver\Src\stm32f7xx_hal_pcd.o
                0x080020f0                HAL_PCD_EP_Flush
 .text.PCD_WriteEmptyTxFifo
                0x0800214a      0x110 Drivers\STM32F7xx_HAL_Driver\Src\stm32f7xx_hal_pcd.o
 .text.HAL_PCDEx_SetTxFiFo
                0x0800225a       0x96 Drivers\STM32F7xx_HAL_Driver\Src\stm32f7xx_hal_pcd_ex.o
                0x0800225a                HAL_PCDEx_SetTxFiFo
 .text.HAL_PCDEx_SetRxFiFo
                0x080022f0       0x22 Drivers\STM32F7xx_HAL_Driver\Src\stm32f7xx_hal_pcd_ex.o
                0x080022f0                HAL_PCDEx_SetRxFiFo
 *fill*         0x08002312        0x2 
 .text.HAL_PCDEx_ActivateLPM
                0x08002314       0x48 Drivers\STM32F7xx_HAL_Driver\Src\stm32f7xx_hal_pcd_ex.o
                0x08002314                HAL_PCDEx_ActivateLPM
 .text.HAL_PCDEx_LPM_Callback
                0x0800235c       0x18 Drivers\STM32F7xx_HAL_Driver\Src\stm32f7xx_hal_pcd_ex.o
                0x0800235c                HAL_PCDEx_LPM_Callback
 .text.HAL_PWREx_EnableOverDrive
                0x08002374       0xa0 Drivers\STM32F7xx_HAL_Driver\Src\stm32f7xx_hal_pwr_ex.o
                0x08002374                HAL_PWREx_EnableOverDrive
 .text.HAL_RCC_OscConfig
                0x08002414      0x670 Drivers\STM32F7xx_HAL_Driver\Src\stm32f7xx_hal_rcc.o
                0x08002414                HAL_RCC_OscConfig
 .text.HAL_RCC_ClockConfig
                0x08002a84      0x348 Drivers\STM32F7xx_HAL_Driver\Src\stm32f7xx_hal_rcc.o
                0x08002a84                HAL_RCC_ClockConfig
 .text.HAL_RCC_GetSysClockFreq
                0x08002dcc      0x16c Drivers\STM32F7xx_HAL_Driver\Src\stm32f7xx_hal_rcc.o
                0x08002dcc                HAL_RCC_GetSysClockFreq
 .text.HAL_RCC_GetHCLKFreq
                0x08002f38       0x18 Drivers\STM32F7xx_HAL_Driver\Src\stm32f7xx_hal_rcc.o
                0x08002f38                HAL_RCC_GetHCLKFreq
 .text.HAL_RCCEx_PeriphCLKConfig
                0x08002f50     0x101c Drivers\STM32F7xx_HAL_Driver\Src\stm32f7xx_hal_rcc_ex.o
                0x08002f50                HAL_RCCEx_PeriphCLKConfig
 .text.USB_CoreInit
                0x08003f6c       0xa4 Drivers\STM32F7xx_HAL_Driver\Src\stm32f7xx_ll_usb.o
                0x08003f6c                USB_CoreInit
 .text.USB_EnableGlobalInt
                0x08004010       0x22 Drivers\STM32F7xx_HAL_Driver\Src\stm32f7xx_ll_usb.o
                0x08004010                USB_EnableGlobalInt
 .text.USB_DisableGlobalInt
                0x08004032       0x22 Drivers\STM32F7xx_HAL_Driver\Src\stm32f7xx_ll_usb.o
                0x08004032                USB_DisableGlobalInt
 .text.USB_SetCurrentMode
                0x08004054       0x4e Drivers\STM32F7xx_HAL_Driver\Src\stm32f7xx_ll_usb.o
                0x08004054                USB_SetCurrentMode
 *fill*         0x080040a2        0x2 
 .text.USB_DevInit
                0x080040a4      0x29c Drivers\STM32F7xx_HAL_Driver\Src\stm32f7xx_ll_usb.o
                0x080040a4                USB_DevInit
 .text.USB_FlushTxFifo
                0x08004340       0x4c Drivers\STM32F7xx_HAL_Driver\Src\stm32f7xx_ll_usb.o
                0x08004340                USB_FlushTxFifo
 .text.USB_FlushRxFifo
                0x0800438c       0x44 Drivers\STM32F7xx_HAL_Driver\Src\stm32f7xx_ll_usb.o
                0x0800438c                USB_FlushRxFifo
 .text.USB_SetDevSpeed
                0x080043d0       0x30 Drivers\STM32F7xx_HAL_Driver\Src\stm32f7xx_ll_usb.o
                0x080043d0                USB_SetDevSpeed
 .text.USB_GetDevSpeed
                0x08004400       0x6a Drivers\STM32F7xx_HAL_Driver\Src\stm32f7xx_ll_usb.o
                0x08004400                USB_GetDevSpeed
 *fill*         0x0800446a        0x2 
 .text.USB_ActivateEndpoint
                0x0800446c      0x110 Drivers\STM32F7xx_HAL_Driver\Src\stm32f7xx_ll_usb.o
                0x0800446c                USB_ActivateEndpoint
 .text.USB_DeactivateEndpoint
                0x0800457c       0xf6 Drivers\STM32F7xx_HAL_Driver\Src\stm32f7xx_ll_usb.o
                0x0800457c                USB_DeactivateEndpoint
 *fill*         0x08004672        0x2 
 .text.USB_EPStartXfer
                0x08004674      0x488 Drivers\STM32F7xx_HAL_Driver\Src\stm32f7xx_ll_usb.o
                0x08004674                USB_EPStartXfer
 .text.USB_EP0StartXfer
                0x08004afc      0x2b8 Drivers\STM32F7xx_HAL_Driver\Src\stm32f7xx_ll_usb.o
                0x08004afc                USB_EP0StartXfer
 .text.USB_WritePacket
                0x08004db4       0x70 Drivers\STM32F7xx_HAL_Driver\Src\stm32f7xx_ll_usb.o
                0x08004db4                USB_WritePacket
 .text.USB_ReadPacket
                0x08004e24       0x54 Drivers\STM32F7xx_HAL_Driver\Src\stm32f7xx_ll_usb.o
                0x08004e24                USB_ReadPacket
 .text.USB_EPSetStall
                0x08004e78       0xe2 Drivers\STM32F7xx_HAL_Driver\Src\stm32f7xx_ll_usb.o
                0x08004e78                USB_EPSetStall
 .text.USB_EPClearStall
                0x08004f5a       0xda Drivers\STM32F7xx_HAL_Driver\Src\stm32f7xx_ll_usb.o
                0x08004f5a                USB_EPClearStall
 .text.USB_SetDevAddress
                0x08005034       0x4c Drivers\STM32F7xx_HAL_Driver\Src\stm32f7xx_ll_usb.o
                0x08005034                USB_SetDevAddress
 .text.USB_DevConnect
                0x08005080       0x2e Drivers\STM32F7xx_HAL_Driver\Src\stm32f7xx_ll_usb.o
                0x08005080                USB_DevConnect
 .text.USB_DevDisconnect
                0x080050ae       0x2e Drivers\STM32F7xx_HAL_Driver\Src\stm32f7xx_ll_usb.o
                0x080050ae                USB_DevDisconnect
 .text.USB_ReadInterrupts
                0x080050dc       0x2a Drivers\STM32F7xx_HAL_Driver\Src\stm32f7xx_ll_usb.o
                0x080050dc                USB_ReadInterrupts
 .text.USB_ReadDevAllOutEpInterrupt
                0x08005106       0x30 Drivers\STM32F7xx_HAL_Driver\Src\stm32f7xx_ll_usb.o
                0x08005106                USB_ReadDevAllOutEpInterrupt
 .text.USB_ReadDevAllInEpInterrupt
                0x08005136       0x30 Drivers\STM32F7xx_HAL_Driver\Src\stm32f7xx_ll_usb.o
                0x08005136                USB_ReadDevAllInEpInterrupt
 .text.USB_ReadDevOutEPInterrupt
                0x08005166       0x38 Drivers\STM32F7xx_HAL_Driver\Src\stm32f7xx_ll_usb.o
                0x08005166                USB_ReadDevOutEPInterrupt
 .text.USB_ReadDevInEPInterrupt
                0x0800519e       0x54 Drivers\STM32F7xx_HAL_Driver\Src\stm32f7xx_ll_usb.o
                0x0800519e                USB_ReadDevInEPInterrupt
 .text.USB_GetMode
                0x080051f2       0x1c Drivers\STM32F7xx_HAL_Driver\Src\stm32f7xx_ll_usb.o
                0x080051f2                USB_GetMode
 *fill*         0x0800520e        0x2 
 .text.USB_ActivateSetup
                0x08005210       0x6c Drivers\STM32F7xx_HAL_Driver\Src\stm32f7xx_ll_usb.o
                0x08005210                USB_ActivateSetup
 .text.USB_EP0_OutStart
                0x0800527c       0x8a Drivers\STM32F7xx_HAL_Driver\Src\stm32f7xx_ll_usb.o
                0x0800527c                USB_EP0_OutStart
 *fill*         0x08005306        0x2 
 .text.USB_CoreReset
                0x08005308       0x68 Drivers\STM32F7xx_HAL_Driver\Src\stm32f7xx_ll_usb.o
 .text.ITM_SendChar
                0x08005370       0x4e Middlewares\ST\STM32_USB_Device_Library\Class\UVC\Src\usb_video_core.o
 .text.usbd_video_Init
                0x080053be       0x24 Middlewares\ST\STM32_USB_Device_Library\Class\UVC\Src\usb_video_core.o
 .text.usbd_video_DeInit
                0x080053e2       0x1e Middlewares\ST\STM32_USB_Device_Library\Class\UVC\Src\usb_video_core.o
 .text.usbd_video_Setup
                0x08005400       0xf0 Middlewares\ST\STM32_USB_Device_Library\Class\UVC\Src\usb_video_core.o
 .text.usbd_video_EP0_RxReady
                0x080054f0       0x16 Middlewares\ST\STM32_USB_Device_Library\Class\UVC\Src\usb_video_core.o
 *fill*         0x08005506        0x2 
 .text.usbd_video_DataIn
                0x08005508      0x18c Middlewares\ST\STM32_USB_Device_Library\Class\UVC\Src\usb_video_core.o
 .text.usbd_video_DataOut
                0x08005694       0x1a Middlewares\ST\STM32_USB_Device_Library\Class\UVC\Src\usb_video_core.o
 *fill*         0x080056ae        0x2 
 .text.usbd_video_SOF
                0x080056b0       0x38 Middlewares\ST\STM32_USB_Device_Library\Class\UVC\Src\usb_video_core.o
 .text.usbd_video_OUT_Incplt
                0x080056e8       0x16 Middlewares\ST\STM32_USB_Device_Library\Class\UVC\Src\usb_video_core.o
 .text.usbd_video_IN_Incplt
                0x080056fe       0x16 Middlewares\ST\STM32_USB_Device_Library\Class\UVC\Src\usb_video_core.o
 .text.VIDEO_Req_GetCurrent
                0x08005714       0x54 Middlewares\ST\STM32_USB_Device_Library\Class\UVC\Src\usb_video_core.o
 .text.VIDEO_Req_SetCurrent
                0x08005768       0x54 Middlewares\ST\STM32_USB_Device_Library\Class\UVC\Src\usb_video_core.o
 .text.USBD_video_GetCfgDesc
                0x080057bc       0x20 Middlewares\ST\STM32_USB_Device_Library\Class\UVC\Src\usb_video_core.o
 .text.USBD_UVC_RegisterInterface
                0x080057dc       0x2e Middlewares\ST\STM32_USB_Device_Library\Class\UVC\Src\usbd_uvc.o
                0x080057dc                USBD_UVC_RegisterInterface
 .text.USBD_UVC_SetTxBuffer
                0x0800580a       0x34 Middlewares\ST\STM32_USB_Device_Library\Class\UVC\Src\usbd_uvc.o
                0x0800580a                USBD_UVC_SetTxBuffer
 .text.USBD_UVC_SetRxBuffer
                0x0800583e       0x28 Middlewares\ST\STM32_USB_Device_Library\Class\UVC\Src\usbd_uvc.o
                0x0800583e                USBD_UVC_SetRxBuffer
 .text.USBD_UVC_ReceivePacket
                0x08005866       0x54 Middlewares\ST\STM32_USB_Device_Library\Class\UVC\Src\usbd_uvc.o
                0x08005866                USBD_UVC_ReceivePacket
 .text.USBD_Init
                0x080058ba       0x56 Middlewares\ST\STM32_USB_Device_Library\Core\Src\usbd_core.o
                0x080058ba                USBD_Init
 .text.USBD_RegisterClass
                0x08005910       0x34 Middlewares\ST\STM32_USB_Device_Library\Core\Src\usbd_core.o
                0x08005910                USBD_RegisterClass
 .text.USBD_Start
                0x08005944       0x18 Middlewares\ST\STM32_USB_Device_Library\Core\Src\usbd_core.o
                0x08005944                USBD_Start
 .text.USBD_RunTestMode
                0x0800595c       0x16 Middlewares\ST\STM32_USB_Device_Library\Core\Src\usbd_core.o
                0x0800595c                USBD_RunTestMode
 .text.USBD_SetClassConfig
                0x08005972       0x3e Middlewares\ST\STM32_USB_Device_Library\Core\Src\usbd_core.o
                0x08005972                USBD_SetClassConfig
 .text.USBD_ClrClassConfig
                0x080059b0       0x26 Middlewares\ST\STM32_USB_Device_Library\Core\Src\usbd_core.o
                0x080059b0                USBD_ClrClassConfig
 .text.USBD_LL_SetupStage
                0x080059d6       0x94 Middlewares\ST\STM32_USB_Device_Library\Core\Src\usbd_core.o
                0x080059d6                USBD_LL_SetupStage
 .text.USBD_LL_DataOutStage
                0x08005a6a       0xb6 Middlewares\ST\STM32_USB_Device_Library\Core\Src\usbd_core.o
                0x08005a6a                USBD_LL_DataOutStage
 .text.USBD_LL_DataInStage
                0x08005b20      0x11e Middlewares\ST\STM32_USB_Device_Library\Core\Src\usbd_core.o
                0x08005b20                USBD_LL_DataInStage
 .text.USBD_LL_Reset
                0x08005c3e       0x5e Middlewares\ST\STM32_USB_Device_Library\Core\Src\usbd_core.o
                0x08005c3e                USBD_LL_Reset
 .text.USBD_LL_SetSpeed
                0x08005c9c       0x20 Middlewares\ST\STM32_USB_Device_Library\Core\Src\usbd_core.o
                0x08005c9c                USBD_LL_SetSpeed
 .text.USBD_LL_Suspend
                0x08005cbc       0x2a Middlewares\ST\STM32_USB_Device_Library\Core\Src\usbd_core.o
                0x08005cbc                USBD_LL_Suspend
 .text.USBD_LL_Resume
                0x08005ce6       0x22 Middlewares\ST\STM32_USB_Device_Library\Core\Src\usbd_core.o
                0x08005ce6                USBD_LL_Resume
 .text.USBD_LL_SOF
                0x08005d08       0x34 Middlewares\ST\STM32_USB_Device_Library\Core\Src\usbd_core.o
                0x08005d08                USBD_LL_SOF
 .text.USBD_LL_IsoINIncomplete
                0x08005d3c       0x1a Middlewares\ST\STM32_USB_Device_Library\Core\Src\usbd_core.o
                0x08005d3c                USBD_LL_IsoINIncomplete
 .text.USBD_LL_IsoOUTIncomplete
                0x08005d56       0x1a Middlewares\ST\STM32_USB_Device_Library\Core\Src\usbd_core.o
                0x08005d56                USBD_LL_IsoOUTIncomplete
 .text.USBD_LL_DevConnected
                0x08005d70       0x16 Middlewares\ST\STM32_USB_Device_Library\Core\Src\usbd_core.o
                0x08005d70                USBD_LL_DevConnected
 .text.USBD_LL_DevDisconnected
                0x08005d86       0x2e Middlewares\ST\STM32_USB_Device_Library\Core\Src\usbd_core.o
                0x08005d86                USBD_LL_DevDisconnected
 .text.USBD_StdDevReq
                0x08005db4       0xa0 Middlewares\ST\STM32_USB_Device_Library\Core\Src\usbd_ctlreq.o
                0x08005db4                USBD_StdDevReq
 .text.USBD_StdItfReq
                0x08005e54       0x66 Middlewares\ST\STM32_USB_Device_Library\Core\Src\usbd_ctlreq.o
                0x08005e54                USBD_StdItfReq
 .text.USBD_StdEPReq
                0x08005eba      0x1b0 Middlewares\ST\STM32_USB_Device_Library\Core\Src\usbd_ctlreq.o
                0x08005eba                USBD_StdEPReq
 *fill*         0x0800606a        0x2 
 .text.USBD_GetDescriptor
                0x0800606c      0x1e8 Middlewares\ST\STM32_USB_Device_Library\Core\Src\usbd_ctlreq.o
 .text.USBD_SetAddress
                0x08006254       0x7c Middlewares\ST\STM32_USB_Device_Library\Core\Src\usbd_ctlreq.o
 .text.USBD_SetConfig
                0x080062d0      0x110 Middlewares\ST\STM32_USB_Device_Library\Core\Src\usbd_ctlreq.o
 .text.USBD_GetConfig
                0x080063e0       0x64 Middlewares\ST\STM32_USB_Device_Library\Core\Src\usbd_ctlreq.o
 .text.USBD_GetStatus
                0x08006444       0x54 Middlewares\ST\STM32_USB_Device_Library\Core\Src\usbd_ctlreq.o
 .text.USBD_SetFeature
                0x08006498       0x36 Middlewares\ST\STM32_USB_Device_Library\Core\Src\usbd_ctlreq.o
 .text.USBD_ClrFeature
                0x080064ce       0x50 Middlewares\ST\STM32_USB_Device_Library\Core\Src\usbd_ctlreq.o
 .text.USBD_ParseSetupRequest
                0x0800651e       0x7a Middlewares\ST\STM32_USB_Device_Library\Core\Src\usbd_ctlreq.o
                0x0800651e                USBD_ParseSetupRequest
 .text.USBD_CtlError
                0x08006598       0x22 Middlewares\ST\STM32_USB_Device_Library\Core\Src\usbd_ctlreq.o
                0x08006598                USBD_CtlError
 .text.USBD_GetString
                0x080065ba       0x86 Middlewares\ST\STM32_USB_Device_Library\Core\Src\usbd_ctlreq.o
                0x080065ba                USBD_GetString
 .text.USBD_GetLen
                0x08006640       0x30 Middlewares\ST\STM32_USB_Device_Library\Core\Src\usbd_ctlreq.o
 .text.USBD_CtlSendData
                0x08006670       0x38 Middlewares\ST\STM32_USB_Device_Library\Core\Src\usbd_ioreq.o
                0x08006670                USBD_CtlSendData
 .text.USBD_CtlContinueSendData
                0x080066a8       0x24 Middlewares\ST\STM32_USB_Device_Library\Core\Src\usbd_ioreq.o
                0x080066a8                USBD_CtlContinueSendData
 .text.USBD_CtlPrepareRx
                0x080066cc       0x3c Middlewares\ST\STM32_USB_Device_Library\Core\Src\usbd_ioreq.o
                0x080066cc                USBD_CtlPrepareRx
 .text.USBD_CtlContinueRx
                0x08006708       0x24 Middlewares\ST\STM32_USB_Device_Library\Core\Src\usbd_ioreq.o
                0x08006708                USBD_CtlContinueRx
 .text.USBD_CtlSendStatus
                0x0800672c       0x26 Middlewares\ST\STM32_USB_Device_Library\Core\Src\usbd_ioreq.o
                0x0800672c                USBD_CtlSendStatus
 .text.USBD_CtlReceiveStatus
                0x08006752       0x26 Middlewares\ST\STM32_USB_Device_Library\Core\Src\usbd_ioreq.o
                0x08006752                USBD_CtlReceiveStatus
 .text.MX_GPIO_Init
                0x08006778       0x60 Src\gpio.o
                0x08006778                MX_GPIO_Init
 .text.out_jheader
                0x080067d8      0x130 Src\jprocess.o
 .text.out_jtail
                0x08006908       0xf0 Src\jprocess.o
 .text.dct_pass1
                0x080069f8      0x1b8 Src\jprocess.o
 .text.dct_pass2
                0x08006bb0      0x19c Src\jprocess.o
                0x08006bb0                dct_pass2
 .text.z_and_q  0x08006d4c      0x75c Src\jprocess.o
                0x08006d4c                z_and_q
 .text.process_quadro_block
                0x080074a8      0x134 Src\jprocess.o
                0x080074a8                process_quadro_block
 .text.jprocess
                0x080075dc       0x88 Src\jprocess.o
                0x080075dc                jprocess
 .text.switch_buffers
                0x08007664       0x44 Src\jprocess.o
                0x08007664                switch_buffers
 .text.ITM_SendChar
                0x080076a8       0x4e Src\main.o
 *fill*         0x080076f6        0x2 
 .text.main     0x080076f8      0x11c Src\main.o
                0x080076f8                main
 .text.draw_circle
                0x08007814      0x118 Src\main.o
                0x08007814                draw_circle
 .text.SystemClock_Config
                0x0800792c      0x134 Src\main.o
                0x0800792c                SystemClock_Config
 .text._Error_Handler
                0x08007a60        0xc Src\main.o
                0x08007a60                _Error_Handler
 .text.assert_failed
                0x08007a6c       0x16 Src\main.o
                0x08007a6c                assert_failed
 .text.HAL_MspInit
                0x08007a82       0x62 Src\stm32f7xx_hal_msp.o
                0x08007a82                HAL_MspInit
 .text.NMI_Handler
                0x08007ae4        0xe Src\stm32f7xx_it.o
                0x08007ae4                NMI_Handler
 .text.HardFault_Handler
                0x08007af2        0x6 Src\stm32f7xx_it.o
                0x08007af2                HardFault_Handler
 .text.MemManage_Handler
                0x08007af8        0x6 Src\stm32f7xx_it.o
                0x08007af8                MemManage_Handler
 .text.BusFault_Handler
                0x08007afe        0x6 Src\stm32f7xx_it.o
                0x08007afe                BusFault_Handler
 .text.UsageFault_Handler
                0x08007b04        0x6 Src\stm32f7xx_it.o
                0x08007b04                UsageFault_Handler
 .text.SVC_Handler
                0x08007b0a        0xe Src\stm32f7xx_it.o
                0x08007b0a                SVC_Handler
 .text.DebugMon_Handler
                0x08007b18        0xe Src\stm32f7xx_it.o
                0x08007b18                DebugMon_Handler
 .text.PendSV_Handler
                0x08007b26        0xe Src\stm32f7xx_it.o
                0x08007b26                PendSV_Handler
 .text.SysTick_Handler
                0x08007b34       0x10 Src\stm32f7xx_it.o
                0x08007b34                SysTick_Handler
 .text.OTG_FS_IRQHandler
                0x08007b44       0x14 Src\stm32f7xx_it.o
                0x08007b44                OTG_FS_IRQHandler
 .text.SystemInit
                0x08007b58       0x6c Src\system_stm32f7xx.o
                0x08007b58                SystemInit
 .text.MX_USB_DEVICE_Init
                0x08007bc4       0x38 Src\usb_device.o
                0x08007bc4                MX_USB_DEVICE_Init
 .text.HAL_PCD_MspInit
                0x08007bfc       0xa0 Src\usbd_conf.o
                0x08007bfc                HAL_PCD_MspInit
 .text.HAL_PCD_SetupStageCallback
                0x08007c9c       0x24 Src\usbd_conf.o
                0x08007c9c                HAL_PCD_SetupStageCallback
 .text.HAL_PCD_DataOutStageCallback
                0x08007cc0       0x36 Src\usbd_conf.o
                0x08007cc0                HAL_PCD_DataOutStageCallback
 .text.HAL_PCD_DataInStageCallback
                0x08007cf6       0x34 Src\usbd_conf.o
                0x08007cf6                HAL_PCD_DataInStageCallback
 .text.HAL_PCD_SOFCallback
                0x08007d2a       0x1c Src\usbd_conf.o
                0x08007d2a                HAL_PCD_SOFCallback
 .text.HAL_PCD_ResetCallback
                0x08007d46       0x50 Src\usbd_conf.o
                0x08007d46                HAL_PCD_ResetCallback
 *fill*         0x08007d96        0x2 
 .text.HAL_PCD_SuspendCallback
                0x08007d98       0x50 Src\usbd_conf.o
                0x08007d98                HAL_PCD_SuspendCallback
 .text.HAL_PCD_ResumeCallback
                0x08007de8       0x1c Src\usbd_conf.o
                0x08007de8                HAL_PCD_ResumeCallback
 .text.HAL_PCD_ISOOUTIncompleteCallback
                0x08007e04       0x24 Src\usbd_conf.o
                0x08007e04                HAL_PCD_ISOOUTIncompleteCallback
 .text.HAL_PCD_ISOINIncompleteCallback
                0x08007e28       0x24 Src\usbd_conf.o
                0x08007e28                HAL_PCD_ISOINIncompleteCallback
 .text.HAL_PCD_ConnectCallback
                0x08007e4c       0x1c Src\usbd_conf.o
                0x08007e4c                HAL_PCD_ConnectCallback
 .text.HAL_PCD_DisconnectCallback
                0x08007e68       0x1c Src\usbd_conf.o
                0x08007e68                HAL_PCD_DisconnectCallback
 .text.USBD_LL_Init
                0x08007e84       0xa8 Src\usbd_conf.o
                0x08007e84                USBD_LL_Init
 .text.USBD_LL_Start
                0x08007f2c       0x64 Src\usbd_conf.o
                0x08007f2c                USBD_LL_Start
 .text.USBD_LL_OpenEP
                0x08007f90       0x7c Src\usbd_conf.o
                0x08007f90                USBD_LL_OpenEP
 .text.USBD_LL_StallEP
                0x0800800c       0x6c Src\usbd_conf.o
                0x0800800c                USBD_LL_StallEP
 .text.USBD_LL_ClearStallEP
                0x08008078       0x6c Src\usbd_conf.o
                0x08008078                USBD_LL_ClearStallEP
 .text.USBD_LL_IsStallEP
                0x080080e4       0x58 Src\usbd_conf.o
                0x080080e4                USBD_LL_IsStallEP
 .text.USBD_LL_SetUSBAddress
                0x0800813c       0x6c Src\usbd_conf.o
                0x0800813c                USBD_LL_SetUSBAddress
 .text.USBD_LL_Transmit
                0x080081a8       0x74 Src\usbd_conf.o
                0x080081a8                USBD_LL_Transmit
 .text.USBD_LL_PrepareReceive
                0x0800821c       0x74 Src\usbd_conf.o
                0x0800821c                USBD_LL_PrepareReceive
 .text.USBD_FS_DeviceDescriptor
                0x08008290       0x24 Src\usbd_desc.o
                0x08008290                USBD_FS_DeviceDescriptor
 .text.USBD_FS_LangIDStrDescriptor
                0x080082b4       0x24 Src\usbd_desc.o
                0x080082b4                USBD_FS_LangIDStrDescriptor
 .text.USBD_FS_ProductStrDescriptor
                0x080082d8       0x3c Src\usbd_desc.o
                0x080082d8                USBD_FS_ProductStrDescriptor
 .text.USBD_FS_ManufacturerStrDescriptor
                0x08008314       0x28 Src\usbd_desc.o
                0x08008314                USBD_FS_ManufacturerStrDescriptor
 .text.USBD_FS_SerialStrDescriptor
                0x0800833c       0x3c Src\usbd_desc.o
                0x0800833c                USBD_FS_SerialStrDescriptor
 .text.USBD_FS_ConfigStrDescriptor
                0x08008378       0x3c Src\usbd_desc.o
                0x08008378                USBD_FS_ConfigStrDescriptor
 .text.USBD_FS_InterfaceStrDescriptor
                0x080083b4       0x3c Src\usbd_desc.o
                0x080083b4                USBD_FS_InterfaceStrDescriptor
 .text.UVC_Init_FS
                0x080083f0       0x28 Src\usbd_uvc_if.o
 .text.UVC_DeInit_FS
                0x08008418       0x10 Src\usbd_uvc_if.o
 .text.UVC_Control_FS
                0x08008428       0xbc Src\usbd_uvc_if.o
 .text.UVC_Receive_FS
                0x080084e4       0x28 Src\usbd_uvc_if.o
 .text.Reset_Handler
                0x0800850c       0x50 startup\startup_stm32f765xx.o
                0x0800850c                Reset_Handler
 .text.Default_Handler
                0x0800855c        0x2 startup\startup_stm32f765xx.o
                0x0800855c                RTC_Alarm_IRQHandler
                0x0800855c                EXTI2_IRQHandler
                0x0800855c                TIM8_CC_IRQHandler
                0x0800855c                UART8_IRQHandler
                0x0800855c                SPI4_IRQHandler
                0x0800855c                TIM1_CC_IRQHandler
                0x0800855c                DMA2_Stream5_IRQHandler
                0x0800855c                DMA1_Stream5_IRQHandler
                0x0800855c                CAN3_RX1_IRQHandler
                0x0800855c                PVD_IRQHandler
                0x0800855c                TAMP_STAMP_IRQHandler
                0x0800855c                CAN2_RX1_IRQHandler
                0x0800855c                EXTI3_IRQHandler
                0x0800855c                TIM8_TRG_COM_TIM14_IRQHandler
                0x0800855c                DFSDM1_FLT1_IRQHandler
                0x0800855c                TIM1_UP_TIM10_IRQHandler
                0x0800855c                TIM8_UP_TIM13_IRQHandler
                0x0800855c                I2C3_ER_IRQHandler
                0x0800855c                DFSDM1_FLT2_IRQHandler
                0x0800855c                EXTI0_IRQHandler
                0x0800855c                I2C2_EV_IRQHandler
                0x0800855c                DMA1_Stream2_IRQHandler
                0x0800855c                CAN1_RX0_IRQHandler
                0x0800855c                FPU_IRQHandler
                0x0800855c                OTG_HS_WKUP_IRQHandler
                0x0800855c                CAN3_SCE_IRQHandler
                0x0800855c                CAN2_SCE_IRQHandler
                0x0800855c                DMA2_Stream2_IRQHandler
                0x0800855c                SPI1_IRQHandler
                0x0800855c                TIM6_DAC_IRQHandler
                0x0800855c                TIM1_BRK_TIM9_IRQHandler
                0x0800855c                DCMI_IRQHandler
                0x0800855c                CAN2_RX0_IRQHandler
                0x0800855c                DMA2_Stream3_IRQHandler
                0x0800855c                SAI2_IRQHandler
                0x0800855c                DFSDM1_FLT3_IRQHandler
                0x0800855c                USART6_IRQHandler
                0x0800855c                CAN3_RX0_IRQHandler
                0x0800855c                USART3_IRQHandler
                0x0800855c                CAN1_RX1_IRQHandler
                0x0800855c                UART5_IRQHandler
                0x0800855c                DMA2_Stream0_IRQHandler
                0x0800855c                TIM4_IRQHandler
                0x0800855c                QUADSPI_IRQHandler
                0x0800855c                I2C1_EV_IRQHandler
                0x0800855c                DMA1_Stream6_IRQHandler
                0x0800855c                DMA1_Stream1_IRQHandler
                0x0800855c                UART4_IRQHandler
                0x0800855c                TIM3_IRQHandler
                0x0800855c                RCC_IRQHandler
                0x0800855c                TIM8_BRK_TIM12_IRQHandler
                0x0800855c                Default_Handler
                0x0800855c                CEC_IRQHandler
                0x0800855c                EXTI15_10_IRQHandler
                0x0800855c                ADC_IRQHandler
                0x0800855c                DMA1_Stream7_IRQHandler
                0x0800855c                SPI5_IRQHandler
                0x0800855c                TIM7_IRQHandler
                0x0800855c                SDMMC1_IRQHandler
                0x0800855c                CAN2_TX_IRQHandler
                0x0800855c                TIM5_IRQHandler
                0x0800855c                DMA2_Stream7_IRQHandler
                0x0800855c                I2C3_EV_IRQHandler
                0x0800855c                EXTI9_5_IRQHandler
                0x0800855c                RTC_WKUP_IRQHandler
                0x0800855c                ETH_WKUP_IRQHandler
                0x0800855c                SPDIF_RX_IRQHandler
                0x0800855c                SPI2_IRQHandler
                0x0800855c                OTG_HS_EP1_IN_IRQHandler
                0x0800855c                DMA1_Stream0_IRQHandler
                0x0800855c                CAN1_TX_IRQHandler
                0x0800855c                EXTI4_IRQHandler
                0x0800855c                RNG_IRQHandler
                0x0800855c                ETH_IRQHandler
                0x0800855c                OTG_HS_EP1_OUT_IRQHandler
                0x0800855c                WWDG_IRQHandler
                0x0800855c                SPI6_IRQHandler
                0x0800855c                MDIOS_IRQHandler
                0x0800855c                I2C4_EV_IRQHandler
                0x0800855c                CAN3_TX_IRQHandler
                0x0800855c                TIM2_IRQHandler
                0x0800855c                OTG_FS_WKUP_IRQHandler
                0x0800855c                TIM1_TRG_COM_TIM11_IRQHandler
                0x0800855c                OTG_HS_IRQHandler
                0x0800855c                DMA2D_IRQHandler
                0x0800855c                EXTI1_IRQHandler
                0x0800855c                SDMMC2_IRQHandler
                0x0800855c                UART7_IRQHandler
                0x0800855c                USART2_IRQHandler
                0x0800855c                DFSDM1_FLT0_IRQHandler
                0x0800855c                I2C2_ER_IRQHandler
                0x0800855c                DMA2_Stream1_IRQHandler
                0x0800855c                CAN1_SCE_IRQHandler
                0x0800855c                FLASH_IRQHandler
                0x0800855c                DMA2_Stream4_IRQHandler
                0x0800855c                USART1_IRQHandler
                0x0800855c                SPI3_IRQHandler
                0x0800855c                DMA1_Stream4_IRQHandler
                0x0800855c                I2C1_ER_IRQHandler
                0x0800855c                FMC_IRQHandler
                0x0800855c                LPTIM1_IRQHandler
                0x0800855c                I2C4_ER_IRQHandler
                0x0800855c                DMA2_Stream6_IRQHandler
                0x0800855c                SAI1_IRQHandler
                0x0800855c                DMA1_Stream3_IRQHandler
 *fill*         0x0800855e        0x2 
 .text.__libc_init_array
                0x08008560       0x48 d:/program files (x86)/atollic/truestudio for stm32 9.0.0/armtools/bin/../lib/gcc/arm-atollic-eabi/6.3.1/../../../../arm-atollic-eabi/lib/armv7e-m/fpu/fpv5-d16\libc_nano.a(lib_a-init.o)
                0x08008560                __libc_init_array
 .text.cos      0x080085a8       0x78 d:/program files (x86)/atollic/truestudio for stm32 9.0.0/armtools/bin/../lib/gcc/arm-atollic-eabi/6.3.1/../../../../arm-atollic-eabi/lib/armv7e-m/fpu/fpv5-d16\libm.a(lib_a-s_cos.o)
                0x080085a8                cos
 .text.sin      0x08008620       0x78 d:/program files (x86)/atollic/truestudio for stm32 9.0.0/armtools/bin/../lib/gcc/arm-atollic-eabi/6.3.1/../../../../arm-atollic-eabi/lib/armv7e-m/fpu/fpv5-d16\libm.a(lib_a-s_sin.o)
                0x08008620                sin
 .text.__ieee754_rem_pio2
                0x08008698      0x280 d:/program files (x86)/atollic/truestudio for stm32 9.0.0/armtools/bin/../lib/gcc/arm-atollic-eabi/6.3.1/../../../../arm-atollic-eabi/lib/armv7e-m/fpu/fpv5-d16\libm.a(lib_a-e_rem_pio2.o)
                0x08008698                __ieee754_rem_pio2
 .text.__kernel_cos
                0x08008918       0xd8 d:/program files (x86)/atollic/truestudio for stm32 9.0.0/armtools/bin/../lib/gcc/arm-atollic-eabi/6.3.1/../../../../arm-atollic-eabi/lib/armv7e-m/fpu/fpv5-d16\libm.a(lib_a-k_cos.o)
                0x08008918                __kernel_cos
 .text.__kernel_rem_pio2
                0x080089f0      0x4e8 d:/program files (x86)/atollic/truestudio for stm32 9.0.0/armtools/bin/../lib/gcc/arm-atollic-eabi/6.3.1/../../../../arm-atollic-eabi/lib/armv7e-m/fpu/fpv5-d16\libm.a(lib_a-k_rem_pio2.o)
                0x080089f0                __kernel_rem_pio2
 .text.__kernel_sin
                0x08008ed8       0xb0 d:/program files (x86)/atollic/truestudio for stm32 9.0.0/armtools/bin/../lib/gcc/arm-atollic-eabi/6.3.1/../../../../arm-atollic-eabi/lib/armv7e-m/fpu/fpv5-d16\libm.a(lib_a-k_sin.o)
                0x08008ed8                __kernel_sin
 .text.fabs     0x08008f88        0xe d:/program files (x86)/atollic/truestudio for stm32 9.0.0/armtools/bin/../lib/gcc/arm-atollic-eabi/6.3.1/../../../../arm-atollic-eabi/lib/armv7e-m/fpu/fpv5-d16\libm.a(lib_a-s_fabs.o)
                0x08008f88                fabs
 *fill*         0x08008f96        0x2 
 .text.floor    0x08008f98       0xf0 d:/program files (x86)/atollic/truestudio for stm32 9.0.0/armtools/bin/../lib/gcc/arm-atollic-eabi/6.3.1/../../../../arm-atollic-eabi/lib/armv7e-m/fpu/fpv5-d16\libm.a(lib_a-s_floor.o)
                0x08008f98                floor
 .text.scalbn   0x08009088       0xfc d:/program files (x86)/atollic/truestudio for stm32 9.0.0/armtools/bin/../lib/gcc/arm-atollic-eabi/6.3.1/../../../../arm-atollic-eabi/lib/armv7e-m/fpu/fpv5-d16\libm.a(lib_a-s_scalbn.o)
                0x08009088                scalbn
 .text.copysign
                0x08009184       0x1a d:/program files (x86)/atollic/truestudio for stm32 9.0.0/armtools/bin/../lib/gcc/arm-atollic-eabi/6.3.1/../../../../arm-atollic-eabi/lib/armv7e-m/fpu/fpv5-d16\libm.a(lib_a-s_copysign.o)
                0x08009184                copysign
 *(.glue_7)
 .glue_7        0x0800919e        0x0 linker stubs
 *(.glue_7t)
 .glue_7t       0x0800919e        0x0 linker stubs
 *(.eh_frame)
 *fill*         0x0800919e        0x2 
 .eh_frame      0x080091a0        0x0 d:/program files (x86)/atollic/truestudio for stm32 9.0.0/armtools/bin/../lib/gcc/arm-atollic-eabi/6.3.1/armv7e-m/fpu/fpv5-d16/crtbegin.o
 *(.init)
 .init          0x080091a0        0x4 d:/program files (x86)/atollic/truestudio for stm32 9.0.0/armtools/bin/../lib/gcc/arm-atollic-eabi/6.3.1/armv7e-m/fpu/fpv5-d16/crti.o
                0x080091a0                _init
 .init          0x080091a4        0x8 d:/program files (x86)/atollic/truestudio for stm32 9.0.0/armtools/bin/../lib/gcc/arm-atollic-eabi/6.3.1/armv7e-m/fpu/fpv5-d16/crtn.o
 *(.fini)
 .fini          0x080091ac        0x4 d:/program files (x86)/atollic/truestudio for stm32 9.0.0/armtools/bin/../lib/gcc/arm-atollic-eabi/6.3.1/armv7e-m/fpu/fpv5-d16/crti.o
                0x080091ac                _fini
 .fini          0x080091b0        0x8 d:/program files (x86)/atollic/truestudio for stm32 9.0.0/armtools/bin/../lib/gcc/arm-atollic-eabi/6.3.1/armv7e-m/fpu/fpv5-d16/crtn.o
                0x080091b8                . = ALIGN (0x4)
                0x080091b8                _etext = .

.vfp11_veneer   0x080091b8        0x0
 .vfp11_veneer  0x080091b8        0x0 linker stubs

.v4_bx          0x080091b8        0x0
 .v4_bx         0x080091b8        0x0 linker stubs

.iplt           0x080091b8        0x0
 .iplt          0x080091b8        0x0 d:/program files (x86)/atollic/truestudio for stm32 9.0.0/armtools/bin/../lib/gcc/arm-atollic-eabi/6.3.1/armv7e-m/fpu/fpv5-d16/crtbegin.o

.rodata         0x080091b8      0xab8
                0x080091b8                . = ALIGN (0x4)
 *(.rodata)
 .rodata        0x080091b8       0x3b Drivers\STM32F7xx_HAL_Driver\Src\stm32f7xx_hal_cortex.o
 *fill*         0x080091f3        0x1 
 .rodata        0x080091f4       0x39 Drivers\STM32F7xx_HAL_Driver\Src\stm32f7xx_hal_gpio.o
 *fill*         0x0800922d        0x3 
 .rodata        0x08009230       0x38 Drivers\STM32F7xx_HAL_Driver\Src\stm32f7xx_hal_pcd.o
 .rodata        0x08009268       0x38 Drivers\STM32F7xx_HAL_Driver\Src\stm32f7xx_hal_rcc.o
 .rodata        0x080092a0       0x3b Drivers\STM32F7xx_HAL_Driver\Src\stm32f7xx_hal_rcc_ex.o
 *fill*         0x080092db        0x1 
 .rodata        0x080092dc        0xe Src\main.o
 *fill*         0x080092ea        0x2 
 .rodata        0x080092ec       0x13 Src\usbd_conf.o
 *fill*         0x080092ff        0x1 
 .rodata        0x08009300       0x52 Src\usbd_desc.o
 *(.rodata*)
 *fill*         0x08009352        0x2 
 .rodata.JHEADER_1
                0x08009354        0x7 Src\jprocess.o
 *fill*         0x0800935b        0x1 
 .rodata.zigzag_index
                0x0800935c       0x40 Src\jprocess.o
 .rodata.aanscales
                0x0800939c       0x80 Src\jprocess.o
 .rodata.JHEADER_Q
                0x0800941c       0x40 Src\jprocess.o
 .rodata.JHEADER_2
                0x0800945c       0xf9 Src\jprocess.o
 *fill*         0x08009555        0x3 
 .rodata.csize  0x08009558      0x100 Src\jprocess.o
 .rodata.huff_dc
                0x08009658       0x30 Src\jprocess.o
 .rodata.huff_ac
                0x08009688      0x400 Src\jprocess.o
 .rodata.AHBPrescTable
                0x08009a88       0x10 Src\system_stm32f7xx.o
                0x08009a88                AHBPrescTable
 .rodata.npio2_hw
                0x08009a98       0x80 d:/program files (x86)/atollic/truestudio for stm32 9.0.0/armtools/bin/../lib/gcc/arm-atollic-eabi/6.3.1/../../../../arm-atollic-eabi/lib/armv7e-m/fpu/fpv5-d16\libm.a(lib_a-e_rem_pio2.o)
 .rodata.two_over_pi
                0x08009b18      0x108 d:/program files (x86)/atollic/truestudio for stm32 9.0.0/armtools/bin/../lib/gcc/arm-atollic-eabi/6.3.1/../../../../arm-atollic-eabi/lib/armv7e-m/fpu/fpv5-d16\libm.a(lib_a-e_rem_pio2.o)
 .rodata.PIo2   0x08009c20       0x40 d:/program files (x86)/atollic/truestudio for stm32 9.0.0/armtools/bin/../lib/gcc/arm-atollic-eabi/6.3.1/../../../../arm-atollic-eabi/lib/armv7e-m/fpu/fpv5-d16\libm.a(lib_a-k_rem_pio2.o)
 .rodata.init_jk
                0x08009c60       0x10 d:/program files (x86)/atollic/truestudio for stm32 9.0.0/armtools/bin/../lib/gcc/arm-atollic-eabi/6.3.1/../../../../arm-atollic-eabi/lib/armv7e-m/fpu/fpv5-d16\libm.a(lib_a-k_rem_pio2.o)
                0x08009c70                . = ALIGN (0x4)

.ARM.extab
 *(.ARM.extab* .gnu.linkonce.armextab.*)

.ARM            0x08009c70        0x8
                0x08009c70                __exidx_start = .
 *(.ARM.exidx*)
 .ARM.exidx     0x08009c70        0x8 d:/program files (x86)/atollic/truestudio for stm32 9.0.0/armtools/bin/../lib/gcc/arm-atollic-eabi/6.3.1/armv7e-m/fpu/fpv5-d16\libgcc.a(_udivmoddi4.o)
                0x08009c78                __exidx_end = .

.rel.dyn        0x08009c78        0x0
 .rel.iplt      0x08009c78        0x0 d:/program files (x86)/atollic/truestudio for stm32 9.0.0/armtools/bin/../lib/gcc/arm-atollic-eabi/6.3.1/armv7e-m/fpu/fpv5-d16/crtbegin.o

.preinit_array  0x08009c78        0x0
                0x08009c78                PROVIDE (__preinit_array_start, .)
 *(.preinit_array*)
                0x08009c78                PROVIDE (__preinit_array_end, .)

.init_array     0x08009c78        0x4
                0x08009c78                PROVIDE (__init_array_start, .)
 *(SORT(.init_array.*))
 *(.init_array*)
 .init_array    0x08009c78        0x4 d:/program files (x86)/atollic/truestudio for stm32 9.0.0/armtools/bin/../lib/gcc/arm-atollic-eabi/6.3.1/armv7e-m/fpu/fpv5-d16/crtbegin.o
                0x08009c7c                PROVIDE (__init_array_end, .)

.fini_array     0x08009c7c        0x4
                [!provide]                PROVIDE (__fini_array_start, .)
 *(SORT(.fini_array.*))
 *(.fini_array*)
 .fini_array    0x08009c7c        0x4 d:/program files (x86)/atollic/truestudio for stm32 9.0.0/armtools/bin/../lib/gcc/arm-atollic-eabi/6.3.1/armv7e-m/fpu/fpv5-d16/crtbegin.o
                [!provide]                PROVIDE (__fini_array_end, .)

.dtcmram        0x20000000     0xfa00
                0x20000000                . = ALIGN (0x4)
 *(.dtcmram)
 .dtcmram       0x20000000     0xfa00 Src\jprocess.o
                0x20000000                outbytes0
                0x20007d00                outbytes1
                0x2000fa00                . = ALIGN (0x4)
                0x08009c80                _sidata = LOADADDR (.data)

.data           0x20020000      0x184 load address 0x08009c80
                0x20020000                . = ALIGN (0x4)
                0x20020000                _sdata = .
 *(.data)
 *(.data*)
 .data.uwTickPrio
                0x20020000        0x4 Drivers\STM32F7xx_HAL_Driver\Src\stm32f7xx_hal.o
                0x20020000                uwTickPrio
 .data.uwTickFreq
                0x20020004        0x1 Drivers\STM32F7xx_HAL_Driver\Src\stm32f7xx_hal.o
                0x20020004                uwTickFreq
 *fill*         0x20020005        0x3 
 .data.videoCommitControl
                0x20020008       0x22 Middlewares\ST\STM32_USB_Device_Library\Class\UVC\Src\usb_video_core.o
                0x20020008                videoCommitControl
 *fill*         0x2002002a        0x2 
 .data.videoProbeControl
                0x2002002c       0x22 Middlewares\ST\STM32_USB_Device_Library\Class\UVC\Src\usb_video_core.o
                0x2002002c                videoProbeControl
 *fill*         0x2002004e        0x2 
 .data.VIDEO_cb
                0x20020050       0x38 Middlewares\ST\STM32_USB_Device_Library\Class\UVC\Src\usb_video_core.o
                0x20020050                VIDEO_cb
 .data.usbd_video_CfgDesc
                0x20020088       0x9f Middlewares\ST\STM32_USB_Device_Library\Class\UVC\Src\usb_video_core.o
 *fill*         0x20020127        0x1 
 .data.packets_cnt.10114
                0x20020128        0x2 Middlewares\ST\STM32_USB_Device_Library\Class\UVC\Src\usb_video_core.o
 *fill*         0x2002012a        0x2 
 .data.header.10115
                0x2002012c        0x2 Middlewares\ST\STM32_USB_Device_Library\Class\UVC\Src\usb_video_core.o
 .data.packets_in_frame.10118
                0x2002012e        0x2 Middlewares\ST\STM32_USB_Device_Library\Class\UVC\Src\usb_video_core.o
 .data.write_pointer
                0x20020130        0x4 Src\jprocess.o
                0x20020130                write_pointer
 .data.read_pointer
                0x20020134        0x4 Src\jprocess.o
                0x20020134                read_pointer
 .data.jpeg_encode_enabled
                0x20020138        0x1 Src\main.o
                0x20020138                jpeg_encode_enabled
 *fill*         0x20020139        0x3 
 .data.SystemCoreClock
                0x2002013c        0x4 Src\system_stm32f7xx.o
                0x2002013c                SystemCoreClock
 .data.FS_Desc  0x20020140       0x1c Src\usbd_desc.o
                0x20020140                FS_Desc
 .data.USBD_FS_DeviceDesc
                0x2002015c       0x12 Src\usbd_desc.o
                0x2002015c                USBD_FS_DeviceDesc
 *fill*         0x2002016e        0x2 
 .data.USBD_LangIDDesc
                0x20020170        0x4 Src\usbd_desc.o
                0x20020170                USBD_LangIDDesc
 .data.USBD_Interface_fops_FS
                0x20020174       0x10 Src\usbd_uvc_if.o
                0x20020174                USBD_Interface_fops_FS
                0x20020184                . = ALIGN (0x4)
                0x20020184                _edata = .

.igot.plt       0x20020184        0x0 load address 0x08009e04
 .igot.plt      0x20020184        0x0 d:/program files (x86)/atollic/truestudio for stm32 9.0.0/armtools/bin/../lib/gcc/arm-atollic-eabi/6.3.1/armv7e-m/fpu/fpv5-d16/crtbegin.o
                0x20020184                . = ALIGN (0x4)

.bss            0x20020188    0x14b88 load address 0x08009e04
                0x20020188                _sbss = .
                0x20020188                __bss_start__ = _sbss
 *(.bss)
 .bss           0x20020188       0x1c d:/program files (x86)/atollic/truestudio for stm32 9.0.0/armtools/bin/../lib/gcc/arm-atollic-eabi/6.3.1/armv7e-m/fpu/fpv5-d16/crtbegin.o
 *(.bss*)
 .bss.usbd_video_AltSet
                0x200201a4        0x4 Middlewares\ST\STM32_USB_Device_Library\Class\UVC\Src\usb_video_core.o
 .bss.play_status
                0x200201a8        0x1 Middlewares\ST\STM32_USB_Device_Library\Class\UVC\Src\usb_video_core.o
                0x200201a8                play_status
 .bss.tx_enable_flag.10121
                0x200201a9        0x1 Middlewares\ST\STM32_USB_Device_Library\Class\UVC\Src\usb_video_core.o
 *fill*         0x200201aa        0x2 
 .bss.picture_pos.10117
                0x200201ac        0x4 Middlewares\ST\STM32_USB_Device_Library\Class\UVC\Src\usb_video_core.o
 .bss.last_packet_size.10119
                0x200201b0        0x2 Middlewares\ST\STM32_USB_Device_Library\Class\UVC\Src\usb_video_core.o
 *fill*         0x200201b2        0x2 
 .bss.packet.10120
                0x200201b4      0x302 Middlewares\ST\STM32_USB_Device_Library\Class\UVC\Src\usb_video_core.o
 .bss.cfgidx.10054
                0x200204b6        0x1 Middlewares\ST\STM32_USB_Device_Library\Core\Src\usbd_ctlreq.o
 *fill*         0x200204b7        0x1 
 .bss.dct_data  0x200204b8      0x100 Src\jprocess.o
 .bss.z_q       0x200205b8      0x300 Src\jprocess.o
 .bss.LastDC    0x200208b8        0x4 Src\jprocess.o
 .bss.last_jpeg_frame_size
                0x200208bc        0x2 Src\main.o
                0x200208bc                last_jpeg_frame_size
 .bss.jpeg_encode_done
                0x200208be        0x1 Src\main.o
                0x200208be                jpeg_encode_done
 *fill*         0x200208bf        0x1 
 .bss.circle_x  0x200208c0        0x8 Src\main.o
                0x200208c0                circle_x
 .bss.circle_y  0x200208c8        0x8 Src\main.o
                0x200208c8                circle_y
 .bss.angle     0x200208d0        0x8 Src\main.o
                0x200208d0                angle
 *(COMMON)
 COMMON         0x200208d8        0x4 Drivers\STM32F7xx_HAL_Driver\Src\stm32f7xx_hal.o
                0x200208d8                uwTick
 COMMON         0x200208dc        0xc Src\jprocess.o
                0x200208dc                outbytes_p
                0x200208e0                bitstream_bit
                0x200208e4                bitstream_byte
 COMMON         0x200208e8    0x12c01 Src\main.o
                0x200208e8                raw_image
                0x200334e8                color
 *fill*         0x200334e9        0x3 
 COMMON         0x200334ec      0x224 Src\usb_device.o
                0x200334ec                hUsbDeviceFS
 COMMON         0x20033710      0x400 Src\usbd_conf.o
                0x20033710                hpcd_USB_OTG_FS
 COMMON         0x20033b10      0x200 Src\usbd_desc.o
                0x20033b10                USBD_StrDesc
 COMMON         0x20033d10     0x1000 Src\usbd_uvc_if.o
                0x20033d10                UserRxBufferFS
                0x20034510                UserTxBufferFS
                0x20034d10                . = ALIGN (0x4)
                0x20034d10                _ebss = .
                0x20034d10                __bss_end__ = _ebss

._user_heap_stack
                0x20034d10      0x600 load address 0x08009e04
                0x20034d10                . = ALIGN (0x4)
                0x20034d10                PROVIDE (end, .)
                [!provide]                PROVIDE (_end, .)
                0x20034f10                . = (. + _Min_Heap_Size)
 *fill*         0x20034d10      0x200 
                0x20035310                . = (. + _Min_Stack_Size)
 *fill*         0x20034f10      0x400 
                0x20035310                . = ALIGN (0x4)

/DISCARD/
 libc.a(*)
 libm.a(*)
 libgcc.a(*)

.ARM.attributes
                0x00000000       0x2e
 *(.ARM.attributes)
 .ARM.attributes
                0x00000000       0x20 d:/program files (x86)/atollic/truestudio for stm32 9.0.0/armtools/bin/../lib/gcc/arm-atollic-eabi/6.3.1/armv7e-m/fpu/fpv5-d16/crti.o
 .ARM.attributes
                0x00000020       0x32 d:/program files (x86)/atollic/truestudio for stm32 9.0.0/armtools/bin/../lib/gcc/arm-atollic-eabi/6.3.1/armv7e-m/fpu/fpv5-d16/crtbegin.o
 .ARM.attributes
                0x00000052       0x37 Drivers\STM32F7xx_HAL_Driver\Src\stm32f7xx_hal.o
 .ARM.attributes
                0x00000089       0x37 Drivers\STM32F7xx_HAL_Driver\Src\stm32f7xx_hal_cortex.o
 .ARM.attributes
                0x000000c0       0x37 Drivers\STM32F7xx_HAL_Driver\Src\stm32f7xx_hal_gpio.o
 .ARM.attributes
                0x000000f7       0x37 Drivers\STM32F7xx_HAL_Driver\Src\stm32f7xx_hal_pcd.o
 .ARM.attributes
                0x0000012e       0x37 Drivers\STM32F7xx_HAL_Driver\Src\stm32f7xx_hal_pcd_ex.o
 .ARM.attributes
                0x00000165       0x37 Drivers\STM32F7xx_HAL_Driver\Src\stm32f7xx_hal_pwr_ex.o
 .ARM.attributes
                0x0000019c       0x37 Drivers\STM32F7xx_HAL_Driver\Src\stm32f7xx_hal_rcc.o
 .ARM.attributes
                0x000001d3       0x37 Drivers\STM32F7xx_HAL_Driver\Src\stm32f7xx_hal_rcc_ex.o
 .ARM.attributes
                0x0000020a       0x37 Drivers\STM32F7xx_HAL_Driver\Src\stm32f7xx_ll_usb.o
 .ARM.attributes
                0x00000241       0x37 Middlewares\ST\STM32_USB_Device_Library\Class\UVC\Src\usb_video_core.o
 .ARM.attributes
                0x00000278       0x37 Middlewares\ST\STM32_USB_Device_Library\Class\UVC\Src\usbd_uvc.o
 .ARM.attributes
                0x000002af       0x37 Middlewares\ST\STM32_USB_Device_Library\Core\Src\usbd_core.o
 .ARM.attributes
                0x000002e6       0x37 Middlewares\ST\STM32_USB_Device_Library\Core\Src\usbd_ctlreq.o
 .ARM.attributes
                0x0000031d       0x37 Middlewares\ST\STM32_USB_Device_Library\Core\Src\usbd_ioreq.o
 .ARM.attributes
                0x00000354       0x37 Src\gpio.o
 .ARM.attributes
                0x0000038b       0x37 Src\jprocess.o
 .ARM.attributes
                0x000003c2       0x37 Src\main.o
 .ARM.attributes
                0x000003f9       0x37 Src\stm32f7xx_hal_msp.o
 .ARM.attributes
                0x00000430       0x37 Src\stm32f7xx_it.o
 .ARM.attributes
                0x00000467       0x37 Src\system_stm32f7xx.o
 .ARM.attributes
                0x0000049e       0x37 Src\usb_device.o
 .ARM.attributes
                0x000004d5       0x37 Src\usbd_conf.o
 .ARM.attributes
                0x0000050c       0x37 Src\usbd_desc.o
 .ARM.attributes
                0x00000543       0x37 Src\usbd_uvc_if.o
 .ARM.attributes
                0x0000057a       0x21 startup\startup_stm32f765xx.o
 .ARM.attributes
                0x0000059b       0x32 d:/program files (x86)/atollic/truestudio for stm32 9.0.0/armtools/bin/../lib/gcc/arm-atollic-eabi/6.3.1/../../../../arm-atollic-eabi/lib/armv7e-m/fpu/fpv5-d16\libc_nano.a(lib_a-init.o)
 .ARM.attributes
                0x000005cd       0x32 d:/program files (x86)/atollic/truestudio for stm32 9.0.0/armtools/bin/../lib/gcc/arm-atollic-eabi/6.3.1/../../../../arm-atollic-eabi/lib/armv7e-m/fpu/fpv5-d16\libm.a(lib_a-s_cos.o)
 .ARM.attributes
                0x000005ff       0x32 d:/program files (x86)/atollic/truestudio for stm32 9.0.0/armtools/bin/../lib/gcc/arm-atollic-eabi/6.3.1/../../../../arm-atollic-eabi/lib/armv7e-m/fpu/fpv5-d16\libm.a(lib_a-s_sin.o)
 .ARM.attributes
                0x00000631       0x32 d:/program files (x86)/atollic/truestudio for stm32 9.0.0/armtools/bin/../lib/gcc/arm-atollic-eabi/6.3.1/../../../../arm-atollic-eabi/lib/armv7e-m/fpu/fpv5-d16\libm.a(lib_a-e_rem_pio2.o)
 .ARM.attributes
                0x00000663       0x32 d:/program files (x86)/atollic/truestudio for stm32 9.0.0/armtools/bin/../lib/gcc/arm-atollic-eabi/6.3.1/../../../../arm-atollic-eabi/lib/armv7e-m/fpu/fpv5-d16\libm.a(lib_a-k_cos.o)
 .ARM.attributes
                0x00000695       0x32 d:/program files (x86)/atollic/truestudio for stm32 9.0.0/armtools/bin/../lib/gcc/arm-atollic-eabi/6.3.1/../../../../arm-atollic-eabi/lib/armv7e-m/fpu/fpv5-d16\libm.a(lib_a-k_rem_pio2.o)
 .ARM.attributes
                0x000006c7       0x32 d:/program files (x86)/atollic/truestudio for stm32 9.0.0/armtools/bin/../lib/gcc/arm-atollic-eabi/6.3.1/../../../../arm-atollic-eabi/lib/armv7e-m/fpu/fpv5-d16\libm.a(lib_a-k_sin.o)
 .ARM.attributes
                0x000006f9       0x32 d:/program files (x86)/atollic/truestudio for stm32 9.0.0/armtools/bin/../lib/gcc/arm-atollic-eabi/6.3.1/../../../../arm-atollic-eabi/lib/armv7e-m/fpu/fpv5-d16\libm.a(lib_a-s_fabs.o)
 .ARM.attributes
                0x0000072b       0x32 d:/program files (x86)/atollic/truestudio for stm32 9.0.0/armtools/bin/../lib/gcc/arm-atollic-eabi/6.3.1/../../../../arm-atollic-eabi/lib/armv7e-m/fpu/fpv5-d16\libm.a(lib_a-s_floor.o)
 .ARM.attributes
                0x0000075d       0x32 d:/program files (x86)/atollic/truestudio for stm32 9.0.0/armtools/bin/../lib/gcc/arm-atollic-eabi/6.3.1/../../../../arm-atollic-eabi/lib/armv7e-m/fpu/fpv5-d16\libm.a(lib_a-s_scalbn.o)
 .ARM.attributes
                0x0000078f       0x32 d:/program files (x86)/atollic/truestudio for stm32 9.0.0/armtools/bin/../lib/gcc/arm-atollic-eabi/6.3.1/../../../../arm-atollic-eabi/lib/armv7e-m/fpu/fpv5-d16\libm.a(lib_a-s_copysign.o)
 .ARM.attributes
                0x000007c1       0x20 d:/program files (x86)/atollic/truestudio for stm32 9.0.0/armtools/bin/../lib/gcc/arm-atollic-eabi/6.3.1/armv7e-m/fpu/fpv5-d16\libgcc.a(_aeabi_uldivmod.o)
 .ARM.attributes
                0x000007e1       0x32 d:/program files (x86)/atollic/truestudio for stm32 9.0.0/armtools/bin/../lib/gcc/arm-atollic-eabi/6.3.1/armv7e-m/fpu/fpv5-d16\libgcc.a(_udivmoddi4.o)
 .ARM.attributes
                0x00000813       0x20 d:/program files (x86)/atollic/truestudio for stm32 9.0.0/armtools/bin/../lib/gcc/arm-atollic-eabi/6.3.1/armv7e-m/fpu/fpv5-d16\libgcc.a(_dvmd_tls.o)
 .ARM.attributes
                0x00000833       0x20 d:/program files (x86)/atollic/truestudio for stm32 9.0.0/armtools/bin/../lib/gcc/arm-atollic-eabi/6.3.1/armv7e-m/fpu/fpv5-d16/crtn.o
OUTPUT(cube_jun17_attempt.elf elf32-littlearm)

.debug_info     0x00000000    0x1b03c
 .debug_info    0x00000000     0x1222 Drivers\STM32F7xx_HAL_Driver\Src\stm32f7xx_hal.o
 .debug_info    0x00001222     0x184a Drivers\STM32F7xx_HAL_Driver\Src\stm32f7xx_hal_cortex.o
 .debug_info    0x00002a6c      0xfaa Drivers\STM32F7xx_HAL_Driver\Src\stm32f7xx_hal_gpio.o
 .debug_info    0x00003a16     0x180d Drivers\STM32F7xx_HAL_Driver\Src\stm32f7xx_hal_pcd.o
 .debug_info    0x00005223      0xf75 Drivers\STM32F7xx_HAL_Driver\Src\stm32f7xx_hal_pcd_ex.o
 .debug_info    0x00006198     0x1167 Drivers\STM32F7xx_HAL_Driver\Src\stm32f7xx_hal_pwr_ex.o
 .debug_info    0x000072ff     0x1148 Drivers\STM32F7xx_HAL_Driver\Src\stm32f7xx_hal_rcc.o
 .debug_info    0x00008447      0xf92 Drivers\STM32F7xx_HAL_Driver\Src\stm32f7xx_hal_rcc_ex.o
 .debug_info    0x000093d9     0x1cd2 Drivers\STM32F7xx_HAL_Driver\Src\stm32f7xx_ll_usb.o
 .debug_info    0x0000b0ab     0x1514 Middlewares\ST\STM32_USB_Device_Library\Class\UVC\Src\usb_video_core.o
 .debug_info    0x0000c5bf     0x12cf Middlewares\ST\STM32_USB_Device_Library\Class\UVC\Src\usbd_uvc.o
 .debug_info    0x0000d88e     0x1166 Middlewares\ST\STM32_USB_Device_Library\Core\Src\usbd_core.o
 .debug_info    0x0000e9f4     0x10c7 Middlewares\ST\STM32_USB_Device_Library\Core\Src\usbd_ctlreq.o
 .debug_info    0x0000fabb      0xec7 Middlewares\ST\STM32_USB_Device_Library\Core\Src\usbd_ioreq.o
 .debug_info    0x00010982      0xb68 Src\gpio.o
 .debug_info    0x000114ea      0xb11 Src\jprocess.o
 .debug_info    0x00011ffb     0x1a5d Src\main.o
 .debug_info    0x00013a58      0xbf3 Src\stm32f7xx_hal_msp.o
 .debug_info    0x0001464b      0xe80 Src\stm32f7xx_it.o
 .debug_info    0x000154cb      0xf00 Src\system_stm32f7xx.o
 .debug_info    0x000163cb      0xe02 Src\usb_device.o
 .debug_info    0x000171cd     0x21fb Src\usbd_conf.o
 .debug_info    0x000193c8      0xc10 Src\usbd_desc.o
 .debug_info    0x00019fd8      0xfcf Src\usbd_uvc_if.o
 .debug_info    0x0001afa7       0x95 startup\startup_stm32f765xx.o

.debug_abbrev   0x00000000     0x38d0
 .debug_abbrev  0x00000000      0x282 Drivers\STM32F7xx_HAL_Driver\Src\stm32f7xx_hal.o
 .debug_abbrev  0x00000282      0x371 Drivers\STM32F7xx_HAL_Driver\Src\stm32f7xx_hal_cortex.o
 .debug_abbrev  0x000005f3      0x24c Drivers\STM32F7xx_HAL_Driver\Src\stm32f7xx_hal_gpio.o
 .debug_abbrev  0x0000083f      0x2de Drivers\STM32F7xx_HAL_Driver\Src\stm32f7xx_hal_pcd.o
 .debug_abbrev  0x00000b1d      0x23c Drivers\STM32F7xx_HAL_Driver\Src\stm32f7xx_hal_pcd_ex.o
 .debug_abbrev  0x00000d59      0x28b Drivers\STM32F7xx_HAL_Driver\Src\stm32f7xx_hal_pwr_ex.o
 .debug_abbrev  0x00000fe4      0x2eb Drivers\STM32F7xx_HAL_Driver\Src\stm32f7xx_hal_rcc.o
 .debug_abbrev  0x000012cf      0x23f Drivers\STM32F7xx_HAL_Driver\Src\stm32f7xx_hal_rcc_ex.o
 .debug_abbrev  0x0000150e      0x2c8 Drivers\STM32F7xx_HAL_Driver\Src\stm32f7xx_ll_usb.o
 .debug_abbrev  0x000017d6      0x2b8 Middlewares\ST\STM32_USB_Device_Library\Class\UVC\Src\usb_video_core.o
 .debug_abbrev  0x00001a8e      0x28c Middlewares\ST\STM32_USB_Device_Library\Class\UVC\Src\usbd_uvc.o
 .debug_abbrev  0x00001d1a      0x25c Middlewares\ST\STM32_USB_Device_Library\Core\Src\usbd_core.o
 .debug_abbrev  0x00001f76      0x28c Middlewares\ST\STM32_USB_Device_Library\Core\Src\usbd_ctlreq.o
 .debug_abbrev  0x00002202      0x1cc Middlewares\ST\STM32_USB_Device_Library\Core\Src\usbd_ioreq.o
 .debug_abbrev  0x000023ce      0x1a8 Src\gpio.o
 .debug_abbrev  0x00002576      0x24b Src\jprocess.o
 .debug_abbrev  0x000027c1      0x2f4 Src\main.o
 .debug_abbrev  0x00002ab5      0x199 Src\stm32f7xx_hal_msp.o
 .debug_abbrev  0x00002c4e      0x1d1 Src\stm32f7xx_it.o
 .debug_abbrev  0x00002e1f      0x1e6 Src\system_stm32f7xx.o
 .debug_abbrev  0x00003005      0x1a6 Src\usb_device.o
 .debug_abbrev  0x000031ab      0x291 Src\usbd_conf.o
 .debug_abbrev  0x0000343c      0x211 Src\usbd_desc.o
 .debug_abbrev  0x0000364d      0x271 Src\usbd_uvc_if.o
 .debug_abbrev  0x000038be       0x12 startup\startup_stm32f765xx.o

.debug_aranges  0x00000000      0xca0
 .debug_aranges
                0x00000000      0x110 Drivers\STM32F7xx_HAL_Driver\Src\stm32f7xx_hal.o
 .debug_aranges
                0x00000110      0x118 Drivers\STM32F7xx_HAL_Driver\Src\stm32f7xx_hal_cortex.o
 .debug_aranges
                0x00000228       0x58 Drivers\STM32F7xx_HAL_Driver\Src\stm32f7xx_hal_gpio.o
 .debug_aranges
                0x00000280      0x120 Drivers\STM32F7xx_HAL_Driver\Src\stm32f7xx_hal_pcd.o
 .debug_aranges
                0x000003a0       0x40 Drivers\STM32F7xx_HAL_Driver\Src\stm32f7xx_hal_pcd_ex.o
 .debug_aranges
                0x000003e0       0x80 Drivers\STM32F7xx_HAL_Driver\Src\stm32f7xx_hal_pwr_ex.o
 .debug_aranges
                0x00000460       0x88 Drivers\STM32F7xx_HAL_Driver\Src\stm32f7xx_hal_rcc.o
 .debug_aranges
                0x000004e8       0x50 Drivers\STM32F7xx_HAL_Driver\Src\stm32f7xx_hal_rcc_ex.o
 .debug_aranges
                0x00000538      0x180 Drivers\STM32F7xx_HAL_Driver\Src\stm32f7xx_ll_usb.o
 .debug_aranges
                0x000006b8       0x80 Middlewares\ST\STM32_USB_Device_Library\Class\UVC\Src\usb_video_core.o
 .debug_aranges
                0x00000738       0x90 Middlewares\ST\STM32_USB_Device_Library\Class\UVC\Src\usbd_uvc.o
 .debug_aranges
                0x000007c8       0xb8 Middlewares\ST\STM32_USB_Device_Library\Core\Src\usbd_core.o
 .debug_aranges
                0x00000880       0x88 Middlewares\ST\STM32_USB_Device_Library\Core\Src\usbd_ctlreq.o
 .debug_aranges
                0x00000908       0x50 Middlewares\ST\STM32_USB_Device_Library\Core\Src\usbd_ioreq.o
 .debug_aranges
                0x00000958       0x20 Src\gpio.o
 .debug_aranges
                0x00000978       0x58 Src\jprocess.o
 .debug_aranges
                0x000009d0       0x50 Src\main.o
 .debug_aranges
                0x00000a20       0x20 Src\stm32f7xx_hal_msp.o
 .debug_aranges
                0x00000a40       0x68 Src\stm32f7xx_it.o
 .debug_aranges
                0x00000aa8       0x28 Src\system_stm32f7xx.o
 .debug_aranges
                0x00000ad0       0x20 Src\usb_device.o
 .debug_aranges
                0x00000af0       0xf8 Src\usbd_conf.o
 .debug_aranges
                0x00000be8       0x50 Src\usbd_desc.o
 .debug_aranges
                0x00000c38       0x40 Src\usbd_uvc_if.o
 .debug_aranges
                0x00000c78       0x28 startup\startup_stm32f765xx.o

.debug_ranges   0x00000000      0xb48
 .debug_ranges  0x00000000      0x100 Drivers\STM32F7xx_HAL_Driver\Src\stm32f7xx_hal.o
 .debug_ranges  0x00000100      0x108 Drivers\STM32F7xx_HAL_Driver\Src\stm32f7xx_hal_cortex.o
 .debug_ranges  0x00000208       0x48 Drivers\STM32F7xx_HAL_Driver\Src\stm32f7xx_hal_gpio.o
 .debug_ranges  0x00000250      0x110 Drivers\STM32F7xx_HAL_Driver\Src\stm32f7xx_hal_pcd.o
 .debug_ranges  0x00000360       0x30 Drivers\STM32F7xx_HAL_Driver\Src\stm32f7xx_hal_pcd_ex.o
 .debug_ranges  0x00000390       0x70 Drivers\STM32F7xx_HAL_Driver\Src\stm32f7xx_hal_pwr_ex.o
 .debug_ranges  0x00000400       0x78 Drivers\STM32F7xx_HAL_Driver\Src\stm32f7xx_hal_rcc.o
 .debug_ranges  0x00000478       0x40 Drivers\STM32F7xx_HAL_Driver\Src\stm32f7xx_hal_rcc_ex.o
 .debug_ranges  0x000004b8      0x170 Drivers\STM32F7xx_HAL_Driver\Src\stm32f7xx_ll_usb.o
 .debug_ranges  0x00000628       0x70 Middlewares\ST\STM32_USB_Device_Library\Class\UVC\Src\usb_video_core.o
 .debug_ranges  0x00000698       0x80 Middlewares\ST\STM32_USB_Device_Library\Class\UVC\Src\usbd_uvc.o
 .debug_ranges  0x00000718       0xa8 Middlewares\ST\STM32_USB_Device_Library\Core\Src\usbd_core.o
 .debug_ranges  0x000007c0       0x78 Middlewares\ST\STM32_USB_Device_Library\Core\Src\usbd_ctlreq.o
 .debug_ranges  0x00000838       0x40 Middlewares\ST\STM32_USB_Device_Library\Core\Src\usbd_ioreq.o
 .debug_ranges  0x00000878       0x10 Src\gpio.o
 .debug_ranges  0x00000888       0x78 Src\jprocess.o
 .debug_ranges  0x00000900       0x40 Src\main.o
 .debug_ranges  0x00000940       0x10 Src\stm32f7xx_hal_msp.o
 .debug_ranges  0x00000950       0x58 Src\stm32f7xx_it.o
 .debug_ranges  0x000009a8       0x18 Src\system_stm32f7xx.o
 .debug_ranges  0x000009c0       0x10 Src\usb_device.o
 .debug_ranges  0x000009d0       0xe8 Src\usbd_conf.o
 .debug_ranges  0x00000ab8       0x40 Src\usbd_desc.o
 .debug_ranges  0x00000af8       0x30 Src\usbd_uvc_if.o
 .debug_ranges  0x00000b28       0x20 startup\startup_stm32f765xx.o

.debug_line     0x00000000     0x7975
 .debug_line    0x00000000      0x4fd Drivers\STM32F7xx_HAL_Driver\Src\stm32f7xx_hal.o
 .debug_line    0x000004fd      0x782 Drivers\STM32F7xx_HAL_Driver\Src\stm32f7xx_hal_cortex.o
 .debug_line    0x00000c7f      0x706 Drivers\STM32F7xx_HAL_Driver\Src\stm32f7xx_hal_gpio.o
 .debug_line    0x00001385      0x83f Drivers\STM32F7xx_HAL_Driver\Src\stm32f7xx_hal_pcd.o
 .debug_line    0x00001bc4      0x361 Drivers\STM32F7xx_HAL_Driver\Src\stm32f7xx_hal_pcd_ex.o
 .debug_line    0x00001f25      0x42c Drivers\STM32F7xx_HAL_Driver\Src\stm32f7xx_hal_pwr_ex.o
 .debug_line    0x00002351      0x776 Drivers\STM32F7xx_HAL_Driver\Src\stm32f7xx_hal_rcc.o
 .debug_line    0x00002ac7      0x8e3 Drivers\STM32F7xx_HAL_Driver\Src\stm32f7xx_hal_rcc_ex.o
 .debug_line    0x000033aa      0x916 Drivers\STM32F7xx_HAL_Driver\Src\stm32f7xx_ll_usb.o
 .debug_line    0x00003cc0      0x506 Middlewares\ST\STM32_USB_Device_Library\Class\UVC\Src\usb_video_core.o
 .debug_line    0x000041c6      0x4e7 Middlewares\ST\STM32_USB_Device_Library\Class\UVC\Src\usbd_uvc.o
 .debug_line    0x000046ad      0x4e2 Middlewares\ST\STM32_USB_Device_Library\Core\Src\usbd_core.o
 .debug_line    0x00004b8f      0x53c Middlewares\ST\STM32_USB_Device_Library\Core\Src\usbd_ctlreq.o
 .debug_line    0x000050cb      0x37d Middlewares\ST\STM32_USB_Device_Library\Core\Src\usbd_ioreq.o
 .debug_line    0x00005448      0x239 Src\gpio.o
 .debug_line    0x00005681      0x553 Src\jprocess.o
 .debug_line    0x00005bd4      0x48e Src\main.o
 .debug_line    0x00006062      0x24a Src\stm32f7xx_hal_msp.o
 .debug_line    0x000062ac      0x351 Src\stm32f7xx_it.o
 .debug_line    0x000065fd      0x26e Src\system_stm32f7xx.o
 .debug_line    0x0000686b      0x36c Src\usb_device.o
 .debug_line    0x00006bd7      0x62b Src\usbd_conf.o
 .debug_line    0x00007202      0x366 Src\usbd_desc.o
 .debug_line    0x00007568      0x38e Src\usbd_uvc_if.o
 .debug_line    0x000078f6       0x7f startup\startup_stm32f765xx.o

.debug_str      0x00000000     0x4435
 .debug_str     0x00000000     0x10b4 Drivers\STM32F7xx_HAL_Driver\Src\stm32f7xx_hal.o
                               0x1161 (size before relaxing)
 .debug_str     0x000010b4      0x4ea Drivers\STM32F7xx_HAL_Driver\Src\stm32f7xx_hal_cortex.o
                               0x12bd (size before relaxing)
 .debug_str     0x0000159e      0x1a1 Drivers\STM32F7xx_HAL_Driver\Src\stm32f7xx_hal_gpio.o
                                0x99e (size before relaxing)
 .debug_str     0x0000173f      0x889 Drivers\STM32F7xx_HAL_Driver\Src\stm32f7xx_hal_pcd.o
                                0xf43 (size before relaxing)
 .debug_str     0x00001fc8       0xd9 Drivers\STM32F7xx_HAL_Driver\Src\stm32f7xx_hal_pcd_ex.o
                                0xb3d (size before relaxing)
 .debug_str     0x000020a1      0x21a Drivers\STM32F7xx_HAL_Driver\Src\stm32f7xx_hal_pwr_ex.o
                                0xaed (size before relaxing)
 .debug_str     0x000022bb      0x30c Drivers\STM32F7xx_HAL_Driver\Src\stm32f7xx_hal_rcc.o
                                0xb5e (size before relaxing)
 .debug_str     0x000025c7      0x3fb Drivers\STM32F7xx_HAL_Driver\Src\stm32f7xx_hal_rcc_ex.o
                                0xbce (size before relaxing)
 .debug_str     0x000029c2      0x5c5 Drivers\STM32F7xx_HAL_Driver\Src\stm32f7xx_ll_usb.o
                               0x106f (size before relaxing)
 .debug_str     0x00002f87      0x6c7 Middlewares\ST\STM32_USB_Device_Library\Class\UVC\Src\usb_video_core.o
                                0xe12 (size before relaxing)
 .debug_str     0x0000364e      0x280 Middlewares\ST\STM32_USB_Device_Library\Class\UVC\Src\usbd_uvc.o
                                0xcc1 (size before relaxing)
 .debug_str     0x000038ce      0x1c1 Middlewares\ST\STM32_USB_Device_Library\Core\Src\usbd_core.o
                                0xbc9 (size before relaxing)
 .debug_str     0x00003a8f      0x126 Middlewares\ST\STM32_USB_Device_Library\Core\Src\usbd_ctlreq.o
                                0xb4f (size before relaxing)
 .debug_str     0x00003bb5       0xc9 Middlewares\ST\STM32_USB_Device_Library\Core\Src\usbd_ioreq.o
                                0xad7 (size before relaxing)
 .debug_str     0x00003c7e       0x1b Src\gpio.o
                                0x77a (size before relaxing)
 .debug_str     0x00003c99      0x23f Src\jprocess.o
                                0x414 (size before relaxing)
 .debug_str     0x00003ed8      0x137 Src\main.o
                               0x16eb (size before relaxing)
 .debug_str     0x0000400f       0x1b Src\stm32f7xx_hal_msp.o
                                0xc84 (size before relaxing)
 .debug_str     0x0000402a       0xc8 Src\stm32f7xx_it.o
                                0xac1 (size before relaxing)
 .debug_str     0x000040f2       0x45 Src\system_stm32f7xx.o
                                0x8cb (size before relaxing)
 .debug_str     0x00004137       0x3e Src\usb_device.o
                                0xa74 (size before relaxing)
 .debug_str     0x00004175      0x132 Src\usbd_conf.o
                               0x195b (size before relaxing)
 .debug_str     0x000042a7      0x10e Src\usbd_desc.o
                                0x888 (size before relaxing)
 .debug_str     0x000043b5       0x80 Src\usbd_uvc_if.o
                                0xb4f (size before relaxing)

.comment        0x00000000       0x7c
 .comment       0x00000000       0x7c Drivers\STM32F7xx_HAL_Driver\Src\stm32f7xx_hal.o
                                 0x7d (size before relaxing)
 .comment       0x0000007c       0x7d Drivers\STM32F7xx_HAL_Driver\Src\stm32f7xx_hal_cortex.o
 .comment       0x0000007c       0x7d Drivers\STM32F7xx_HAL_Driver\Src\stm32f7xx_hal_gpio.o
 .comment       0x0000007c       0x7d Drivers\STM32F7xx_HAL_Driver\Src\stm32f7xx_hal_pcd.o
 .comment       0x0000007c       0x7d Drivers\STM32F7xx_HAL_Driver\Src\stm32f7xx_hal_pcd_ex.o
 .comment       0x0000007c       0x7d Drivers\STM32F7xx_HAL_Driver\Src\stm32f7xx_hal_pwr_ex.o
 .comment       0x0000007c       0x7d Drivers\STM32F7xx_HAL_Driver\Src\stm32f7xx_hal_rcc.o
 .comment       0x0000007c       0x7d Drivers\STM32F7xx_HAL_Driver\Src\stm32f7xx_hal_rcc_ex.o
 .comment       0x0000007c       0x7d Drivers\STM32F7xx_HAL_Driver\Src\stm32f7xx_ll_usb.o
 .comment       0x0000007c       0x7d Middlewares\ST\STM32_USB_Device_Library\Class\UVC\Src\usb_video_core.o
 .comment       0x0000007c       0x7d Middlewares\ST\STM32_USB_Device_Library\Class\UVC\Src\usbd_uvc.o
 .comment       0x0000007c       0x7d Middlewares\ST\STM32_USB_Device_Library\Core\Src\usbd_core.o
 .comment       0x0000007c       0x7d Middlewares\ST\STM32_USB_Device_Library\Core\Src\usbd_ctlreq.o
 .comment       0x0000007c       0x7d Middlewares\ST\STM32_USB_Device_Library\Core\Src\usbd_ioreq.o
 .comment       0x0000007c       0x7d Src\gpio.o
 .comment       0x0000007c       0x7d Src\jprocess.o
 .comment       0x0000007c       0x7d Src\main.o
 .comment       0x0000007c       0x7d Src\stm32f7xx_hal_msp.o
 .comment       0x0000007c       0x7d Src\stm32f7xx_it.o
 .comment       0x0000007c       0x7d Src\system_stm32f7xx.o
 .comment       0x0000007c       0x7d Src\usb_device.o
 .comment       0x0000007c       0x7d Src\usbd_conf.o
 .comment       0x0000007c       0x7d Src\usbd_desc.o
 .comment       0x0000007c       0x7d Src\usbd_uvc_if.o

.debug_frame    0x00000000     0x32a4
 .debug_frame   0x00000000      0x3f4 Drivers\STM32F7xx_HAL_Driver\Src\stm32f7xx_hal.o
 .debug_frame   0x000003f4      0x494 Drivers\STM32F7xx_HAL_Driver\Src\stm32f7xx_hal_cortex.o
 .debug_frame   0x00000888      0x13c Drivers\STM32F7xx_HAL_Driver\Src\stm32f7xx_hal_gpio.o
 .debug_frame   0x000009c4      0x508 Drivers\STM32F7xx_HAL_Driver\Src\stm32f7xx_hal_pcd.o
 .debug_frame   0x00000ecc       0xd8 Drivers\STM32F7xx_HAL_Driver\Src\stm32f7xx_hal_pcd_ex.o
 .debug_frame   0x00000fa4      0x1c8 Drivers\STM32F7xx_HAL_Driver\Src\stm32f7xx_hal_pwr_ex.o
 .debug_frame   0x0000116c      0x200 Drivers\STM32F7xx_HAL_Driver\Src\stm32f7xx_hal_rcc.o
 .debug_frame   0x0000136c      0x118 Drivers\STM32F7xx_HAL_Driver\Src\stm32f7xx_hal_rcc_ex.o
 .debug_frame   0x00001484      0x718 Drivers\STM32F7xx_HAL_Driver\Src\stm32f7xx_ll_usb.o
 .debug_frame   0x00001b9c      0x1fc Middlewares\ST\STM32_USB_Device_Library\Class\UVC\Src\usb_video_core.o
 .debug_frame   0x00001d98      0x24c Middlewares\ST\STM32_USB_Device_Library\Class\UVC\Src\usbd_uvc.o
 .debug_frame   0x00001fe4      0x300 Middlewares\ST\STM32_USB_Device_Library\Core\Src\usbd_core.o
 .debug_frame   0x000022e4      0x210 Middlewares\ST\STM32_USB_Device_Library\Core\Src\usbd_ctlreq.o
 .debug_frame   0x000024f4      0x10c Middlewares\ST\STM32_USB_Device_Library\Core\Src\usbd_ioreq.o
 .debug_frame   0x00002600       0x38 Src\gpio.o
 .debug_frame   0x00002638      0x144 Src\jprocess.o
 .debug_frame   0x0000277c      0x10c Src\main.o
 .debug_frame   0x00002888       0x2c Src\stm32f7xx_hal_msp.o
 .debug_frame   0x000028b4      0x128 Src\stm32f7xx_it.o
 .debug_frame   0x000029dc       0x58 Src\system_stm32f7xx.o
 .debug_frame   0x00002a34       0x2c Src\usb_device.o
 .debug_frame   0x00002a60      0x404 Src\usbd_conf.o
 .debug_frame   0x00002e64      0x114 Src\usbd_desc.o
 .debug_frame   0x00002f78       0xbc Src\usbd_uvc_if.o
 .debug_frame   0x00003034       0x2c d:/program files (x86)/atollic/truestudio for stm32 9.0.0/armtools/bin/../lib/gcc/arm-atollic-eabi/6.3.1/../../../../arm-atollic-eabi/lib/armv7e-m/fpu/fpv5-d16\libc_nano.a(lib_a-init.o)
 .debug_frame   0x00003060       0x2c d:/program files (x86)/atollic/truestudio for stm32 9.0.0/armtools/bin/../lib/gcc/arm-atollic-eabi/6.3.1/../../../../arm-atollic-eabi/lib/armv7e-m/fpu/fpv5-d16\libm.a(lib_a-s_cos.o)
 .debug_frame   0x0000308c       0x2c d:/program files (x86)/atollic/truestudio for stm32 9.0.0/armtools/bin/../lib/gcc/arm-atollic-eabi/6.3.1/../../../../arm-atollic-eabi/lib/armv7e-m/fpu/fpv5-d16\libm.a(lib_a-s_sin.o)
 .debug_frame   0x000030b8       0x38 d:/program files (x86)/atollic/truestudio for stm32 9.0.0/armtools/bin/../lib/gcc/arm-atollic-eabi/6.3.1/../../../../arm-atollic-eabi/lib/armv7e-m/fpu/fpv5-d16\libm.a(lib_a-e_rem_pio2.o)
 .debug_frame   0x000030f0       0x20 d:/program files (x86)/atollic/truestudio for stm32 9.0.0/armtools/bin/../lib/gcc/arm-atollic-eabi/6.3.1/../../../../arm-atollic-eabi/lib/armv7e-m/fpu/fpv5-d16\libm.a(lib_a-k_cos.o)
 .debug_frame   0x00003110       0x68 d:/program files (x86)/atollic/truestudio for stm32 9.0.0/armtools/bin/../lib/gcc/arm-atollic-eabi/6.3.1/../../../../arm-atollic-eabi/lib/armv7e-m/fpu/fpv5-d16\libm.a(lib_a-k_rem_pio2.o)
 .debug_frame   0x00003178       0x20 d:/program files (x86)/atollic/truestudio for stm32 9.0.0/armtools/bin/../lib/gcc/arm-atollic-eabi/6.3.1/../../../../arm-atollic-eabi/lib/armv7e-m/fpu/fpv5-d16\libm.a(lib_a-k_sin.o)
 .debug_frame   0x00003198       0x20 d:/program files (x86)/atollic/truestudio for stm32 9.0.0/armtools/bin/../lib/gcc/arm-atollic-eabi/6.3.1/../../../../arm-atollic-eabi/lib/armv7e-m/fpu/fpv5-d16\libm.a(lib_a-s_fabs.o)
 .debug_frame   0x000031b8       0x2c d:/program files (x86)/atollic/truestudio for stm32 9.0.0/armtools/bin/../lib/gcc/arm-atollic-eabi/6.3.1/../../../../arm-atollic-eabi/lib/armv7e-m/fpu/fpv5-d16\libm.a(lib_a-s_floor.o)
 .debug_frame   0x000031e4       0x40 d:/program files (x86)/atollic/truestudio for stm32 9.0.0/armtools/bin/../lib/gcc/arm-atollic-eabi/6.3.1/../../../../arm-atollic-eabi/lib/armv7e-m/fpu/fpv5-d16\libm.a(lib_a-s_scalbn.o)
 .debug_frame   0x00003224       0x20 d:/program files (x86)/atollic/truestudio for stm32 9.0.0/armtools/bin/../lib/gcc/arm-atollic-eabi/6.3.1/../../../../arm-atollic-eabi/lib/armv7e-m/fpu/fpv5-d16\libm.a(lib_a-s_copysign.o)
 .debug_frame   0x00003244       0x2c d:/program files (x86)/atollic/truestudio for stm32 9.0.0/armtools/bin/../lib/gcc/arm-atollic-eabi/6.3.1/armv7e-m/fpu/fpv5-d16\libgcc.a(_aeabi_uldivmod.o)
 .debug_frame   0x00003270       0x34 d:/program files (x86)/atollic/truestudio for stm32 9.0.0/armtools/bin/../lib/gcc/arm-atollic-eabi/6.3.1/armv7e-m/fpu/fpv5-d16\libgcc.a(_udivmoddi4.o)
