Archive member included to satisfy reference by file (symbol)

d:/program files (x86)/atollic/truestudio for stm32 9.0.0/armtools/bin/../lib/gcc/arm-atollic-eabi/6.3.1/../../../../arm-atollic-eabi/lib/armv7e-m/fpu/fpv5-d16\libc_nano.a(lib_a-init.o)
                              startup\startup_stm32f765xx.o (__libc_init_array)
d:/program files (x86)/atollic/truestudio for stm32 9.0.0/armtools/bin/../lib/gcc/arm-atollic-eabi/6.3.1/../../../../arm-atollic-eabi/lib/armv7e-m/fpu/fpv5-d16\libc_nano.a(lib_a-malloc.o)
                              Middlewares\ST\STM32_USB_Device_Library\Class\CDC\Src\usbd_cdc.o (malloc)
d:/program files (x86)/atollic/truestudio for stm32 9.0.0/armtools/bin/../lib/gcc/arm-atollic-eabi/6.3.1/../../../../arm-atollic-eabi/lib/armv7e-m/fpu/fpv5-d16\libc_nano.a(lib_a-nano-freer.o)
                              d:/program files (x86)/atollic/truestudio for stm32 9.0.0/armtools/bin/../lib/gcc/arm-atollic-eabi/6.3.1/../../../../arm-atollic-eabi/lib/armv7e-m/fpu/fpv5-d16\libc_nano.a(lib_a-malloc.o) (_free_r)
d:/program files (x86)/atollic/truestudio for stm32 9.0.0/armtools/bin/../lib/gcc/arm-atollic-eabi/6.3.1/../../../../arm-atollic-eabi/lib/armv7e-m/fpu/fpv5-d16\libc_nano.a(lib_a-nano-mallocr.o)
                              d:/program files (x86)/atollic/truestudio for stm32 9.0.0/armtools/bin/../lib/gcc/arm-atollic-eabi/6.3.1/../../../../arm-atollic-eabi/lib/armv7e-m/fpu/fpv5-d16\libc_nano.a(lib_a-malloc.o) (_malloc_r)
d:/program files (x86)/atollic/truestudio for stm32 9.0.0/armtools/bin/../lib/gcc/arm-atollic-eabi/6.3.1/../../../../arm-atollic-eabi/lib/armv7e-m/fpu/fpv5-d16\libc_nano.a(lib_a-sbrkr.o)
                              d:/program files (x86)/atollic/truestudio for stm32 9.0.0/armtools/bin/../lib/gcc/arm-atollic-eabi/6.3.1/../../../../arm-atollic-eabi/lib/armv7e-m/fpu/fpv5-d16\libc_nano.a(lib_a-nano-mallocr.o) (_sbrk_r)
d:/program files (x86)/atollic/truestudio for stm32 9.0.0/armtools/bin/../lib/gcc/arm-atollic-eabi/6.3.1/../../../../arm-atollic-eabi/lib/armv7e-m/fpu/fpv5-d16\libc_nano.a(lib_a-impure.o)
                              d:/program files (x86)/atollic/truestudio for stm32 9.0.0/armtools/bin/../lib/gcc/arm-atollic-eabi/6.3.1/../../../../arm-atollic-eabi/lib/armv7e-m/fpu/fpv5-d16\libc_nano.a(lib_a-malloc.o) (_impure_ptr)
d:/program files (x86)/atollic/truestudio for stm32 9.0.0/armtools/bin/../lib/gcc/arm-atollic-eabi/6.3.1/../../../../arm-atollic-eabi/lib/armv7e-m/fpu/fpv5-d16\libc_nano.a(lib_a-mlock.o)
                              d:/program files (x86)/atollic/truestudio for stm32 9.0.0/armtools/bin/../lib/gcc/arm-atollic-eabi/6.3.1/../../../../arm-atollic-eabi/lib/armv7e-m/fpu/fpv5-d16\libc_nano.a(lib_a-nano-freer.o) (__malloc_lock)
d:/program files (x86)/atollic/truestudio for stm32 9.0.0/armtools/bin/../lib/gcc/arm-atollic-eabi/6.3.1/../../../../arm-atollic-eabi/lib/armv7e-m/fpu/fpv5-d16\libc_nano.a(lib_a-reent.o)
                              d:/program files (x86)/atollic/truestudio for stm32 9.0.0/armtools/bin/../lib/gcc/arm-atollic-eabi/6.3.1/../../../../arm-atollic-eabi/lib/armv7e-m/fpu/fpv5-d16\libc_nano.a(lib_a-sbrkr.o) (errno)
d:/program files (x86)/atollic/truestudio for stm32 9.0.0/armtools/bin/../lib/gcc/arm-atollic-eabi/6.3.1/armv7e-m/fpu/fpv5-d16\libgcc.a(_aeabi_uldivmod.o)
                              Drivers\STM32F7xx_HAL_Driver\Src\stm32f7xx_hal_rcc.o (__aeabi_uldivmod)
d:/program files (x86)/atollic/truestudio for stm32 9.0.0/armtools/bin/../lib/gcc/arm-atollic-eabi/6.3.1/armv7e-m/fpu/fpv5-d16\libgcc.a(_udivmoddi4.o)
                              d:/program files (x86)/atollic/truestudio for stm32 9.0.0/armtools/bin/../lib/gcc/arm-atollic-eabi/6.3.1/armv7e-m/fpu/fpv5-d16\libgcc.a(_aeabi_uldivmod.o) (__udivmoddi4)
d:/program files (x86)/atollic/truestudio for stm32 9.0.0/armtools/bin/../lib/gcc/arm-atollic-eabi/6.3.1/armv7e-m/fpu/fpv5-d16\libgcc.a(_dvmd_tls.o)
                              d:/program files (x86)/atollic/truestudio for stm32 9.0.0/armtools/bin/../lib/gcc/arm-atollic-eabi/6.3.1/armv7e-m/fpu/fpv5-d16\libgcc.a(_aeabi_uldivmod.o) (__aeabi_ldiv0)
d:/program files (x86)/atollic/truestudio for stm32 9.0.0/armtools/bin/../lib/gcc/arm-atollic-eabi/6.3.1/../../../../arm-atollic-eabi/lib/armv7e-m/fpu/fpv5-d16\libnosys.a(sbrk.o)
                              d:/program files (x86)/atollic/truestudio for stm32 9.0.0/armtools/bin/../lib/gcc/arm-atollic-eabi/6.3.1/../../../../arm-atollic-eabi/lib/armv7e-m/fpu/fpv5-d16\libc_nano.a(lib_a-sbrkr.o) (_sbrk)

Allocating common symbols
Common symbol       size              file

hUsbDeviceFS        0x224             Src\usb_device.o
errno               0x4               d:/program files (x86)/atollic/truestudio for stm32 9.0.0/armtools/bin/../lib/gcc/arm-atollic-eabi/6.3.1/../../../../arm-atollic-eabi/lib/armv7e-m/fpu/fpv5-d16\libc_nano.a(lib_a-reent.o)
hpcd_USB_OTG_FS     0x400             Src\usbd_conf.o
uwTick              0x4               Drivers\STM32F7xx_HAL_Driver\Src\stm32f7xx_hal.o
[...]
Memory Configuration

Name             Origin             Length             Attributes
RAM              0x20000000         0x00080000         xrw
FLASH            0x08000000         0x00200000         xr
*default*        0x00000000         0xffffffff

Linker script and memory map

LOAD d:/program files (x86)/atollic/truestudio for stm32 9.0.0/armtools/bin/../lib/gcc/arm-atollic-eabi/6.3.1/armv7e-m/fpu/fpv5-d16/crti.o
LOAD d:/program files (x86)/atollic/truestudio for stm32 9.0.0/armtools/bin/../lib/gcc/arm-atollic-eabi/6.3.1/armv7e-m/fpu/fpv5-d16/crtbegin.o
LOAD Drivers\STM32F7xx_HAL_Driver\Src\stm32f7xx_hal.o
LOAD Drivers\STM32F7xx_HAL_Driver\Src\stm32f7xx_hal_cortex.o
LOAD Drivers\STM32F7xx_HAL_Driver\Src\stm32f7xx_hal_dma.o
LOAD Drivers\STM32F7xx_HAL_Driver\Src\stm32f7xx_hal_dma_ex.o
LOAD Drivers\STM32F7xx_HAL_Driver\Src\stm32f7xx_hal_flash.o
LOAD Drivers\STM32F7xx_HAL_Driver\Src\stm32f7xx_hal_flash_ex.o
LOAD Drivers\STM32F7xx_HAL_Driver\Src\stm32f7xx_hal_gpio.o
LOAD Drivers\STM32F7xx_HAL_Driver\Src\stm32f7xx_hal_i2c.o
LOAD Drivers\STM32F7xx_HAL_Driver\Src\stm32f7xx_hal_i2c_ex.o
LOAD Drivers\STM32F7xx_HAL_Driver\Src\stm32f7xx_hal_pcd.o
LOAD Drivers\STM32F7xx_HAL_Driver\Src\stm32f7xx_hal_pcd_ex.o
LOAD Drivers\STM32F7xx_HAL_Driver\Src\stm32f7xx_hal_pwr.o
LOAD Drivers\STM32F7xx_HAL_Driver\Src\stm32f7xx_hal_pwr_ex.o
LOAD Drivers\STM32F7xx_HAL_Driver\Src\stm32f7xx_hal_rcc.o
LOAD Drivers\STM32F7xx_HAL_Driver\Src\stm32f7xx_hal_rcc_ex.o
LOAD Drivers\STM32F7xx_HAL_Driver\Src\stm32f7xx_hal_tim.o
LOAD Drivers\STM32F7xx_HAL_Driver\Src\stm32f7xx_hal_tim_ex.o
LOAD Drivers\STM32F7xx_HAL_Driver\Src\stm32f7xx_ll_usb.o
LOAD Middlewares\ST\STM32_USB_Device_Library\Class\CDC\Src\usbd_cdc.o
LOAD Middlewares\ST\STM32_USB_Device_Library\Class\UVC\Src\usbd_uvc.o
LOAD Middlewares\ST\STM32_USB_Device_Library\Core\Src\usbd_core.o
LOAD Middlewares\ST\STM32_USB_Device_Library\Core\Src\usbd_ctlreq.o
LOAD Middlewares\ST\STM32_USB_Device_Library\Core\Src\usbd_ioreq.o
LOAD Src\gpio.o
LOAD Src\main.o
LOAD Src\stm32f7xx_hal_msp.o
LOAD Src\stm32f7xx_it.o
LOAD Src\system_stm32f7xx.o
LOAD Src\usb_device.o
LOAD Src\usbd_conf.o
LOAD Src\usbd_desc.o
LOAD Src\usbd_uvc_if.o
LOAD startup\startup_stm32f765xx.o
                0x00000080                malloc_getpagesize_P = 0x80
START GROUP
LOAD d:/program files (x86)/atollic/truestudio for stm32 9.0.0/armtools/bin/../lib/gcc/arm-atollic-eabi/6.3.1/../../../../arm-atollic-eabi/lib/armv7e-m/fpu/fpv5-d16\libc_nano.a
LOAD d:/program files (x86)/atollic/truestudio for stm32 9.0.0/armtools/bin/../lib/gcc/arm-atollic-eabi/6.3.1/../../../../arm-atollic-eabi/lib/armv7e-m/fpu/fpv5-d16\libm.a
END GROUP
START GROUP
LOAD d:/program files (x86)/atollic/truestudio for stm32 9.0.0/armtools/bin/../lib/gcc/arm-atollic-eabi/6.3.1/armv7e-m/fpu/fpv5-d16\libgcc.a
LOAD d:/program files (x86)/atollic/truestudio for stm32 9.0.0/armtools/bin/../lib/gcc/arm-atollic-eabi/6.3.1/../../../../arm-atollic-eabi/lib/armv7e-m/fpu/fpv5-d16\libc_nano.a
END GROUP
START GROUP
LOAD d:/program files (x86)/atollic/truestudio for stm32 9.0.0/armtools/bin/../lib/gcc/arm-atollic-eabi/6.3.1/armv7e-m/fpu/fpv5-d16\libgcc.a
LOAD d:/program files (x86)/atollic/truestudio for stm32 9.0.0/armtools/bin/../lib/gcc/arm-atollic-eabi/6.3.1/../../../../arm-atollic-eabi/lib/armv7e-m/fpu/fpv5-d16\libc_nano.a
LOAD d:/program files (x86)/atollic/truestudio for stm32 9.0.0/armtools/bin/../lib/gcc/arm-atollic-eabi/6.3.1/../../../../arm-atollic-eabi/lib/armv7e-m/fpu/fpv5-d16\libnosys.a
END GROUP
START GROUP
LOAD d:/program files (x86)/atollic/truestudio for stm32 9.0.0/armtools/bin/../lib/gcc/arm-atollic-eabi/6.3.1/armv7e-m/fpu/fpv5-d16\libgcc.a
LOAD d:/program files (x86)/atollic/truestudio for stm32 9.0.0/armtools/bin/../lib/gcc/arm-atollic-eabi/6.3.1/../../../../arm-atollic-eabi/lib/armv7e-m/fpu/fpv5-d16\libc_nano.a
LOAD d:/program files (x86)/atollic/truestudio for stm32 9.0.0/armtools/bin/../lib/gcc/arm-atollic-eabi/6.3.1/../../../../arm-atollic-eabi/lib/armv7e-m/fpu/fpv5-d16\libnosys.a
END GROUP
LOAD d:/program files (x86)/atollic/truestudio for stm32 9.0.0/armtools/bin/../lib/gcc/arm-atollic-eabi/6.3.1/armv7e-m/fpu/fpv5-d16/crtend.o
LOAD d:/program files (x86)/atollic/truestudio for stm32 9.0.0/armtools/bin/../lib/gcc/arm-atollic-eabi/6.3.1/armv7e-m/fpu/fpv5-d16/crtn.o
                0x20080000                _estack = 0x20080000
                0x00000200                _Min_Heap_Size = 0x200
                0x00000400                _Min_Stack_Size = 0x400

.isr_vector     0x08000000      0x1f8
                0x08000000                . = ALIGN (0x4)
 *(.isr_vector)
 .isr_vector    0x08000000      0x1f8 startup\startup_stm32f765xx.o
                0x08000000                g_pfnVectors
                0x080001f8                . = ALIGN (0x4)

.text           0x080001f8     0x7474
                0x080001f8                . = ALIGN (0x4)
 *(.text)
 .text          0x080001f8       0x40 d:/program files (x86)/atollic/truestudio for stm32 9.0.0/armtools/bin/../lib/gcc/arm-atollic-eabi/6.3.1/armv7e-m/fpu/fpv5-d16/crtbegin.o
 .text          0x08000238       0x30 d:/program files (x86)/atollic/truestudio for stm32 9.0.0/armtools/bin/../lib/gcc/arm-atollic-eabi/6.3.1/armv7e-m/fpu/fpv5-d16\libgcc.a(_aeabi_uldivmod.o)
                0x08000238                __aeabi_uldivmod
 .text          0x08000268      0x2dc d:/program files (x86)/atollic/truestudio for stm32 9.0.0/armtools/bin/../lib/gcc/arm-atollic-eabi/6.3.1/armv7e-m/fpu/fpv5-d16\libgcc.a(_udivmoddi4.o)
                0x08000268                __udivmoddi4
 .text          0x08000544        0x4 d:/program files (x86)/atollic/truestudio for stm32 9.0.0/armtools/bin/../lib/gcc/arm-atollic-eabi/6.3.1/armv7e-m/fpu/fpv5-d16\libgcc.a(_dvmd_tls.o)
                0x08000544                __aeabi_idiv0
                0x08000544                __aeabi_ldiv0
 *(.text*)
 .text.HAL_Init
                0x08000548       0x1a Drivers\STM32F7xx_HAL_Driver\Src\stm32f7xx_hal.o
                0x08000548                HAL_Init
 *fill*         0x08000562        0x2 
 .text.HAL_InitTick
                0x08000564       0x60 Drivers\STM32F7xx_HAL_Driver\Src\stm32f7xx_hal.o
                0x08000564                HAL_InitTick
 .text.HAL_IncTick
                0x080005c4       0x28 Drivers\STM32F7xx_HAL_Driver\Src\stm32f7xx_hal.o
                0x080005c4                HAL_IncTick
 .text.HAL_GetTick
                0x080005ec       0x18 Drivers\STM32F7xx_HAL_Driver\Src\stm32f7xx_hal.o
                0x080005ec                HAL_GetTick
 .text.HAL_Delay
                0x08000604       0x44 Drivers\STM32F7xx_HAL_Driver\Src\stm32f7xx_hal.o
                0x08000604                HAL_Delay
 .text.NVIC_SetPriorityGrouping
                0x08000648       0x48 Drivers\STM32F7xx_HAL_Driver\Src\stm32f7xx_hal_cortex.o
 .text.NVIC_GetPriorityGrouping
                0x08000690       0x1c Drivers\STM32F7xx_HAL_Driver\Src\stm32f7xx_hal_cortex.o
 .text.NVIC_EnableIRQ
                0x080006ac       0x34 Drivers\STM32F7xx_HAL_Driver\Src\stm32f7xx_hal_cortex.o
 .text.NVIC_SetPriority
                0x080006e0       0x54 Drivers\STM32F7xx_HAL_Driver\Src\stm32f7xx_hal_cortex.o
 .text.NVIC_EncodePriority
                0x08000734       0x62 Drivers\STM32F7xx_HAL_Driver\Src\stm32f7xx_hal_cortex.o
 *fill*         0x08000796        0x2 
 .text.SysTick_Config
                0x08000798       0x44 Drivers\STM32F7xx_HAL_Driver\Src\stm32f7xx_hal_cortex.o
 .text.HAL_NVIC_SetPriorityGrouping
                0x080007dc       0x40 Drivers\STM32F7xx_HAL_Driver\Src\stm32f7xx_hal_cortex.o
                0x080007dc                HAL_NVIC_SetPriorityGrouping
 .text.HAL_NVIC_SetPriority
                0x0800081c       0x58 Drivers\STM32F7xx_HAL_Driver\Src\stm32f7xx_hal_cortex.o
                0x0800081c                HAL_NVIC_SetPriority
 .text.HAL_NVIC_EnableIRQ
                0x08000874       0x30 Drivers\STM32F7xx_HAL_Driver\Src\stm32f7xx_hal_cortex.o
                0x08000874                HAL_NVIC_EnableIRQ
 .text.HAL_SYSTICK_Config
                0x080008a4       0x18 Drivers\STM32F7xx_HAL_Driver\Src\stm32f7xx_hal_cortex.o
                0x080008a4                HAL_SYSTICK_Config
 .text.HAL_SYSTICK_CLKSourceConfig
                0x080008bc       0x50 Drivers\STM32F7xx_HAL_Driver\Src\stm32f7xx_hal_cortex.o
                0x080008bc                HAL_SYSTICK_CLKSourceConfig
 .text.HAL_SYSTICK_IRQHandler
                0x0800090c        0xc Drivers\STM32F7xx_HAL_Driver\Src\stm32f7xx_hal_cortex.o
                0x0800090c                HAL_SYSTICK_IRQHandler
 .text.HAL_SYSTICK_Callback
                0x08000918        0xe Drivers\STM32F7xx_HAL_Driver\Src\stm32f7xx_hal_cortex.o
                0x08000918                HAL_SYSTICK_Callback
 *fill*         0x08000926        0x2 
 .text.HAL_GPIO_Init
                0x08000928      0x700 Drivers\STM32F7xx_HAL_Driver\Src\stm32f7xx_hal_gpio.o
                0x08000928                HAL_GPIO_Init
 .text.HAL_PCD_Init
                0x08001028      0x240 Drivers\STM32F7xx_HAL_Driver\Src\stm32f7xx_hal_pcd.o
                0x08001028                HAL_PCD_Init
 .text.HAL_PCD_Start
                0x08001268       0x44 Drivers\STM32F7xx_HAL_Driver\Src\stm32f7xx_hal_pcd.o
                0x08001268                HAL_PCD_Start
 .text.HAL_PCD_IRQHandler
                0x080012ac      0xa08 Drivers\STM32F7xx_HAL_Driver\Src\stm32f7xx_hal_pcd.o
                0x080012ac                HAL_PCD_IRQHandler
 .text.HAL_PCD_SetAddress
                0x08001cb4       0x42 Drivers\STM32F7xx_HAL_Driver\Src\stm32f7xx_hal_pcd.o
                0x08001cb4                HAL_PCD_SetAddress
 .text.HAL_PCD_EP_Open
                0x08001cf6       0xd0 Drivers\STM32F7xx_HAL_Driver\Src\stm32f7xx_hal_pcd.o
                0x08001cf6                HAL_PCD_EP_Open
 .text.HAL_PCD_EP_Close
                0x08001dc6       0x94 Drivers\STM32F7xx_HAL_Driver\Src\stm32f7xx_hal_pcd.o
                0x08001dc6                HAL_PCD_EP_Close
 .text.HAL_PCD_EP_Receive
                0x08001e5a       0x94 Drivers\STM32F7xx_HAL_Driver\Src\stm32f7xx_hal_pcd.o
                0x08001e5a                HAL_PCD_EP_Receive
 .text.HAL_PCD_EP_GetRxCount
                0x08001eee       0x32 Drivers\STM32F7xx_HAL_Driver\Src\stm32f7xx_hal_pcd.o
                0x08001eee                HAL_PCD_EP_GetRxCount
 .text.HAL_PCD_EP_Transmit
                0x08001f20       0x92 Drivers\STM32F7xx_HAL_Driver\Src\stm32f7xx_hal_pcd.o
                0x08001f20                HAL_PCD_EP_Transmit
 .text.HAL_PCD_EP_SetStall
                0x08001fb2       0xc8 Drivers\STM32F7xx_HAL_Driver\Src\stm32f7xx_hal_pcd.o
                0x08001fb2                HAL_PCD_EP_SetStall
 .text.HAL_PCD_EP_ClrStall
                0x0800207a       0xa8 Drivers\STM32F7xx_HAL_Driver\Src\stm32f7xx_hal_pcd.o
                0x0800207a                HAL_PCD_EP_ClrStall
 .text.PCD_WriteEmptyTxFifo
                0x08002122      0x110 Drivers\STM32F7xx_HAL_Driver\Src\stm32f7xx_hal_pcd.o
 .text.HAL_PCDEx_SetTxFiFo
                0x08002232       0x96 Drivers\STM32F7xx_HAL_Driver\Src\stm32f7xx_hal_pcd_ex.o
                0x08002232                HAL_PCDEx_SetTxFiFo
 .text.HAL_PCDEx_SetRxFiFo
                0x080022c8       0x22 Drivers\STM32F7xx_HAL_Driver\Src\stm32f7xx_hal_pcd_ex.o
                0x080022c8                HAL_PCDEx_SetRxFiFo
 *fill*         0x080022ea        0x2 
 .text.HAL_PCDEx_ActivateLPM
                0x080022ec       0x48 Drivers\STM32F7xx_HAL_Driver\Src\stm32f7xx_hal_pcd_ex.o
                0x080022ec                HAL_PCDEx_ActivateLPM
 .text.HAL_PWREx_EnableOverDrive
                0x08002334       0xa0 Drivers\STM32F7xx_HAL_Driver\Src\stm32f7xx_hal_pwr_ex.o
                0x08002334                HAL_PWREx_EnableOverDrive
 .text.HAL_RCC_OscConfig
                0x080023d4      0x670 Drivers\STM32F7xx_HAL_Driver\Src\stm32f7xx_hal_rcc.o
                0x080023d4                HAL_RCC_OscConfig
 .text.HAL_RCC_ClockConfig
                0x08002a44      0x348 Drivers\STM32F7xx_HAL_Driver\Src\stm32f7xx_hal_rcc.o
                0x08002a44                HAL_RCC_ClockConfig
 .text.HAL_RCC_GetSysClockFreq
                0x08002d8c      0x16c Drivers\STM32F7xx_HAL_Driver\Src\stm32f7xx_hal_rcc.o
                0x08002d8c                HAL_RCC_GetSysClockFreq
 .text.HAL_RCC_GetHCLKFreq
                0x08002ef8       0x18 Drivers\STM32F7xx_HAL_Driver\Src\stm32f7xx_hal_rcc.o
                0x08002ef8                HAL_RCC_GetHCLKFreq
 .text.HAL_RCCEx_PeriphCLKConfig
                0x08002f10     0x101c Drivers\STM32F7xx_HAL_Driver\Src\stm32f7xx_hal_rcc_ex.o
                0x08002f10                HAL_RCCEx_PeriphCLKConfig
 .text.USB_CoreInit
                0x08003f2c       0xa4 Drivers\STM32F7xx_HAL_Driver\Src\stm32f7xx_ll_usb.o
                0x08003f2c                USB_CoreInit
 .text.USB_EnableGlobalInt
                0x08003fd0       0x22 Drivers\STM32F7xx_HAL_Driver\Src\stm32f7xx_ll_usb.o
                0x08003fd0                USB_EnableGlobalInt
 .text.USB_DisableGlobalInt
                0x08003ff2       0x22 Drivers\STM32F7xx_HAL_Driver\Src\stm32f7xx_ll_usb.o
                0x08003ff2                USB_DisableGlobalInt
 .text.USB_SetCurrentMode
                0x08004014       0x4e Drivers\STM32F7xx_HAL_Driver\Src\stm32f7xx_ll_usb.o
                0x08004014                USB_SetCurrentMode
 *fill*         0x08004062        0x2 
 .text.USB_DevInit
                0x08004064      0x29c Drivers\STM32F7xx_HAL_Driver\Src\stm32f7xx_ll_usb.o
                0x08004064                USB_DevInit
 .text.USB_FlushTxFifo
                0x08004300       0x4c Drivers\STM32F7xx_HAL_Driver\Src\stm32f7xx_ll_usb.o
                0x08004300                USB_FlushTxFifo
 .text.USB_FlushRxFifo
                0x0800434c       0x44 Drivers\STM32F7xx_HAL_Driver\Src\stm32f7xx_ll_usb.o
                0x0800434c                USB_FlushRxFifo
 .text.USB_SetDevSpeed
                0x08004390       0x30 Drivers\STM32F7xx_HAL_Driver\Src\stm32f7xx_ll_usb.o
                0x08004390                USB_SetDevSpeed
 .text.USB_GetDevSpeed
                0x080043c0       0x6a Drivers\STM32F7xx_HAL_Driver\Src\stm32f7xx_ll_usb.o
                0x080043c0                USB_GetDevSpeed
 *fill*         0x0800442a        0x2 
 .text.USB_ActivateEndpoint
                0x0800442c      0x110 Drivers\STM32F7xx_HAL_Driver\Src\stm32f7xx_ll_usb.o
                0x0800442c                USB_ActivateEndpoint
 .text.USB_DeactivateEndpoint
                0x0800453c       0xf6 Drivers\STM32F7xx_HAL_Driver\Src\stm32f7xx_ll_usb.o
                0x0800453c                USB_DeactivateEndpoint
 *fill*         0x08004632        0x2 
 .text.USB_EPStartXfer
                0x08004634      0x488 Drivers\STM32F7xx_HAL_Driver\Src\stm32f7xx_ll_usb.o
                0x08004634                USB_EPStartXfer
 .text.USB_EP0StartXfer
                0x08004abc      0x2b8 Drivers\STM32F7xx_HAL_Driver\Src\stm32f7xx_ll_usb.o
                0x08004abc                USB_EP0StartXfer
 .text.USB_WritePacket
                0x08004d74       0x70 Drivers\STM32F7xx_HAL_Driver\Src\stm32f7xx_ll_usb.o
                0x08004d74                USB_WritePacket
 .text.USB_ReadPacket
                0x08004de4       0x54 Drivers\STM32F7xx_HAL_Driver\Src\stm32f7xx_ll_usb.o
                0x08004de4                USB_ReadPacket
 .text.USB_EPSetStall
                0x08004e38       0xe2 Drivers\STM32F7xx_HAL_Driver\Src\stm32f7xx_ll_usb.o
                0x08004e38                USB_EPSetStall
 .text.USB_EPClearStall
                0x08004f1a       0xda Drivers\STM32F7xx_HAL_Driver\Src\stm32f7xx_ll_usb.o
                0x08004f1a                USB_EPClearStall
 .text.USB_SetDevAddress
                0x08004ff4       0x4c Drivers\STM32F7xx_HAL_Driver\Src\stm32f7xx_ll_usb.o
                0x08004ff4                USB_SetDevAddress
 .text.USB_DevConnect
                0x08005040       0x2e Drivers\STM32F7xx_HAL_Driver\Src\stm32f7xx_ll_usb.o
                0x08005040                USB_DevConnect
 .text.USB_DevDisconnect
                0x0800506e       0x2e Drivers\STM32F7xx_HAL_Driver\Src\stm32f7xx_ll_usb.o
                0x0800506e                USB_DevDisconnect
 .text.USB_ReadInterrupts
                0x0800509c       0x2a Drivers\STM32F7xx_HAL_Driver\Src\stm32f7xx_ll_usb.o
                0x0800509c                USB_ReadInterrupts
 .text.USB_ReadDevAllOutEpInterrupt
                0x080050c6       0x30 Drivers\STM32F7xx_HAL_Driver\Src\stm32f7xx_ll_usb.o
                0x080050c6                USB_ReadDevAllOutEpInterrupt
 .text.USB_ReadDevAllInEpInterrupt
                0x080050f6       0x30 Drivers\STM32F7xx_HAL_Driver\Src\stm32f7xx_ll_usb.o
                0x080050f6                USB_ReadDevAllInEpInterrupt
 .text.USB_ReadDevOutEPInterrupt
                0x08005126       0x38 Drivers\STM32F7xx_HAL_Driver\Src\stm32f7xx_ll_usb.o
                0x08005126                USB_ReadDevOutEPInterrupt
 .text.USB_ReadDevInEPInterrupt
                0x0800515e       0x54 Drivers\STM32F7xx_HAL_Driver\Src\stm32f7xx_ll_usb.o
                0x0800515e                USB_ReadDevInEPInterrupt
 .text.USB_GetMode
                0x080051b2       0x1c Drivers\STM32F7xx_HAL_Driver\Src\stm32f7xx_ll_usb.o
                0x080051b2                USB_GetMode
 *fill*         0x080051ce        0x2 
 .text.USB_ActivateSetup
                0x080051d0       0x6c Drivers\STM32F7xx_HAL_Driver\Src\stm32f7xx_ll_usb.o
                0x080051d0                USB_ActivateSetup
 .text.USB_EP0_OutStart
                0x0800523c       0x8a Drivers\STM32F7xx_HAL_Driver\Src\stm32f7xx_ll_usb.o
                0x0800523c                USB_EP0_OutStart
 *fill*         0x080052c6        0x2 
 .text.USB_CoreReset
                0x080052c8       0x68 Drivers\STM32F7xx_HAL_Driver\Src\stm32f7xx_ll_usb.o
 .text.USBD_UVC_Init
                0x08005330       0xd4 Middlewares\ST\STM32_USB_Device_Library\Class\UVC\Src\usbd_uvc.o
 .text.USBD_UVC_DeInit
                0x08005404       0x5a Middlewares\ST\STM32_USB_Device_Library\Class\UVC\Src\usbd_uvc.o
 *fill*         0x0800545e        0x2 
 .text.USBD_UVC_Setup
                0x08005460       0xbc Middlewares\ST\STM32_USB_Device_Library\Class\UVC\Src\usbd_uvc.o
 .text.USBD_UVC_DataIn
                0x0800551c       0x38 Middlewares\ST\STM32_USB_Device_Library\Class\UVC\Src\usbd_uvc.o
 .text.USBD_UVC_DataOut
                0x08005554       0x56 Middlewares\ST\STM32_USB_Device_Library\Class\UVC\Src\usbd_uvc.o
 .text.USBD_UVC_EP0_RxReady
                0x080055aa       0x50 Middlewares\ST\STM32_USB_Device_Library\Class\UVC\Src\usbd_uvc.o
 *fill*         0x080055fa        0x2 
 .text.USBD_UVC_GetFSCfgDesc
                0x080055fc       0x20 Middlewares\ST\STM32_USB_Device_Library\Class\UVC\Src\usbd_uvc.o
 .text.USBD_UVC_GetHSCfgDesc
                0x0800561c       0x20 Middlewares\ST\STM32_USB_Device_Library\Class\UVC\Src\usbd_uvc.o
 .text.USBD_UVC_GetOtherSpeedCfgDesc
                0x0800563c       0x20 Middlewares\ST\STM32_USB_Device_Library\Class\UVC\Src\usbd_uvc.o
 .text.USBD_UVC_GetDeviceQualifierDescriptor
                0x0800565c       0x20 Middlewares\ST\STM32_USB_Device_Library\Class\UVC\Src\usbd_uvc.o
                0x0800565c                USBD_UVC_GetDeviceQualifierDescriptor
 .text.USBD_UVC_RegisterInterface
                0x0800567c       0x2e Middlewares\ST\STM32_USB_Device_Library\Class\UVC\Src\usbd_uvc.o
                0x0800567c                USBD_UVC_RegisterInterface
 .text.USBD_UVC_SetTxBuffer
                0x080056aa       0x34 Middlewares\ST\STM32_USB_Device_Library\Class\UVC\Src\usbd_uvc.o
                0x080056aa                USBD_UVC_SetTxBuffer
 .text.USBD_UVC_SetRxBuffer
                0x080056de       0x28 Middlewares\ST\STM32_USB_Device_Library\Class\UVC\Src\usbd_uvc.o
                0x080056de                USBD_UVC_SetRxBuffer
 .text.USBD_UVC_ReceivePacket
                0x08005706       0x54 Middlewares\ST\STM32_USB_Device_Library\Class\UVC\Src\usbd_uvc.o
                0x08005706                USBD_UVC_ReceivePacket
 .text.USBD_Init
                0x0800575a       0x56 Middlewares\ST\STM32_USB_Device_Library\Core\Src\usbd_core.o
                0x0800575a                USBD_Init
 .text.USBD_RegisterClass
                0x080057b0       0x34 Middlewares\ST\STM32_USB_Device_Library\Core\Src\usbd_core.o
                0x080057b0                USBD_RegisterClass
 .text.USBD_Start
                0x080057e4       0x18 Middlewares\ST\STM32_USB_Device_Library\Core\Src\usbd_core.o
                0x080057e4                USBD_Start
 .text.USBD_RunTestMode
                0x080057fc       0x16 Middlewares\ST\STM32_USB_Device_Library\Core\Src\usbd_core.o
                0x080057fc                USBD_RunTestMode
 .text.USBD_SetClassConfig
                0x08005812       0x3e Middlewares\ST\STM32_USB_Device_Library\Core\Src\usbd_core.o
                0x08005812                USBD_SetClassConfig
 .text.USBD_ClrClassConfig
                0x08005850       0x26 Middlewares\ST\STM32_USB_Device_Library\Core\Src\usbd_core.o
                0x08005850                USBD_ClrClassConfig
 .text.USBD_LL_SetupStage
                0x08005876       0x94 Middlewares\ST\STM32_USB_Device_Library\Core\Src\usbd_core.o
                0x08005876                USBD_LL_SetupStage
 .text.USBD_LL_DataOutStage
                0x0800590a       0xb6 Middlewares\ST\STM32_USB_Device_Library\Core\Src\usbd_core.o
                0x0800590a                USBD_LL_DataOutStage
 .text.USBD_LL_DataInStage
                0x080059c0      0x11e Middlewares\ST\STM32_USB_Device_Library\Core\Src\usbd_core.o
                0x080059c0                USBD_LL_DataInStage
 .text.USBD_LL_Reset
                0x08005ade       0x5e Middlewares\ST\STM32_USB_Device_Library\Core\Src\usbd_core.o
                0x08005ade                USBD_LL_Reset
 .text.USBD_LL_SetSpeed
                0x08005b3c       0x20 Middlewares\ST\STM32_USB_Device_Library\Core\Src\usbd_core.o
                0x08005b3c                USBD_LL_SetSpeed
 .text.USBD_LL_Suspend
                0x08005b5c       0x2a Middlewares\ST\STM32_USB_Device_Library\Core\Src\usbd_core.o
                0x08005b5c                USBD_LL_Suspend
 .text.USBD_LL_Resume
                0x08005b86       0x22 Middlewares\ST\STM32_USB_Device_Library\Core\Src\usbd_core.o
                0x08005b86                USBD_LL_Resume
 .text.USBD_LL_SOF
                0x08005ba8       0x34 Middlewares\ST\STM32_USB_Device_Library\Core\Src\usbd_core.o
                0x08005ba8                USBD_LL_SOF
 .text.USBD_LL_IsoINIncomplete
                0x08005bdc       0x1a Middlewares\ST\STM32_USB_Device_Library\Core\Src\usbd_core.o
                0x08005bdc                USBD_LL_IsoINIncomplete
 .text.USBD_LL_IsoOUTIncomplete
                0x08005bf6       0x1a Middlewares\ST\STM32_USB_Device_Library\Core\Src\usbd_core.o
                0x08005bf6                USBD_LL_IsoOUTIncomplete
 .text.USBD_LL_DevConnected
                0x08005c10       0x16 Middlewares\ST\STM32_USB_Device_Library\Core\Src\usbd_core.o
                0x08005c10                USBD_LL_DevConnected
 .text.USBD_LL_DevDisconnected
                0x08005c26       0x2e Middlewares\ST\STM32_USB_Device_Library\Core\Src\usbd_core.o
                0x08005c26                USBD_LL_DevDisconnected
 .text.USBD_StdDevReq
                0x08005c54       0xa0 Middlewares\ST\STM32_USB_Device_Library\Core\Src\usbd_ctlreq.o
                0x08005c54                USBD_StdDevReq
 .text.USBD_StdItfReq
                0x08005cf4       0x66 Middlewares\ST\STM32_USB_Device_Library\Core\Src\usbd_ctlreq.o
                0x08005cf4                USBD_StdItfReq
 .text.USBD_StdEPReq
                0x08005d5a      0x1b0 Middlewares\ST\STM32_USB_Device_Library\Core\Src\usbd_ctlreq.o
                0x08005d5a                USBD_StdEPReq
 *fill*         0x08005f0a        0x2 
 .text.USBD_GetDescriptor
                0x08005f0c      0x220 Middlewares\ST\STM32_USB_Device_Library\Core\Src\usbd_ctlreq.o
 .text.USBD_SetAddress
                0x0800612c       0x7c Middlewares\ST\STM32_USB_Device_Library\Core\Src\usbd_ctlreq.o
 .text.USBD_SetConfig
                0x080061a8      0x110 Middlewares\ST\STM32_USB_Device_Library\Core\Src\usbd_ctlreq.o
 .text.USBD_GetConfig
                0x080062b8       0x64 Middlewares\ST\STM32_USB_Device_Library\Core\Src\usbd_ctlreq.o
 .text.USBD_GetStatus
                0x0800631c       0x54 Middlewares\ST\STM32_USB_Device_Library\Core\Src\usbd_ctlreq.o
 .text.USBD_SetFeature
                0x08006370       0x36 Middlewares\ST\STM32_USB_Device_Library\Core\Src\usbd_ctlreq.o
 .text.USBD_ClrFeature
                0x080063a6       0x50 Middlewares\ST\STM32_USB_Device_Library\Core\Src\usbd_ctlreq.o
 .text.USBD_ParseSetupRequest
                0x080063f6       0x7a Middlewares\ST\STM32_USB_Device_Library\Core\Src\usbd_ctlreq.o
                0x080063f6                USBD_ParseSetupRequest
 .text.USBD_CtlError
                0x08006470       0x22 Middlewares\ST\STM32_USB_Device_Library\Core\Src\usbd_ctlreq.o
                0x08006470                USBD_CtlError
 .text.USBD_GetString
                0x08006492       0x86 Middlewares\ST\STM32_USB_Device_Library\Core\Src\usbd_ctlreq.o
                0x08006492                USBD_GetString
 .text.USBD_GetLen
                0x08006518       0x30 Middlewares\ST\STM32_USB_Device_Library\Core\Src\usbd_ctlreq.o
 .text.USBD_CtlSendData
                0x08006548       0x38 Middlewares\ST\STM32_USB_Device_Library\Core\Src\usbd_ioreq.o
                0x08006548                USBD_CtlSendData
 .text.USBD_CtlContinueSendData
                0x08006580       0x24 Middlewares\ST\STM32_USB_Device_Library\Core\Src\usbd_ioreq.o
                0x08006580                USBD_CtlContinueSendData
 .text.USBD_CtlPrepareRx
                0x080065a4       0x3c Middlewares\ST\STM32_USB_Device_Library\Core\Src\usbd_ioreq.o
                0x080065a4                USBD_CtlPrepareRx
 .text.USBD_CtlContinueRx
                0x080065e0       0x24 Middlewares\ST\STM32_USB_Device_Library\Core\Src\usbd_ioreq.o
                0x080065e0                USBD_CtlContinueRx
 .text.USBD_CtlSendStatus
                0x08006604       0x26 Middlewares\ST\STM32_USB_Device_Library\Core\Src\usbd_ioreq.o
                0x08006604                USBD_CtlSendStatus
 .text.USBD_CtlReceiveStatus
                0x0800662a       0x26 Middlewares\ST\STM32_USB_Device_Library\Core\Src\usbd_ioreq.o
                0x0800662a                USBD_CtlReceiveStatus
 .text.MX_GPIO_Init
                0x08006650       0x60 Src\gpio.o
                0x08006650                MX_GPIO_Init
 .text.main     0x080066b0       0x16 Src\main.o
                0x080066b0                main
 *fill*         0x080066c6        0x2 
 .text.SystemClock_Config
                0x080066c8      0x134 Src\main.o
                0x080066c8                SystemClock_Config
 .text._Error_Handler
                0x080067fc        0xc Src\main.o
                0x080067fc                _Error_Handler
 .text.assert_failed
                0x08006808       0x16 Src\main.o
                0x08006808                assert_failed
 .text.HAL_MspInit
                0x0800681e       0x62 Src\stm32f7xx_hal_msp.o
                0x0800681e                HAL_MspInit
 .text.NMI_Handler
                0x08006880        0xe Src\stm32f7xx_it.o
                0x08006880                NMI_Handler
 .text.HardFault_Handler
                0x0800688e        0x6 Src\stm32f7xx_it.o
                0x0800688e                HardFault_Handler
 .text.MemManage_Handler
                0x08006894        0x6 Src\stm32f7xx_it.o
                0x08006894                MemManage_Handler
 .text.BusFault_Handler
                0x0800689a        0x6 Src\stm32f7xx_it.o
                0x0800689a                BusFault_Handler
 .text.UsageFault_Handler
                0x080068a0        0x6 Src\stm32f7xx_it.o
                0x080068a0                UsageFault_Handler
 .text.SVC_Handler
                0x080068a6        0xe Src\stm32f7xx_it.o
                0x080068a6                SVC_Handler
 .text.DebugMon_Handler
                0x080068b4        0xe Src\stm32f7xx_it.o
                0x080068b4                DebugMon_Handler
 .text.PendSV_Handler
                0x080068c2        0xe Src\stm32f7xx_it.o
                0x080068c2                PendSV_Handler
 .text.SysTick_Handler
                0x080068d0       0x10 Src\stm32f7xx_it.o
                0x080068d0                SysTick_Handler
 .text.OTG_FS_IRQHandler
                0x080068e0       0x14 Src\stm32f7xx_it.o
                0x080068e0                OTG_FS_IRQHandler
 .text.SystemInit
                0x080068f4       0x6c Src\system_stm32f7xx.o
                0x080068f4                SystemInit
 .text.MX_USB_DEVICE_Init
                0x08006960       0x38 Src\usb_device.o
                0x08006960                MX_USB_DEVICE_Init
 .text.HAL_PCD_MspInit
                0x08006998       0xa0 Src\usbd_conf.o
                0x08006998                HAL_PCD_MspInit
 .text.HAL_PCD_SetupStageCallback
                0x08006a38       0x24 Src\usbd_conf.o
                0x08006a38                HAL_PCD_SetupStageCallback
 .text.HAL_PCD_DataOutStageCallback
                0x08006a5c       0x36 Src\usbd_conf.o
                0x08006a5c                HAL_PCD_DataOutStageCallback
 .text.HAL_PCD_DataInStageCallback
                0x08006a92       0x34 Src\usbd_conf.o
                0x08006a92                HAL_PCD_DataInStageCallback
 .text.HAL_PCD_SOFCallback
                0x08006ac6       0x1c Src\usbd_conf.o
                0x08006ac6                HAL_PCD_SOFCallback
 .text.HAL_PCD_ResetCallback
                0x08006ae2       0x50 Src\usbd_conf.o
                0x08006ae2                HAL_PCD_ResetCallback
 *fill*         0x08006b32        0x2 
 .text.HAL_PCD_SuspendCallback
                0x08006b34       0x50 Src\usbd_conf.o
                0x08006b34                HAL_PCD_SuspendCallback
 .text.HAL_PCD_ResumeCallback
                0x08006b84       0x1c Src\usbd_conf.o
                0x08006b84                HAL_PCD_ResumeCallback
 .text.HAL_PCD_ISOOUTIncompleteCallback
                0x08006ba0       0x24 Src\usbd_conf.o
                0x08006ba0                HAL_PCD_ISOOUTIncompleteCallback
 .text.HAL_PCD_ISOINIncompleteCallback
                0x08006bc4       0x24 Src\usbd_conf.o
                0x08006bc4                HAL_PCD_ISOINIncompleteCallback
 .text.HAL_PCD_ConnectCallback
                0x08006be8       0x1c Src\usbd_conf.o
                0x08006be8                HAL_PCD_ConnectCallback
 .text.HAL_PCD_DisconnectCallback
                0x08006c04       0x1c Src\usbd_conf.o
                0x08006c04                HAL_PCD_DisconnectCallback
 .text.USBD_LL_Init
                0x08006c20       0xa8 Src\usbd_conf.o
                0x08006c20                USBD_LL_Init
 .text.USBD_LL_Start
                0x08006cc8       0x64 Src\usbd_conf.o
                0x08006cc8                USBD_LL_Start
 .text.USBD_LL_OpenEP
                0x08006d2c       0x7c Src\usbd_conf.o
                0x08006d2c                USBD_LL_OpenEP
 .text.USBD_LL_CloseEP
                0x08006da8       0x6c Src\usbd_conf.o
                0x08006da8                USBD_LL_CloseEP
 .text.USBD_LL_StallEP
                0x08006e14       0x6c Src\usbd_conf.o
                0x08006e14                USBD_LL_StallEP
 .text.USBD_LL_ClearStallEP
                0x08006e80       0x6c Src\usbd_conf.o
                0x08006e80                USBD_LL_ClearStallEP
 .text.USBD_LL_IsStallEP
                0x08006eec       0x58 Src\usbd_conf.o
                0x08006eec                USBD_LL_IsStallEP
 .text.USBD_LL_SetUSBAddress
                0x08006f44       0x6c Src\usbd_conf.o
                0x08006f44                USBD_LL_SetUSBAddress
 .text.USBD_LL_Transmit
                0x08006fb0       0x74 Src\usbd_conf.o
                0x08006fb0                USBD_LL_Transmit
 .text.USBD_LL_PrepareReceive
                0x08007024       0x74 Src\usbd_conf.o
                0x08007024                USBD_LL_PrepareReceive
 .text.USBD_LL_GetRxDataSize
                0x08007098       0x26 Src\usbd_conf.o
                0x08007098                USBD_LL_GetRxDataSize
 *fill*         0x080070be        0x2 
 .text.HAL_PCDEx_LPM_Callback
                0x080070c0       0xa0 Src\usbd_conf.o
                0x080070c0                HAL_PCDEx_LPM_Callback
 .text.USBD_FS_DeviceDescriptor
                0x08007160       0x24 Src\usbd_desc.o
                0x08007160                USBD_FS_DeviceDescriptor
 .text.USBD_FS_LangIDStrDescriptor
                0x08007184       0x24 Src\usbd_desc.o
                0x08007184                USBD_FS_LangIDStrDescriptor
 .text.USBD_FS_ProductStrDescriptor
                0x080071a8       0x3c Src\usbd_desc.o
                0x080071a8                USBD_FS_ProductStrDescriptor
 .text.USBD_FS_ManufacturerStrDescriptor
                0x080071e4       0x28 Src\usbd_desc.o
                0x080071e4                USBD_FS_ManufacturerStrDescriptor
 .text.USBD_FS_SerialStrDescriptor
                0x0800720c       0x3c Src\usbd_desc.o
                0x0800720c                USBD_FS_SerialStrDescriptor
 .text.USBD_FS_ConfigStrDescriptor
                0x08007248       0x3c Src\usbd_desc.o
                0x08007248                USBD_FS_ConfigStrDescriptor
 .text.USBD_FS_InterfaceStrDescriptor
                0x08007284       0x3c Src\usbd_desc.o
                0x08007284                USBD_FS_InterfaceStrDescriptor
 .text.USBD_FS_USR_BOSDescriptor
                0x080072c0       0x24 Src\usbd_desc.o
                0x080072c0                USBD_FS_USR_BOSDescriptor
 .text.UVC_Init_FS
                0x080072e4       0x28 Src\usbd_uvc_if.o
 .text.UVC_DeInit_FS
                0x0800730c       0x10 Src\usbd_uvc_if.o
 .text.UVC_Control_FS
                0x0800731c       0xbc Src\usbd_uvc_if.o
 .text.UVC_Receive_FS
                0x080073d8       0x28 Src\usbd_uvc_if.o
 .text.Reset_Handler
                0x08007400       0x50 startup\startup_stm32f765xx.o
                0x08007400                Reset_Handler
 .text.Default_Handler
                0x08007450        0x2 startup\startup_stm32f765xx.o
                0x08007450                RTC_Alarm_IRQHandler
                0x08007450                EXTI2_IRQHandler
                0x08007450                TIM8_CC_IRQHandler
                0x08007450                UART8_IRQHandler
                0x08007450                SPI4_IRQHandler
                0x08007450                TIM1_CC_IRQHandler
                0x08007450                DMA2_Stream5_IRQHandler
                0x08007450                DMA1_Stream5_IRQHandler
                0x08007450                CAN3_RX1_IRQHandler
                0x08007450                PVD_IRQHandler
                0x08007450                TAMP_STAMP_IRQHandler
                0x08007450                CAN2_RX1_IRQHandler
                0x08007450                EXTI3_IRQHandler
                0x08007450                TIM8_TRG_COM_TIM14_IRQHandler
                0x08007450                DFSDM1_FLT1_IRQHandler
                0x08007450                TIM1_UP_TIM10_IRQHandler
                0x08007450                TIM8_UP_TIM13_IRQHandler
                0x08007450                I2C3_ER_IRQHandler
                0x08007450                DFSDM1_FLT2_IRQHandler
                0x08007450                EXTI0_IRQHandler
                0x08007450                I2C2_EV_IRQHandler
                0x08007450                DMA1_Stream2_IRQHandler
                0x08007450                CAN1_RX0_IRQHandler
                0x08007450                FPU_IRQHandler
                0x08007450                OTG_HS_WKUP_IRQHandler
                0x08007450                CAN3_SCE_IRQHandler
                0x08007450                CAN2_SCE_IRQHandler
                0x08007450                DMA2_Stream2_IRQHandler
                0x08007450                SPI1_IRQHandler
                0x08007450                TIM6_DAC_IRQHandler
                0x08007450                TIM1_BRK_TIM9_IRQHandler
                0x08007450                DCMI_IRQHandler
                0x08007450                CAN2_RX0_IRQHandler
                0x08007450                DMA2_Stream3_IRQHandler
                0x08007450                SAI2_IRQHandler
                0x08007450                DFSDM1_FLT3_IRQHandler
                0x08007450                USART6_IRQHandler
                0x08007450                CAN3_RX0_IRQHandler
                0x08007450                USART3_IRQHandler
                0x08007450                CAN1_RX1_IRQHandler
                0x08007450                UART5_IRQHandler
                0x08007450                DMA2_Stream0_IRQHandler
                0x08007450                TIM4_IRQHandler
                0x08007450                QUADSPI_IRQHandler
                0x08007450                I2C1_EV_IRQHandler
                0x08007450                DMA1_Stream6_IRQHandler
                0x08007450                DMA1_Stream1_IRQHandler
                0x08007450                UART4_IRQHandler
                0x08007450                TIM3_IRQHandler
                0x08007450                RCC_IRQHandler
                0x08007450                TIM8_BRK_TIM12_IRQHandler
                0x08007450                Default_Handler
                0x08007450                CEC_IRQHandler
                0x08007450                EXTI15_10_IRQHandler
                0x08007450                ADC_IRQHandler
                0x08007450                DMA1_Stream7_IRQHandler
                0x08007450                SPI5_IRQHandler
                0x08007450                TIM7_IRQHandler
                0x08007450                SDMMC1_IRQHandler
                0x08007450                CAN2_TX_IRQHandler
                0x08007450                TIM5_IRQHandler
                0x08007450                DMA2_Stream7_IRQHandler
                0x08007450                I2C3_EV_IRQHandler
                0x08007450                EXTI9_5_IRQHandler
                0x08007450                RTC_WKUP_IRQHandler
                0x08007450                ETH_WKUP_IRQHandler
                0x08007450                SPDIF_RX_IRQHandler
                0x08007450                SPI2_IRQHandler
                0x08007450                OTG_HS_EP1_IN_IRQHandler
                0x08007450                DMA1_Stream0_IRQHandler
                0x08007450                CAN1_TX_IRQHandler
                0x08007450                EXTI4_IRQHandler
                0x08007450                RNG_IRQHandler
                0x08007450                ETH_IRQHandler
                0x08007450                OTG_HS_EP1_OUT_IRQHandler
                0x08007450                WWDG_IRQHandler
                0x08007450                SPI6_IRQHandler
                0x08007450                MDIOS_IRQHandler
                0x08007450                I2C4_EV_IRQHandler
                0x08007450                CAN3_TX_IRQHandler
                0x08007450                TIM2_IRQHandler
                0x08007450                OTG_FS_WKUP_IRQHandler
                0x08007450                TIM1_TRG_COM_TIM11_IRQHandler
                0x08007450                OTG_HS_IRQHandler
                0x08007450                DMA2D_IRQHandler
                0x08007450                EXTI1_IRQHandler
                0x08007450                SDMMC2_IRQHandler
                0x08007450                UART7_IRQHandler
                0x08007450                USART2_IRQHandler
                0x08007450                DFSDM1_FLT0_IRQHandler
                0x08007450                I2C2_ER_IRQHandler
                0x08007450                DMA2_Stream1_IRQHandler
                0x08007450                CAN1_SCE_IRQHandler
                0x08007450                FLASH_IRQHandler
                0x08007450                DMA2_Stream4_IRQHandler
                0x08007450                USART1_IRQHandler
                0x08007450                SPI3_IRQHandler
                0x08007450                DMA1_Stream4_IRQHandler
                0x08007450                I2C1_ER_IRQHandler
                0x08007450                FMC_IRQHandler
                0x08007450                LPTIM1_IRQHandler
                0x08007450                I2C4_ER_IRQHandler
                0x08007450                DMA2_Stream6_IRQHandler
                0x08007450                SAI1_IRQHandler
                0x08007450                DMA1_Stream3_IRQHandler
 *fill*         0x08007452        0x2 
 .text.__libc_init_array
                0x08007454       0x48 d:/program files (x86)/atollic/truestudio for stm32 9.0.0/armtools/bin/../lib/gcc/arm-atollic-eabi/6.3.1/../../../../arm-atollic-eabi/lib/armv7e-m/fpu/fpv5-d16\libc_nano.a(lib_a-init.o)
                0x08007454                __libc_init_array
 .text.malloc   0x0800749c       0x10 d:/program files (x86)/atollic/truestudio for stm32 9.0.0/armtools/bin/../lib/gcc/arm-atollic-eabi/6.3.1/../../../../arm-atollic-eabi/lib/armv7e-m/fpu/fpv5-d16\libc_nano.a(lib_a-malloc.o)
                0x0800749c                malloc
 .text.free     0x080074ac       0x10 d:/program files (x86)/atollic/truestudio for stm32 9.0.0/armtools/bin/../lib/gcc/arm-atollic-eabi/6.3.1/../../../../arm-atollic-eabi/lib/armv7e-m/fpu/fpv5-d16\libc_nano.a(lib_a-malloc.o)
                0x080074ac                free
 .text._free_r  0x080074bc       0x9c d:/program files (x86)/atollic/truestudio for stm32 9.0.0/armtools/bin/../lib/gcc/arm-atollic-eabi/6.3.1/../../../../arm-atollic-eabi/lib/armv7e-m/fpu/fpv5-d16\libc_nano.a(lib_a-nano-freer.o)
                0x080074bc                _free_r
 .text._malloc_r
                0x08007558       0xbc d:/program files (x86)/atollic/truestudio for stm32 9.0.0/armtools/bin/../lib/gcc/arm-atollic-eabi/6.3.1/../../../../arm-atollic-eabi/lib/armv7e-m/fpu/fpv5-d16\libc_nano.a(lib_a-nano-mallocr.o)
                0x08007558                _malloc_r
 .text._sbrk_r  0x08007614       0x20 d:/program files (x86)/atollic/truestudio for stm32 9.0.0/armtools/bin/../lib/gcc/arm-atollic-eabi/6.3.1/../../../../arm-atollic-eabi/lib/armv7e-m/fpu/fpv5-d16\libc_nano.a(lib_a-sbrkr.o)
                0x08007614                _sbrk_r
 .text.__malloc_lock
                0x08007634        0x2 d:/program files (x86)/atollic/truestudio for stm32 9.0.0/armtools/bin/../lib/gcc/arm-atollic-eabi/6.3.1/../../../../arm-atollic-eabi/lib/armv7e-m/fpu/fpv5-d16\libc_nano.a(lib_a-mlock.o)
                0x08007634                __malloc_lock
 .text.__malloc_unlock
                0x08007636        0x2 d:/program files (x86)/atollic/truestudio for stm32 9.0.0/armtools/bin/../lib/gcc/arm-atollic-eabi/6.3.1/../../../../arm-atollic-eabi/lib/armv7e-m/fpu/fpv5-d16\libc_nano.a(lib_a-mlock.o)
                0x08007636                __malloc_unlock
 .text._sbrk    0x08007638       0x1c d:/program files (x86)/atollic/truestudio for stm32 9.0.0/armtools/bin/../lib/gcc/arm-atollic-eabi/6.3.1/../../../../arm-atollic-eabi/lib/armv7e-m/fpu/fpv5-d16\libnosys.a(sbrk.o)
                0x08007638                _sbrk
 *(.glue_7)
 .glue_7        0x08007654        0x0 linker stubs
 *(.glue_7t)
 .glue_7t       0x08007654        0x0 linker stubs
 *(.eh_frame)
 .eh_frame      0x08007654        0x0 d:/program files (x86)/atollic/truestudio for stm32 9.0.0/armtools/bin/../lib/gcc/arm-atollic-eabi/6.3.1/armv7e-m/fpu/fpv5-d16/crtbegin.o
 *(.init)
 .init          0x08007654        0x4 d:/program files (x86)/atollic/truestudio for stm32 9.0.0/armtools/bin/../lib/gcc/arm-atollic-eabi/6.3.1/armv7e-m/fpu/fpv5-d16/crti.o
                0x08007654                _init
 .init          0x08007658        0x8 d:/program files (x86)/atollic/truestudio for stm32 9.0.0/armtools/bin/../lib/gcc/arm-atollic-eabi/6.3.1/armv7e-m/fpu/fpv5-d16/crtn.o
 *(.fini)
 .fini          0x08007660        0x4 d:/program files (x86)/atollic/truestudio for stm32 9.0.0/armtools/bin/../lib/gcc/arm-atollic-eabi/6.3.1/armv7e-m/fpu/fpv5-d16/crti.o
                0x08007660                _fini
 .fini          0x08007664        0x8 d:/program files (x86)/atollic/truestudio for stm32 9.0.0/armtools/bin/../lib/gcc/arm-atollic-eabi/6.3.1/armv7e-m/fpu/fpv5-d16/crtn.o
                0x0800766c                . = ALIGN (0x4)
                0x0800766c                _etext = .

.vfp11_veneer   0x0800766c        0x0
 .vfp11_veneer  0x0800766c        0x0 linker stubs

.v4_bx          0x0800766c        0x0
 .v4_bx         0x0800766c        0x0 linker stubs

.iplt           0x0800766c        0x0
 .iplt          0x0800766c        0x0 d:/program files (x86)/atollic/truestudio for stm32 9.0.0/armtools/bin/../lib/gcc/arm-atollic-eabi/6.3.1/armv7e-m/fpu/fpv5-d16/crtbegin.o

.rodata         0x0800766c      0x1ac
                0x0800766c                . = ALIGN (0x4)
 *(.rodata)
 .rodata        0x0800766c       0x3b Drivers\STM32F7xx_HAL_Driver\Src\stm32f7xx_hal_cortex.o
 *fill*         0x080076a7        0x1 
 .rodata        0x080076a8       0x39 Drivers\STM32F7xx_HAL_Driver\Src\stm32f7xx_hal_gpio.o
 *fill*         0x080076e1        0x3 
 .rodata        0x080076e4       0x38 Drivers\STM32F7xx_HAL_Driver\Src\stm32f7xx_hal_pcd.o
 .rodata        0x0800771c       0x38 Drivers\STM32F7xx_HAL_Driver\Src\stm32f7xx_hal_rcc.o
 .rodata        0x08007754       0x3b Drivers\STM32F7xx_HAL_Driver\Src\stm32f7xx_hal_rcc_ex.o
 *fill*         0x0800778f        0x1 
 .rodata        0x08007790        0xe Src\main.o
 *fill*         0x0800779e        0x2 
 .rodata        0x080077a0       0x13 Src\usbd_conf.o
 *fill*         0x080077b3        0x1 
 .rodata        0x080077b4       0x52 Src\usbd_desc.o
 *(.rodata*)
 *fill*         0x08007806        0x2 
 .rodata.AHBPrescTable
                0x08007808       0x10 Src\system_stm32f7xx.o
                0x08007808                AHBPrescTable
                0x08007818                . = ALIGN (0x4)

.ARM.extab
 *(.ARM.extab* .gnu.linkonce.armextab.*)

.ARM            0x08007818        0x8
                0x08007818                __exidx_start = .
 *(.ARM.exidx*)
 .ARM.exidx     0x08007818        0x8 d:/program files (x86)/atollic/truestudio for stm32 9.0.0/armtools/bin/../lib/gcc/arm-atollic-eabi/6.3.1/armv7e-m/fpu/fpv5-d16\libgcc.a(_udivmoddi4.o)
                0x08007820                __exidx_end = .

.rel.dyn        0x08007820        0x0
 .rel.iplt      0x08007820        0x0 d:/program files (x86)/atollic/truestudio for stm32 9.0.0/armtools/bin/../lib/gcc/arm-atollic-eabi/6.3.1/armv7e-m/fpu/fpv5-d16/crtbegin.o

.preinit_array  0x08007820        0x0
                0x08007820                PROVIDE (__preinit_array_start, .)
 *(.preinit_array*)
                0x08007820                PROVIDE (__preinit_array_end, .)

.init_array     0x08007820        0x4
                0x08007820                PROVIDE (__init_array_start, .)
 *(SORT(.init_array.*))
 *(.init_array*)
 .init_array    0x08007820        0x4 d:/program files (x86)/atollic/truestudio for stm32 9.0.0/armtools/bin/../lib/gcc/arm-atollic-eabi/6.3.1/armv7e-m/fpu/fpv5-d16/crtbegin.o
                0x08007824                PROVIDE (__init_array_end, .)

.fini_array     0x08007824        0x4
                [!provide]                PROVIDE (__fini_array_start, .)
 *(SORT(.fini_array.*))
 *(.fini_array*)
 .fini_array    0x08007824        0x4 d:/program files (x86)/atollic/truestudio for stm32 9.0.0/armtools/bin/../lib/gcc/arm-atollic-eabi/6.3.1/armv7e-m/fpu/fpv5-d16/crtbegin.o
                [!provide]                PROVIDE (__fini_array_end, .)
                0x08007828                _sidata = LOADADDR (.data)

.data           0x20000000      0x1d4 load address 0x08007828
                0x20000000                . = ALIGN (0x4)
                0x20000000                _sdata = .
 *(.data)
 *(.data*)
 .data.uwTickPrio
                0x20000000        0x4 Drivers\STM32F7xx_HAL_Driver\Src\stm32f7xx_hal.o
                0x20000000                uwTickPrio
 .data.uwTickFreq
                0x20000004        0x1 Drivers\STM32F7xx_HAL_Driver\Src\stm32f7xx_hal.o
                0x20000004                uwTickFreq
 *fill*         0x20000005        0x3 
 .data.USBD_UVC_DeviceQualifierDesc
                0x20000008        0xa Middlewares\ST\STM32_USB_Device_Library\Class\UVC\Src\usbd_uvc.o
 *fill*         0x20000012        0x2 
 .data.USBD_UVC
                0x20000014       0x38 Middlewares\ST\STM32_USB_Device_Library\Class\UVC\Src\usbd_uvc.o
                0x20000014                USBD_UVC
 .data.USBD_UVC_CfgHSDesc
                0x2000004c       0x43 Middlewares\ST\STM32_USB_Device_Library\Class\UVC\Src\usbd_uvc.o
                0x2000004c                USBD_UVC_CfgHSDesc
 *fill*         0x2000008f        0x1 
 .data.USBD_UVC_CfgFSDesc
                0x20000090       0x43 Middlewares\ST\STM32_USB_Device_Library\Class\UVC\Src\usbd_uvc.o
                0x20000090                USBD_UVC_CfgFSDesc
 *fill*         0x200000d3        0x1 
 .data.USBD_UVC_OtherSpeedCfgDesc
                0x200000d4       0x43 Middlewares\ST\STM32_USB_Device_Library\Class\UVC\Src\usbd_uvc.o
                0x200000d4                USBD_UVC_OtherSpeedCfgDesc
 *fill*         0x20000117        0x1 
 .data.SystemCoreClock
                0x20000118        0x4 Src\system_stm32f7xx.o
                0x20000118                SystemCoreClock
 .data.FS_Desc  0x2000011c       0x20 Src\usbd_desc.o
                0x2000011c                FS_Desc
 .data.USBD_FS_DeviceDesc
                0x2000013c       0x12 Src\usbd_desc.o
                0x2000013c                USBD_FS_DeviceDesc
 *fill*         0x2000014e        0x2 
 .data.USBD_FS_BOSDesc
                0x20000150        0xc Src\usbd_desc.o
                0x20000150                USBD_FS_BOSDesc
 .data.USBD_LangIDDesc
                0x2000015c        0x4 Src\usbd_desc.o
                0x2000015c                USBD_LangIDDesc
 .data.USBD_Interface_fops_FS
                0x20000160       0x10 Src\usbd_uvc_if.o
                0x20000160                USBD_Interface_fops_FS
 .data._impure_ptr
                0x20000170        0x4 d:/program files (x86)/atollic/truestudio for stm32 9.0.0/armtools/bin/../lib/gcc/arm-atollic-eabi/6.3.1/../../../../arm-atollic-eabi/lib/armv7e-m/fpu/fpv5-d16\libc_nano.a(lib_a-impure.o)
                0x20000170                _impure_ptr
 .data.impure_data
                0x20000174       0x60 d:/program files (x86)/atollic/truestudio for stm32 9.0.0/armtools/bin/../lib/gcc/arm-atollic-eabi/6.3.1/../../../../arm-atollic-eabi/lib/armv7e-m/fpu/fpv5-d16\libc_nano.a(lib_a-impure.o)
                0x200001d4                . = ALIGN (0x4)
                0x200001d4                _edata = .

.igot.plt       0x200001d4        0x0 load address 0x080079fc
 .igot.plt      0x200001d4        0x0 d:/program files (x86)/atollic/truestudio for stm32 9.0.0/armtools/bin/../lib/gcc/arm-atollic-eabi/6.3.1/armv7e-m/fpu/fpv5-d16/crtbegin.o
                0x200001d4                . = ALIGN (0x4)

.bss            0x200001d4     0x1858 load address 0x080079fc
                0x200001d4                _sbss = .
                0x200001d4                __bss_start__ = _sbss
 *(.bss)
 .bss           0x200001d4       0x1c d:/program files (x86)/atollic/truestudio for stm32 9.0.0/armtools/bin/../lib/gcc/arm-atollic-eabi/6.3.1/armv7e-m/fpu/fpv5-d16/crtbegin.o
 *(.bss*)
 .bss.ifalt.10082
                0x200001f0        0x1 Middlewares\ST\STM32_USB_Device_Library\Class\UVC\Src\usbd_uvc.o
 .bss.cfgidx.10058
                0x200001f1        0x1 Middlewares\ST\STM32_USB_Device_Library\Core\Src\usbd_ctlreq.o
 *fill*         0x200001f2        0x2 
 .bss.__malloc_free_list
                0x200001f4        0x4 d:/program files (x86)/atollic/truestudio for stm32 9.0.0/armtools/bin/../lib/gcc/arm-atollic-eabi/6.3.1/../../../../arm-atollic-eabi/lib/armv7e-m/fpu/fpv5-d16\libc_nano.a(lib_a-nano-mallocr.o)
                0x200001f4                __malloc_free_list
 .bss.__malloc_sbrk_start
                0x200001f8        0x4 d:/program files (x86)/atollic/truestudio for stm32 9.0.0/armtools/bin/../lib/gcc/arm-atollic-eabi/6.3.1/../../../../arm-atollic-eabi/lib/armv7e-m/fpu/fpv5-d16\libc_nano.a(lib_a-nano-mallocr.o)
                0x200001f8                __malloc_sbrk_start
 .bss.heap_end.5239
                0x200001fc        0x4 d:/program files (x86)/atollic/truestudio for stm32 9.0.0/armtools/bin/../lib/gcc/arm-atollic-eabi/6.3.1/../../../../arm-atollic-eabi/lib/armv7e-m/fpu/fpv5-d16\libnosys.a(sbrk.o)
 *(COMMON)
 COMMON         0x20000200        0x4 Drivers\STM32F7xx_HAL_Driver\Src\stm32f7xx_hal.o
                0x20000200                uwTick
 COMMON         0x20000204      0x224 Src\usb_device.o
                0x20000204                hUsbDeviceFS
 COMMON         0x20000428      0x400 Src\usbd_conf.o
                0x20000428                hpcd_USB_OTG_FS
 COMMON         0x20000828      0x200 Src\usbd_desc.o
                0x20000828                USBD_StrDesc
 COMMON         0x20000a28     0x1000 Src\usbd_uvc_if.o
                0x20000a28                UserRxBufferFS
                0x20001228                UserTxBufferFS
 COMMON         0x20001a28        0x4 d:/program files (x86)/atollic/truestudio for stm32 9.0.0/armtools/bin/../lib/gcc/arm-atollic-eabi/6.3.1/../../../../arm-atollic-eabi/lib/armv7e-m/fpu/fpv5-d16\libc_nano.a(lib_a-reent.o)
                0x20001a28                errno
                0x20001a2c                . = ALIGN (0x4)
                0x20001a2c                _ebss = .
                0x20001a2c                __bss_end__ = _ebss

._user_heap_stack
                0x20001a2c      0x600 load address 0x080079fc
                0x20001a2c                . = ALIGN (0x4)
                0x20001a2c                PROVIDE (end, .)
                [!provide]                PROVIDE (_end, .)
                0x20001c2c                . = (. + _Min_Heap_Size)
 *fill*         0x20001a2c      0x200 
                0x2000202c                . = (. + _Min_Stack_Size)
 *fill*         0x20001c2c      0x400 
                0x2000202c                . = ALIGN (0x4)

/DISCARD/
 libc.a(*)
 libm.a(*)
 libgcc.a(*)

.ARM.attributes
                0x00000000       0x2e
 *(.ARM.attributes)
 .ARM.attributes
                0x00000000       0x20 d:/program files (x86)/atollic/truestudio for stm32 9.0.0/armtools/bin/../lib/gcc/arm-atollic-eabi/6.3.1/armv7e-m/fpu/fpv5-d16/crti.o
 .ARM.attributes
                0x00000020       0x32 d:/program files (x86)/atollic/truestudio for stm32 9.0.0/armtools/bin/../lib/gcc/arm-atollic-eabi/6.3.1/armv7e-m/fpu/fpv5-d16/crtbegin.o
 .ARM.attributes
                0x00000052       0x37 Drivers\STM32F7xx_HAL_Driver\Src\stm32f7xx_hal.o
 .ARM.attributes
                0x00000089       0x37 Drivers\STM32F7xx_HAL_Driver\Src\stm32f7xx_hal_cortex.o
 .ARM.attributes
                0x000000c0       0x37 Drivers\STM32F7xx_HAL_Driver\Src\stm32f7xx_hal_gpio.o
 .ARM.attributes
                0x000000f7       0x37 Drivers\STM32F7xx_HAL_Driver\Src\stm32f7xx_hal_pcd.o
 .ARM.attributes
                0x0000012e       0x37 Drivers\STM32F7xx_HAL_Driver\Src\stm32f7xx_hal_pcd_ex.o
 .ARM.attributes
                0x00000165       0x37 Drivers\STM32F7xx_HAL_Driver\Src\stm32f7xx_hal_pwr_ex.o
 .ARM.attributes
                0x0000019c       0x37 Drivers\STM32F7xx_HAL_Driver\Src\stm32f7xx_hal_rcc.o
 .ARM.attributes
                0x000001d3       0x37 Drivers\STM32F7xx_HAL_Driver\Src\stm32f7xx_hal_rcc_ex.o
 .ARM.attributes
                0x0000020a       0x37 Drivers\STM32F7xx_HAL_Driver\Src\stm32f7xx_ll_usb.o
 .ARM.attributes
                0x00000241       0x37 Middlewares\ST\STM32_USB_Device_Library\Class\UVC\Src\usbd_uvc.o
 .ARM.attributes
                0x00000278       0x37 Middlewares\ST\STM32_USB_Device_Library\Core\Src\usbd_core.o
 .ARM.attributes
                0x000002af       0x37 Middlewares\ST\STM32_USB_Device_Library\Core\Src\usbd_ctlreq.o
 .ARM.attributes
                0x000002e6       0x37 Middlewares\ST\STM32_USB_Device_Library\Core\Src\usbd_ioreq.o
 .ARM.attributes
                0x0000031d       0x37 Src\gpio.o
 .ARM.attributes
                0x00000354       0x37 Src\main.o
 .ARM.attributes
                0x0000038b       0x37 Src\stm32f7xx_hal_msp.o
 .ARM.attributes
                0x000003c2       0x37 Src\stm32f7xx_it.o
 .ARM.attributes
                0x000003f9       0x37 Src\system_stm32f7xx.o
 .ARM.attributes
                0x00000430       0x37 Src\usb_device.o
 .ARM.attributes
                0x00000467       0x37 Src\usbd_conf.o
 .ARM.attributes
                0x0000049e       0x37 Src\usbd_desc.o
 .ARM.attributes
                0x000004d5       0x37 Src\usbd_uvc_if.o
 .ARM.attributes
                0x0000050c       0x21 startup\startup_stm32f765xx.o
 .ARM.attributes
                0x0000052d       0x32 d:/program files (x86)/atollic/truestudio for stm32 9.0.0/armtools/bin/../lib/gcc/arm-atollic-eabi/6.3.1/../../../../arm-atollic-eabi/lib/armv7e-m/fpu/fpv5-d16\libc_nano.a(lib_a-init.o)
 .ARM.attributes
                0x0000055f       0x32 d:/program files (x86)/atollic/truestudio for stm32 9.0.0/armtools/bin/../lib/gcc/arm-atollic-eabi/6.3.1/../../../../arm-atollic-eabi/lib/armv7e-m/fpu/fpv5-d16\libc_nano.a(lib_a-malloc.o)
 .ARM.attributes
                0x00000591       0x32 d:/program files (x86)/atollic/truestudio for stm32 9.0.0/armtools/bin/../lib/gcc/arm-atollic-eabi/6.3.1/../../../../arm-atollic-eabi/lib/armv7e-m/fpu/fpv5-d16\libc_nano.a(lib_a-nano-freer.o)
 .ARM.attributes
                0x000005c3       0x32 d:/program files (x86)/atollic/truestudio for stm32 9.0.0/armtools/bin/../lib/gcc/arm-atollic-eabi/6.3.1/../../../../arm-atollic-eabi/lib/armv7e-m/fpu/fpv5-d16\libc_nano.a(lib_a-nano-mallocr.o)
 .ARM.attributes
                0x000005f5       0x32 d:/program files (x86)/atollic/truestudio for stm32 9.0.0/armtools/bin/../lib/gcc/arm-atollic-eabi/6.3.1/../../../../arm-atollic-eabi/lib/armv7e-m/fpu/fpv5-d16\libc_nano.a(lib_a-sbrkr.o)
 .ARM.attributes
                0x00000627       0x32 d:/program files (x86)/atollic/truestudio for stm32 9.0.0/armtools/bin/../lib/gcc/arm-atollic-eabi/6.3.1/../../../../arm-atollic-eabi/lib/armv7e-m/fpu/fpv5-d16\libc_nano.a(lib_a-impure.o)
 .ARM.attributes
                0x00000659       0x32 d:/program files (x86)/atollic/truestudio for stm32 9.0.0/armtools/bin/../lib/gcc/arm-atollic-eabi/6.3.1/../../../../arm-atollic-eabi/lib/armv7e-m/fpu/fpv5-d16\libc_nano.a(lib_a-mlock.o)
 .ARM.attributes
                0x0000068b       0x32 d:/program files (x86)/atollic/truestudio for stm32 9.0.0/armtools/bin/../lib/gcc/arm-atollic-eabi/6.3.1/../../../../arm-atollic-eabi/lib/armv7e-m/fpu/fpv5-d16\libc_nano.a(lib_a-reent.o)
 .ARM.attributes
                0x000006bd       0x20 d:/program files (x86)/atollic/truestudio for stm32 9.0.0/armtools/bin/../lib/gcc/arm-atollic-eabi/6.3.1/armv7e-m/fpu/fpv5-d16\libgcc.a(_aeabi_uldivmod.o)
 .ARM.attributes
                0x000006dd       0x32 d:/program files (x86)/atollic/truestudio for stm32 9.0.0/armtools/bin/../lib/gcc/arm-atollic-eabi/6.3.1/armv7e-m/fpu/fpv5-d16\libgcc.a(_udivmoddi4.o)
 .ARM.attributes
                0x0000070f       0x20 d:/program files (x86)/atollic/truestudio for stm32 9.0.0/armtools/bin/../lib/gcc/arm-atollic-eabi/6.3.1/armv7e-m/fpu/fpv5-d16\libgcc.a(_dvmd_tls.o)
 .ARM.attributes
                0x0000072f       0x32 d:/program files (x86)/atollic/truestudio for stm32 9.0.0/armtools/bin/../lib/gcc/arm-atollic-eabi/6.3.1/../../../../arm-atollic-eabi/lib/armv7e-m/fpu/fpv5-d16\libnosys.a(sbrk.o)
 .ARM.attributes
                0x00000761       0x20 d:/program files (x86)/atollic/truestudio for stm32 9.0.0/armtools/bin/../lib/gcc/arm-atollic-eabi/6.3.1/armv7e-m/fpu/fpv5-d16/crtn.o
OUTPUT(cube_jun17_attempt.elf elf32-littlearm)

.debug_info     0x00000000    0x18d01
 .debug_info    0x00000000     0x1222 Drivers\STM32F7xx_HAL_Driver\Src\stm32f7xx_hal.o
 .debug_info    0x00001222     0x184a Drivers\STM32F7xx_HAL_Driver\Src\stm32f7xx_hal_cortex.o
 .debug_info    0x00002a6c      0xfaa Drivers\STM32F7xx_HAL_Driver\Src\stm32f7xx_hal_gpio.o
 .debug_info    0x00003a16     0x180d Drivers\STM32F7xx_HAL_Driver\Src\stm32f7xx_hal_pcd.o
 .debug_info    0x00005223      0xf75 Drivers\STM32F7xx_HAL_Driver\Src\stm32f7xx_hal_pcd_ex.o
 .debug_info    0x00006198     0x1167 Drivers\STM32F7xx_HAL_Driver\Src\stm32f7xx_hal_pwr_ex.o
 .debug_info    0x000072ff     0x1148 Drivers\STM32F7xx_HAL_Driver\Src\stm32f7xx_hal_rcc.o
 .debug_info    0x00008447      0xf92 Drivers\STM32F7xx_HAL_Driver\Src\stm32f7xx_hal_rcc_ex.o
 .debug_info    0x000093d9     0x1cd2 Drivers\STM32F7xx_HAL_Driver\Src\stm32f7xx_ll_usb.o
 .debug_info    0x0000b0ab     0x12d4 Middlewares\ST\STM32_USB_Device_Library\Class\UVC\Src\usbd_uvc.o
 .debug_info    0x0000c37f     0x1176 Middlewares\ST\STM32_USB_Device_Library\Core\Src\usbd_core.o
 .debug_info    0x0000d4f5     0x10d7 Middlewares\ST\STM32_USB_Device_Library\Core\Src\usbd_ctlreq.o
 .debug_info    0x0000e5cc      0xed7 Middlewares\ST\STM32_USB_Device_Library\Core\Src\usbd_ioreq.o
 .debug_info    0x0000f4a3      0xb68 Src\gpio.o
 .debug_info    0x0001000b     0x162e Src\main.o
 .debug_info    0x00011639      0xbf3 Src\stm32f7xx_hal_msp.o
 .debug_info    0x0001222c      0xe80 Src\stm32f7xx_it.o
 .debug_info    0x000130ac      0xf00 Src\system_stm32f7xx.o
 .debug_info    0x00013fac      0xe07 Src\usb_device.o
 .debug_info    0x00014db3     0x2264 Src\usbd_conf.o
 .debug_info    0x00017017      0xc76 Src\usbd_desc.o
 .debug_info    0x00017c8d      0xfdf Src\usbd_uvc_if.o
 .debug_info    0x00018c6c       0x95 startup\startup_stm32f765xx.o

.debug_abbrev   0x00000000     0x32f6
 .debug_abbrev  0x00000000      0x282 Drivers\STM32F7xx_HAL_Driver\Src\stm32f7xx_hal.o
 .debug_abbrev  0x00000282      0x371 Drivers\STM32F7xx_HAL_Driver\Src\stm32f7xx_hal_cortex.o
 .debug_abbrev  0x000005f3      0x24c Drivers\STM32F7xx_HAL_Driver\Src\stm32f7xx_hal_gpio.o
 .debug_abbrev  0x0000083f      0x2de Drivers\STM32F7xx_HAL_Driver\Src\stm32f7xx_hal_pcd.o
 .debug_abbrev  0x00000b1d      0x23c Drivers\STM32F7xx_HAL_Driver\Src\stm32f7xx_hal_pcd_ex.o
 .debug_abbrev  0x00000d59      0x28b Drivers\STM32F7xx_HAL_Driver\Src\stm32f7xx_hal_pwr_ex.o
 .debug_abbrev  0x00000fe4      0x2eb Drivers\STM32F7xx_HAL_Driver\Src\stm32f7xx_hal_rcc.o
 .debug_abbrev  0x000012cf      0x23f Drivers\STM32F7xx_HAL_Driver\Src\stm32f7xx_hal_rcc_ex.o
 .debug_abbrev  0x0000150e      0x2c8 Drivers\STM32F7xx_HAL_Driver\Src\stm32f7xx_ll_usb.o
 .debug_abbrev  0x000017d6      0x28c Middlewares\ST\STM32_USB_Device_Library\Class\UVC\Src\usbd_uvc.o
 .debug_abbrev  0x00001a62      0x25c Middlewares\ST\STM32_USB_Device_Library\Core\Src\usbd_core.o
 .debug_abbrev  0x00001cbe      0x28c Middlewares\ST\STM32_USB_Device_Library\Core\Src\usbd_ctlreq.o
 .debug_abbrev  0x00001f4a      0x1cc Middlewares\ST\STM32_USB_Device_Library\Core\Src\usbd_ioreq.o
 .debug_abbrev  0x00002116      0x1a8 Src\gpio.o
 .debug_abbrev  0x000022be      0x20e Src\main.o
 .debug_abbrev  0x000024cc      0x199 Src\stm32f7xx_hal_msp.o
 .debug_abbrev  0x00002665      0x1d1 Src\stm32f7xx_it.o
 .debug_abbrev  0x00002836      0x1e6 Src\system_stm32f7xx.o
 .debug_abbrev  0x00002a1c      0x1a6 Src\usb_device.o
 .debug_abbrev  0x00002bc2      0x2a0 Src\usbd_conf.o
 .debug_abbrev  0x00002e62      0x211 Src\usbd_desc.o
 .debug_abbrev  0x00003073      0x271 Src\usbd_uvc_if.o
 .debug_abbrev  0x000032e4       0x12 startup\startup_stm32f765xx.o

.debug_aranges  0x00000000      0xbc0
 .debug_aranges
                0x00000000      0x110 Drivers\STM32F7xx_HAL_Driver\Src\stm32f7xx_hal.o
 .debug_aranges
                0x00000110      0x118 Drivers\STM32F7xx_HAL_Driver\Src\stm32f7xx_hal_cortex.o
 .debug_aranges
                0x00000228       0x58 Drivers\STM32F7xx_HAL_Driver\Src\stm32f7xx_hal_gpio.o
 .debug_aranges
                0x00000280      0x120 Drivers\STM32F7xx_HAL_Driver\Src\stm32f7xx_hal_pcd.o
 .debug_aranges
                0x000003a0       0x40 Drivers\STM32F7xx_HAL_Driver\Src\stm32f7xx_hal_pcd_ex.o
 .debug_aranges
                0x000003e0       0x80 Drivers\STM32F7xx_HAL_Driver\Src\stm32f7xx_hal_pwr_ex.o
 .debug_aranges
                0x00000460       0x88 Drivers\STM32F7xx_HAL_Driver\Src\stm32f7xx_hal_rcc.o
 .debug_aranges
                0x000004e8       0x50 Drivers\STM32F7xx_HAL_Driver\Src\stm32f7xx_hal_rcc_ex.o
 .debug_aranges
                0x00000538      0x180 Drivers\STM32F7xx_HAL_Driver\Src\stm32f7xx_ll_usb.o
 .debug_aranges
                0x000006b8       0x90 Middlewares\ST\STM32_USB_Device_Library\Class\UVC\Src\usbd_uvc.o
 .debug_aranges
                0x00000748       0xb8 Middlewares\ST\STM32_USB_Device_Library\Core\Src\usbd_core.o
 .debug_aranges
                0x00000800       0x88 Middlewares\ST\STM32_USB_Device_Library\Core\Src\usbd_ctlreq.o
 .debug_aranges
                0x00000888       0x50 Middlewares\ST\STM32_USB_Device_Library\Core\Src\usbd_ioreq.o
 .debug_aranges
                0x000008d8       0x20 Src\gpio.o
 .debug_aranges
                0x000008f8       0x38 Src\main.o
 .debug_aranges
                0x00000930       0x20 Src\stm32f7xx_hal_msp.o
 .debug_aranges
                0x00000950       0x68 Src\stm32f7xx_it.o
 .debug_aranges
                0x000009b8       0x28 Src\system_stm32f7xx.o
 .debug_aranges
                0x000009e0       0x20 Src\usb_device.o
 .debug_aranges
                0x00000a00      0x100 Src\usbd_conf.o
 .debug_aranges
                0x00000b00       0x58 Src\usbd_desc.o
 .debug_aranges
                0x00000b58       0x40 Src\usbd_uvc_if.o
 .debug_aranges
                0x00000b98       0x28 startup\startup_stm32f765xx.o

.debug_ranges   0x00000000      0xa58
 .debug_ranges  0x00000000      0x100 Drivers\STM32F7xx_HAL_Driver\Src\stm32f7xx_hal.o
 .debug_ranges  0x00000100      0x108 Drivers\STM32F7xx_HAL_Driver\Src\stm32f7xx_hal_cortex.o
 .debug_ranges  0x00000208       0x48 Drivers\STM32F7xx_HAL_Driver\Src\stm32f7xx_hal_gpio.o
 .debug_ranges  0x00000250      0x110 Drivers\STM32F7xx_HAL_Driver\Src\stm32f7xx_hal_pcd.o
 .debug_ranges  0x00000360       0x30 Drivers\STM32F7xx_HAL_Driver\Src\stm32f7xx_hal_pcd_ex.o
 .debug_ranges  0x00000390       0x70 Drivers\STM32F7xx_HAL_Driver\Src\stm32f7xx_hal_pwr_ex.o
 .debug_ranges  0x00000400       0x78 Drivers\STM32F7xx_HAL_Driver\Src\stm32f7xx_hal_rcc.o
 .debug_ranges  0x00000478       0x40 Drivers\STM32F7xx_HAL_Driver\Src\stm32f7xx_hal_rcc_ex.o
 .debug_ranges  0x000004b8      0x170 Drivers\STM32F7xx_HAL_Driver\Src\stm32f7xx_ll_usb.o
 .debug_ranges  0x00000628       0x80 Middlewares\ST\STM32_USB_Device_Library\Class\UVC\Src\usbd_uvc.o
 .debug_ranges  0x000006a8       0xa8 Middlewares\ST\STM32_USB_Device_Library\Core\Src\usbd_core.o
 .debug_ranges  0x00000750       0x78 Middlewares\ST\STM32_USB_Device_Library\Core\Src\usbd_ctlreq.o
 .debug_ranges  0x000007c8       0x40 Middlewares\ST\STM32_USB_Device_Library\Core\Src\usbd_ioreq.o
 .debug_ranges  0x00000808       0x10 Src\gpio.o
 .debug_ranges  0x00000818       0x28 Src\main.o
 .debug_ranges  0x00000840       0x10 Src\stm32f7xx_hal_msp.o
 .debug_ranges  0x00000850       0x58 Src\stm32f7xx_it.o
 .debug_ranges  0x000008a8       0x18 Src\system_stm32f7xx.o
 .debug_ranges  0x000008c0       0x10 Src\usb_device.o
 .debug_ranges  0x000008d0       0xf0 Src\usbd_conf.o
 .debug_ranges  0x000009c0       0x48 Src\usbd_desc.o
 .debug_ranges  0x00000a08       0x30 Src\usbd_uvc_if.o
 .debug_ranges  0x00000a38       0x20 startup\startup_stm32f765xx.o

.debug_line     0x00000000     0x6e74
 .debug_line    0x00000000      0x4fd Drivers\STM32F7xx_HAL_Driver\Src\stm32f7xx_hal.o
 .debug_line    0x000004fd      0x782 Drivers\STM32F7xx_HAL_Driver\Src\stm32f7xx_hal_cortex.o
 .debug_line    0x00000c7f      0x706 Drivers\STM32F7xx_HAL_Driver\Src\stm32f7xx_hal_gpio.o
 .debug_line    0x00001385      0x83f Drivers\STM32F7xx_HAL_Driver\Src\stm32f7xx_hal_pcd.o
 .debug_line    0x00001bc4      0x361 Drivers\STM32F7xx_HAL_Driver\Src\stm32f7xx_hal_pcd_ex.o
 .debug_line    0x00001f25      0x42c Drivers\STM32F7xx_HAL_Driver\Src\stm32f7xx_hal_pwr_ex.o
 .debug_line    0x00002351      0x776 Drivers\STM32F7xx_HAL_Driver\Src\stm32f7xx_hal_rcc.o
 .debug_line    0x00002ac7      0x8e3 Drivers\STM32F7xx_HAL_Driver\Src\stm32f7xx_hal_rcc_ex.o
 .debug_line    0x000033aa      0x916 Drivers\STM32F7xx_HAL_Driver\Src\stm32f7xx_ll_usb.o
 .debug_line    0x00003cc0      0x4d2 Middlewares\ST\STM32_USB_Device_Library\Class\UVC\Src\usbd_uvc.o
 .debug_line    0x00004192      0x4e2 Middlewares\ST\STM32_USB_Device_Library\Core\Src\usbd_core.o
 .debug_line    0x00004674      0x53f Middlewares\ST\STM32_USB_Device_Library\Core\Src\usbd_ctlreq.o
 .debug_line    0x00004bb3      0x37d Middlewares\ST\STM32_USB_Device_Library\Core\Src\usbd_ioreq.o
 .debug_line    0x00004f30      0x239 Src\gpio.o
 .debug_line    0x00005169      0x3be Src\main.o
 .debug_line    0x00005527      0x24a Src\stm32f7xx_hal_msp.o
 .debug_line    0x00005771      0x351 Src\stm32f7xx_it.o
 .debug_line    0x00005ac2      0x26e Src\system_stm32f7xx.o
 .debug_line    0x00005d30      0x357 Src\usb_device.o
 .debug_line    0x00006087      0x667 Src\usbd_conf.o
 .debug_line    0x000066ee      0x379 Src\usbd_desc.o
 .debug_line    0x00006a67      0x38e Src\usbd_uvc_if.o
 .debug_line    0x00006df5       0x7f startup\startup_stm32f765xx.o

.debug_str      0x00000000     0x3dc4
 .debug_str     0x00000000     0x10c0 Drivers\STM32F7xx_HAL_Driver\Src\stm32f7xx_hal.o
                               0x1161 (size before relaxing)
 .debug_str     0x000010c0      0x4ea Drivers\STM32F7xx_HAL_Driver\Src\stm32f7xx_hal_cortex.o
                               0x12bd (size before relaxing)
 .debug_str     0x000015aa      0x1a1 Drivers\STM32F7xx_HAL_Driver\Src\stm32f7xx_hal_gpio.o
                                0x99e (size before relaxing)
 .debug_str     0x0000174b      0x889 Drivers\STM32F7xx_HAL_Driver\Src\stm32f7xx_hal_pcd.o
                                0xf43 (size before relaxing)
 .debug_str     0x00001fd4       0xd9 Drivers\STM32F7xx_HAL_Driver\Src\stm32f7xx_hal_pcd_ex.o
                                0xb3d (size before relaxing)
 .debug_str     0x000020ad      0x21a Drivers\STM32F7xx_HAL_Driver\Src\stm32f7xx_hal_pwr_ex.o
                                0xaed (size before relaxing)
 .debug_str     0x000022c7      0x30c Drivers\STM32F7xx_HAL_Driver\Src\stm32f7xx_hal_rcc.o
                                0xb5e (size before relaxing)
 .debug_str     0x000025d3      0x3fb Drivers\STM32F7xx_HAL_Driver\Src\stm32f7xx_hal_rcc_ex.o
                                0xbce (size before relaxing)
 .debug_str     0x000029ce      0x5c5 Drivers\STM32F7xx_HAL_Driver\Src\stm32f7xx_ll_usb.o
                               0x106f (size before relaxing)
 .debug_str     0x00002f93      0x5a8 Middlewares\ST\STM32_USB_Device_Library\Class\UVC\Src\usbd_uvc.o
                                0xcd7 (size before relaxing)
 .debug_str     0x0000353b      0x1c1 Middlewares\ST\STM32_USB_Device_Library\Core\Src\usbd_core.o
                                0xbe8 (size before relaxing)
 .debug_str     0x000036fc      0x12b Middlewares\ST\STM32_USB_Device_Library\Core\Src\usbd_ctlreq.o
                                0xb6e (size before relaxing)
 .debug_str     0x00003827       0xc9 Middlewares\ST\STM32_USB_Device_Library\Core\Src\usbd_ioreq.o
                                0xaf6 (size before relaxing)
 .debug_str     0x000038f0       0x1b Src\gpio.o
                                0x77a (size before relaxing)
 .debug_str     0x0000390b       0x69 Src\main.o
                               0x158f (size before relaxing)
 .debug_str     0x00003974       0x1b Src\stm32f7xx_hal_msp.o
                                0xc84 (size before relaxing)
 .debug_str     0x0000398f       0xc8 Src\stm32f7xx_it.o
                                0xac1 (size before relaxing)
 .debug_str     0x00003a57       0x45 Src\system_stm32f7xx.o
                                0x8cb (size before relaxing)
 .debug_str     0x00003a9c       0x3e Src\usb_device.o
                                0xa8a (size before relaxing)
 .debug_str     0x00003ada      0x132 Src\usbd_conf.o
                               0x19c8 (size before relaxing)
 .debug_str     0x00003c0c      0x138 Src\usbd_desc.o
                                0x8c3 (size before relaxing)
 .debug_str     0x00003d44       0x80 Src\usbd_uvc_if.o
                                0xb6e (size before relaxing)

.comment        0x00000000       0x7c
 .comment       0x00000000       0x7c Drivers\STM32F7xx_HAL_Driver\Src\stm32f7xx_hal.o
                                 0x7d (size before relaxing)
 .comment       0x0000007c       0x7d Drivers\STM32F7xx_HAL_Driver\Src\stm32f7xx_hal_cortex.o
 .comment       0x0000007c       0x7d Drivers\STM32F7xx_HAL_Driver\Src\stm32f7xx_hal_gpio.o
 .comment       0x0000007c       0x7d Drivers\STM32F7xx_HAL_Driver\Src\stm32f7xx_hal_pcd.o
 .comment       0x0000007c       0x7d Drivers\STM32F7xx_HAL_Driver\Src\stm32f7xx_hal_pcd_ex.o
 .comment       0x0000007c       0x7d Drivers\STM32F7xx_HAL_Driver\Src\stm32f7xx_hal_pwr_ex.o
 .comment       0x0000007c       0x7d Drivers\STM32F7xx_HAL_Driver\Src\stm32f7xx_hal_rcc.o
 .comment       0x0000007c       0x7d Drivers\STM32F7xx_HAL_Driver\Src\stm32f7xx_hal_rcc_ex.o
 .comment       0x0000007c       0x7d Drivers\STM32F7xx_HAL_Driver\Src\stm32f7xx_ll_usb.o
 .comment       0x0000007c       0x7d Middlewares\ST\STM32_USB_Device_Library\Class\UVC\Src\usbd_uvc.o
 .comment       0x0000007c       0x7d Middlewares\ST\STM32_USB_Device_Library\Core\Src\usbd_core.o
 .comment       0x0000007c       0x7d Middlewares\ST\STM32_USB_Device_Library\Core\Src\usbd_ctlreq.o
 .comment       0x0000007c       0x7d Middlewares\ST\STM32_USB_Device_Library\Core\Src\usbd_ioreq.o
 .comment       0x0000007c       0x7d Src\gpio.o
 .comment       0x0000007c       0x7d Src\main.o
 .comment       0x0000007c       0x7d Src\stm32f7xx_hal_msp.o
 .comment       0x0000007c       0x7d Src\stm32f7xx_it.o
 .comment       0x0000007c       0x7d Src\system_stm32f7xx.o
 .comment       0x0000007c       0x7d Src\usb_device.o
 .comment       0x0000007c       0x7d Src\usbd_conf.o
 .comment       0x0000007c       0x7d Src\usbd_desc.o
 .comment       0x0000007c       0x7d Src\usbd_uvc_if.o

.debug_frame    0x00000000     0x2ec8
 .debug_frame   0x00000000      0x3f4 Drivers\STM32F7xx_HAL_Driver\Src\stm32f7xx_hal.o
 .debug_frame   0x000003f4      0x494 Drivers\STM32F7xx_HAL_Driver\Src\stm32f7xx_hal_cortex.o
 .debug_frame   0x00000888      0x13c Drivers\STM32F7xx_HAL_Driver\Src\stm32f7xx_hal_gpio.o
 .debug_frame   0x000009c4      0x508 Drivers\STM32F7xx_HAL_Driver\Src\stm32f7xx_hal_pcd.o
 .debug_frame   0x00000ecc       0xd8 Drivers\STM32F7xx_HAL_Driver\Src\stm32f7xx_hal_pcd_ex.o
 .debug_frame   0x00000fa4      0x1c8 Drivers\STM32F7xx_HAL_Driver\Src\stm32f7xx_hal_pwr_ex.o
 .debug_frame   0x0000116c      0x200 Drivers\STM32F7xx_HAL_Driver\Src\stm32f7xx_hal_rcc.o
 .debug_frame   0x0000136c      0x118 Drivers\STM32F7xx_HAL_Driver\Src\stm32f7xx_hal_rcc_ex.o
 .debug_frame   0x00001484      0x718 Drivers\STM32F7xx_HAL_Driver\Src\stm32f7xx_ll_usb.o
 .debug_frame   0x00001b9c      0x24c Middlewares\ST\STM32_USB_Device_Library\Class\UVC\Src\usbd_uvc.o
 .debug_frame   0x00001de8      0x300 Middlewares\ST\STM32_USB_Device_Library\Core\Src\usbd_core.o
 .debug_frame   0x000020e8      0x214 Middlewares\ST\STM32_USB_Device_Library\Core\Src\usbd_ctlreq.o
 .debug_frame   0x000022fc      0x10c Middlewares\ST\STM32_USB_Device_Library\Core\Src\usbd_ioreq.o
 .debug_frame   0x00002408       0x38 Src\gpio.o
 .debug_frame   0x00002440       0x98 Src\main.o
 .debug_frame   0x000024d8       0x2c Src\stm32f7xx_hal_msp.o
 .debug_frame   0x00002504      0x128 Src\stm32f7xx_it.o
 .debug_frame   0x0000262c       0x58 Src\system_stm32f7xx.o
 .debug_frame   0x00002684       0x2c Src\usb_device.o
 .debug_frame   0x000026b0      0x428 Src\usbd_conf.o
 .debug_frame   0x00002ad8      0x13c Src\usbd_desc.o
 .debug_frame   0x00002c14       0xbc Src\usbd_uvc_if.o
 .debug_frame   0x00002cd0       0x2c d:/program files (x86)/atollic/truestudio for stm32 9.0.0/armtools/bin/../lib/gcc/arm-atollic-eabi/6.3.1/../../../../arm-atollic-eabi/lib/armv7e-m/fpu/fpv5-d16\libc_nano.a(lib_a-init.o)
 .debug_frame   0x00002cfc       0x30 d:/program files (x86)/atollic/truestudio for stm32 9.0.0/armtools/bin/../lib/gcc/arm-atollic-eabi/6.3.1/../../../../arm-atollic-eabi/lib/armv7e-m/fpu/fpv5-d16\libc_nano.a(lib_a-malloc.o)
 .debug_frame   0x00002d2c       0x38 d:/program files (x86)/atollic/truestudio for stm32 9.0.0/armtools/bin/../lib/gcc/arm-atollic-eabi/6.3.1/../../../../arm-atollic-eabi/lib/armv7e-m/fpu/fpv5-d16\libc_nano.a(lib_a-nano-freer.o)
 .debug_frame   0x00002d64       0x2c d:/program files (x86)/atollic/truestudio for stm32 9.0.0/armtools/bin/../lib/gcc/arm-atollic-eabi/6.3.1/../../../../arm-atollic-eabi/lib/armv7e-m/fpu/fpv5-d16\libc_nano.a(lib_a-nano-mallocr.o)
 .debug_frame   0x00002d90       0x2c d:/program files (x86)/atollic/truestudio for stm32 9.0.0/armtools/bin/../lib/gcc/arm-atollic-eabi/6.3.1/../../../../arm-atollic-eabi/lib/armv7e-m/fpu/fpv5-d16\libc_nano.a(lib_a-sbrkr.o)
 .debug_frame   0x00002dbc       0x30 d:/program files (x86)/atollic/truestudio for stm32 9.0.0/armtools/bin/../lib/gcc/arm-atollic-eabi/6.3.1/../../../../arm-atollic-eabi/lib/armv7e-m/fpu/fpv5-d16\libc_nano.a(lib_a-mlock.o)
 .debug_frame   0x00002dec       0x5c d:/program files (x86)/atollic/truestudio for stm32 9.0.0/armtools/bin/../lib/gcc/arm-atollic-eabi/6.3.1/../../../../arm-atollic-eabi/lib/armv7e-m/fpu/fpv5-d16\libc_nano.a(lib_a-reent.o)
 .debug_frame   0x00002e48       0x2c d:/program files (x86)/atollic/truestudio for stm32 9.0.0/armtools/bin/../lib/gcc/arm-atollic-eabi/6.3.1/armv7e-m/fpu/fpv5-d16\libgcc.a(_aeabi_uldivmod.o)
 .debug_frame   0x00002e74       0x34 d:/program files (x86)/atollic/truestudio for stm32 9.0.0/armtools/bin/../lib/gcc/arm-atollic-eabi/6.3.1/armv7e-m/fpu/fpv5-d16\libgcc.a(_udivmoddi4.o)
 .debug_frame   0x00002ea8       0x20 d:/program files (x86)/atollic/truestudio for stm32 9.0.0/armtools/bin/../lib/gcc/arm-atollic-eabi/6.3.1/../../../../arm-atollic-eabi/lib/armv7e-m/fpu/fpv5-d16\libnosys.a(sbrk.o)
