Archive member included to satisfy reference by file (symbol)

d:/program files (x86)/atollic/truestudio for stm32 9.0.0/armtools/bin/../lib/gcc/arm-atollic-eabi/6.3.1/../../../../arm-atollic-eabi/lib/armv7e-m/fpu/fpv5-d16\libc_nano.a(lib_a-init.o)
                              startup\startup_stm32f765xx.o (__libc_init_array)
d:/program files (x86)/atollic/truestudio for stm32 9.0.0/armtools/bin/../lib/gcc/arm-atollic-eabi/6.3.1/../../../../arm-atollic-eabi/lib/armv7e-m/fpu/fpv5-d16\libc_nano.a(lib_a-malloc.o)
                              Middlewares\ST\STM32_USB_Device_Library\Class\CDC\Src\usbd_cdc.o (malloc)
d:/program files (x86)/atollic/truestudio for stm32 9.0.0/armtools/bin/../lib/gcc/arm-atollic-eabi/6.3.1/../../../../arm-atollic-eabi/lib/armv7e-m/fpu/fpv5-d16\libc_nano.a(lib_a-nano-freer.o)
                              d:/program files (x86)/atollic/truestudio for stm32 9.0.0/armtools/bin/../lib/gcc/arm-atollic-eabi/6.3.1/../../../../arm-atollic-eabi/lib/armv7e-m/fpu/fpv5-d16\libc_nano.a(lib_a-malloc.o) (_free_r)
d:/program files (x86)/atollic/truestudio for stm32 9.0.0/armtools/bin/../lib/gcc/arm-atollic-eabi/6.3.1/../../../../arm-atollic-eabi/lib/armv7e-m/fpu/fpv5-d16\libc_nano.a(lib_a-nano-mallocr.o)
                              d:/program files (x86)/atollic/truestudio for stm32 9.0.0/armtools/bin/../lib/gcc/arm-atollic-eabi/6.3.1/../../../../arm-atollic-eabi/lib/armv7e-m/fpu/fpv5-d16\libc_nano.a(lib_a-malloc.o) (_malloc_r)
d:/program files (x86)/atollic/truestudio for stm32 9.0.0/armtools/bin/../lib/gcc/arm-atollic-eabi/6.3.1/../../../../arm-atollic-eabi/lib/armv7e-m/fpu/fpv5-d16\libc_nano.a(lib_a-sbrkr.o)
                              d:/program files (x86)/atollic/truestudio for stm32 9.0.0/armtools/bin/../lib/gcc/arm-atollic-eabi/6.3.1/../../../../arm-atollic-eabi/lib/armv7e-m/fpu/fpv5-d16\libc_nano.a(lib_a-nano-mallocr.o) (_sbrk_r)
d:/program files (x86)/atollic/truestudio for stm32 9.0.0/armtools/bin/../lib/gcc/arm-atollic-eabi/6.3.1/../../../../arm-atollic-eabi/lib/armv7e-m/fpu/fpv5-d16\libc_nano.a(lib_a-impure.o)
                              d:/program files (x86)/atollic/truestudio for stm32 9.0.0/armtools/bin/../lib/gcc/arm-atollic-eabi/6.3.1/../../../../arm-atollic-eabi/lib/armv7e-m/fpu/fpv5-d16\libc_nano.a(lib_a-malloc.o) (_impure_ptr)
d:/program files (x86)/atollic/truestudio for stm32 9.0.0/armtools/bin/../lib/gcc/arm-atollic-eabi/6.3.1/../../../../arm-atollic-eabi/lib/armv7e-m/fpu/fpv5-d16\libc_nano.a(lib_a-mlock.o)
                              d:/program files (x86)/atollic/truestudio for stm32 9.0.0/armtools/bin/../lib/gcc/arm-atollic-eabi/6.3.1/../../../../arm-atollic-eabi/lib/armv7e-m/fpu/fpv5-d16\libc_nano.a(lib_a-nano-freer.o) (__malloc_lock)
d:/program files (x86)/atollic/truestudio for stm32 9.0.0/armtools/bin/../lib/gcc/arm-atollic-eabi/6.3.1/../../../../arm-atollic-eabi/lib/armv7e-m/fpu/fpv5-d16\libc_nano.a(lib_a-reent.o)
                              d:/program files (x86)/atollic/truestudio for stm32 9.0.0/armtools/bin/../lib/gcc/arm-atollic-eabi/6.3.1/../../../../arm-atollic-eabi/lib/armv7e-m/fpu/fpv5-d16\libc_nano.a(lib_a-sbrkr.o) (errno)
d:/program files (x86)/atollic/truestudio for stm32 9.0.0/armtools/bin/../lib/gcc/arm-atollic-eabi/6.3.1/armv7e-m/fpu/fpv5-d16\libgcc.a(_aeabi_uldivmod.o)
                              Drivers\STM32F7xx_HAL_Driver\Src\stm32f7xx_hal_rcc.o (__aeabi_uldivmod)
d:/program files (x86)/atollic/truestudio for stm32 9.0.0/armtools/bin/../lib/gcc/arm-atollic-eabi/6.3.1/armv7e-m/fpu/fpv5-d16\libgcc.a(_udivmoddi4.o)
                              d:/program files (x86)/atollic/truestudio for stm32 9.0.0/armtools/bin/../lib/gcc/arm-atollic-eabi/6.3.1/armv7e-m/fpu/fpv5-d16\libgcc.a(_aeabi_uldivmod.o) (__udivmoddi4)
d:/program files (x86)/atollic/truestudio for stm32 9.0.0/armtools/bin/../lib/gcc/arm-atollic-eabi/6.3.1/armv7e-m/fpu/fpv5-d16\libgcc.a(_dvmd_tls.o)
                              d:/program files (x86)/atollic/truestudio for stm32 9.0.0/armtools/bin/../lib/gcc/arm-atollic-eabi/6.3.1/armv7e-m/fpu/fpv5-d16\libgcc.a(_aeabi_uldivmod.o) (__aeabi_ldiv0)
d:/program files (x86)/atollic/truestudio for stm32 9.0.0/armtools/bin/../lib/gcc/arm-atollic-eabi/6.3.1/../../../../arm-atollic-eabi/lib/armv7e-m/fpu/fpv5-d16\libnosys.a(sbrk.o)
                              d:/program files (x86)/atollic/truestudio for stm32 9.0.0/armtools/bin/../lib/gcc/arm-atollic-eabi/6.3.1/../../../../arm-atollic-eabi/lib/armv7e-m/fpu/fpv5-d16\libc_nano.a(lib_a-sbrkr.o) (_sbrk)

Allocating common symbols
Common symbol       size              file

hUsbDeviceFS        0x224             Src\usb_device.o
VideoCtl            0x40              Middlewares\ST\STM32_USB_Device_Library\Class\UVC\Src\usb_video_core.o
errno               0x4               d:/program files (x86)/atollic/truestudio for stm32 9.0.0/armtools/bin/../lib/gcc/arm-atollic-eabi/6.3.1/../../../../arm-atollic-eabi/lib/armv7e-m/fpu/fpv5-d16\libc_nano.a(lib_a-reent.o)
[...]
Memory Configuration

Name             Origin             Length             Attributes
RAM              0x20000000         0x00080000         xrw
FLASH            0x08000000         0x00200000         xr
*default*        0x00000000         0xffffffff

Linker script and memory map

LOAD d:/program files (x86)/atollic/truestudio for stm32 9.0.0/armtools/bin/../lib/gcc/arm-atollic-eabi/6.3.1/armv7e-m/fpu/fpv5-d16/crti.o
LOAD d:/program files (x86)/atollic/truestudio for stm32 9.0.0/armtools/bin/../lib/gcc/arm-atollic-eabi/6.3.1/armv7e-m/fpu/fpv5-d16/crtbegin.o
LOAD Drivers\STM32F7xx_HAL_Driver\Src\stm32f7xx_hal.o
LOAD Drivers\STM32F7xx_HAL_Driver\Src\stm32f7xx_hal_cortex.o
LOAD Drivers\STM32F7xx_HAL_Driver\Src\stm32f7xx_hal_dma.o
LOAD Drivers\STM32F7xx_HAL_Driver\Src\stm32f7xx_hal_dma_ex.o
LOAD Drivers\STM32F7xx_HAL_Driver\Src\stm32f7xx_hal_flash.o
LOAD Drivers\STM32F7xx_HAL_Driver\Src\stm32f7xx_hal_flash_ex.o
LOAD Drivers\STM32F7xx_HAL_Driver\Src\stm32f7xx_hal_gpio.o
LOAD Drivers\STM32F7xx_HAL_Driver\Src\stm32f7xx_hal_i2c.o
LOAD Drivers\STM32F7xx_HAL_Driver\Src\stm32f7xx_hal_i2c_ex.o
LOAD Drivers\STM32F7xx_HAL_Driver\Src\stm32f7xx_hal_pcd.o
LOAD Drivers\STM32F7xx_HAL_Driver\Src\stm32f7xx_hal_pcd_ex.o
LOAD Drivers\STM32F7xx_HAL_Driver\Src\stm32f7xx_hal_pwr.o
LOAD Drivers\STM32F7xx_HAL_Driver\Src\stm32f7xx_hal_pwr_ex.o
LOAD Drivers\STM32F7xx_HAL_Driver\Src\stm32f7xx_hal_rcc.o
LOAD Drivers\STM32F7xx_HAL_Driver\Src\stm32f7xx_hal_rcc_ex.o
LOAD Drivers\STM32F7xx_HAL_Driver\Src\stm32f7xx_hal_tim.o
LOAD Drivers\STM32F7xx_HAL_Driver\Src\stm32f7xx_hal_tim_ex.o
LOAD Drivers\STM32F7xx_HAL_Driver\Src\stm32f7xx_ll_usb.o
LOAD Middlewares\ST\STM32_USB_Device_Library\Class\CDC\Src\usbd_cdc.o
LOAD Middlewares\ST\STM32_USB_Device_Library\Class\UVC\Src\usb_video_core.o
LOAD Middlewares\ST\STM32_USB_Device_Library\Class\UVC\Src\usbd_uvc.o
LOAD Middlewares\ST\STM32_USB_Device_Library\Core\Src\usbd_core.o
LOAD Middlewares\ST\STM32_USB_Device_Library\Core\Src\usbd_ctlreq.o
LOAD Middlewares\ST\STM32_USB_Device_Library\Core\Src\usbd_ioreq.o
LOAD Src\gpio.o
LOAD Src\main.o
LOAD Src\stm32f7xx_hal_msp.o
LOAD Src\stm32f7xx_it.o
LOAD Src\system_stm32f7xx.o
LOAD Src\usb_device.o
LOAD Src\usbd_conf.o
LOAD Src\usbd_desc.o
LOAD Src\usbd_uvc_if.o
LOAD startup\startup_stm32f765xx.o
                0x00000080                malloc_getpagesize_P = 0x80
START GROUP
LOAD d:/program files (x86)/atollic/truestudio for stm32 9.0.0/armtools/bin/../lib/gcc/arm-atollic-eabi/6.3.1/../../../../arm-atollic-eabi/lib/armv7e-m/fpu/fpv5-d16\libc_nano.a
LOAD d:/program files (x86)/atollic/truestudio for stm32 9.0.0/armtools/bin/../lib/gcc/arm-atollic-eabi/6.3.1/../../../../arm-atollic-eabi/lib/armv7e-m/fpu/fpv5-d16\libm.a
END GROUP
START GROUP
LOAD d:/program files (x86)/atollic/truestudio for stm32 9.0.0/armtools/bin/../lib/gcc/arm-atollic-eabi/6.3.1/armv7e-m/fpu/fpv5-d16\libgcc.a
LOAD d:/program files (x86)/atollic/truestudio for stm32 9.0.0/armtools/bin/../lib/gcc/arm-atollic-eabi/6.3.1/../../../../arm-atollic-eabi/lib/armv7e-m/fpu/fpv5-d16\libc_nano.a
END GROUP
START GROUP
LOAD d:/program files (x86)/atollic/truestudio for stm32 9.0.0/armtools/bin/../lib/gcc/arm-atollic-eabi/6.3.1/armv7e-m/fpu/fpv5-d16\libgcc.a
LOAD d:/program files (x86)/atollic/truestudio for stm32 9.0.0/armtools/bin/../lib/gcc/arm-atollic-eabi/6.3.1/../../../../arm-atollic-eabi/lib/armv7e-m/fpu/fpv5-d16\libc_nano.a
LOAD d:/program files (x86)/atollic/truestudio for stm32 9.0.0/armtools/bin/../lib/gcc/arm-atollic-eabi/6.3.1/../../../../arm-atollic-eabi/lib/armv7e-m/fpu/fpv5-d16\libnosys.a
END GROUP
START GROUP
LOAD d:/program files (x86)/atollic/truestudio for stm32 9.0.0/armtools/bin/../lib/gcc/arm-atollic-eabi/6.3.1/armv7e-m/fpu/fpv5-d16\libgcc.a
LOAD d:/program files (x86)/atollic/truestudio for stm32 9.0.0/armtools/bin/../lib/gcc/arm-atollic-eabi/6.3.1/../../../../arm-atollic-eabi/lib/armv7e-m/fpu/fpv5-d16\libc_nano.a
LOAD d:/program files (x86)/atollic/truestudio for stm32 9.0.0/armtools/bin/../lib/gcc/arm-atollic-eabi/6.3.1/../../../../arm-atollic-eabi/lib/armv7e-m/fpu/fpv5-d16\libnosys.a
END GROUP
LOAD d:/program files (x86)/atollic/truestudio for stm32 9.0.0/armtools/bin/../lib/gcc/arm-atollic-eabi/6.3.1/armv7e-m/fpu/fpv5-d16/crtend.o
LOAD d:/program files (x86)/atollic/truestudio for stm32 9.0.0/armtools/bin/../lib/gcc/arm-atollic-eabi/6.3.1/armv7e-m/fpu/fpv5-d16/crtn.o
                0x20080000                _estack = 0x20080000
                0x00000200                _Min_Heap_Size = 0x200
                0x00000400                _Min_Stack_Size = 0x400

.isr_vector     0x08000000      0x1f8
                0x08000000                . = ALIGN (0x4)
 *(.isr_vector)
 .isr_vector    0x08000000      0x1f8 startup\startup_stm32f765xx.o
                0x08000000                g_pfnVectors
                0x080001f8                . = ALIGN (0x4)

.text           0x080001f8     0x70a4
                0x080001f8                . = ALIGN (0x4)
 *(.text)
 .text          0x080001f8       0x40 d:/program files (x86)/atollic/truestudio for stm32 9.0.0/armtools/bin/../lib/gcc/arm-atollic-eabi/6.3.1/armv7e-m/fpu/fpv5-d16/crtbegin.o
 .text          0x08000238       0x30 d:/program files (x86)/atollic/truestudio for stm32 9.0.0/armtools/bin/../lib/gcc/arm-atollic-eabi/6.3.1/armv7e-m/fpu/fpv5-d16\libgcc.a(_aeabi_uldivmod.o)
                0x08000238                __aeabi_uldivmod
 .text          0x08000268      0x2dc d:/program files (x86)/atollic/truestudio for stm32 9.0.0/armtools/bin/../lib/gcc/arm-atollic-eabi/6.3.1/armv7e-m/fpu/fpv5-d16\libgcc.a(_udivmoddi4.o)
                0x08000268                __udivmoddi4
 .text          0x08000544        0x4 d:/program files (x86)/atollic/truestudio for stm32 9.0.0/armtools/bin/../lib/gcc/arm-atollic-eabi/6.3.1/armv7e-m/fpu/fpv5-d16\libgcc.a(_dvmd_tls.o)
                0x08000544                __aeabi_idiv0
                0x08000544                __aeabi_ldiv0
 *(.text*)
 .text.HAL_Init
                0x08000548       0x1a Drivers\STM32F7xx_HAL_Driver\Src\stm32f7xx_hal.o
                0x08000548                HAL_Init
 *fill*         0x08000562        0x2 
 .text.HAL_InitTick
                0x08000564       0x60 Drivers\STM32F7xx_HAL_Driver\Src\stm32f7xx_hal.o
                0x08000564                HAL_InitTick
 .text.HAL_IncTick
                0x080005c4       0x28 Drivers\STM32F7xx_HAL_Driver\Src\stm32f7xx_hal.o
                0x080005c4                HAL_IncTick
 .text.HAL_GetTick
                0x080005ec       0x18 Drivers\STM32F7xx_HAL_Driver\Src\stm32f7xx_hal.o
                0x080005ec                HAL_GetTick
 .text.HAL_Delay
                0x08000604       0x44 Drivers\STM32F7xx_HAL_Driver\Src\stm32f7xx_hal.o
                0x08000604                HAL_Delay
 .text.NVIC_SetPriorityGrouping
                0x08000648       0x48 Drivers\STM32F7xx_HAL_Driver\Src\stm32f7xx_hal_cortex.o
 .text.NVIC_GetPriorityGrouping
                0x08000690       0x1c Drivers\STM32F7xx_HAL_Driver\Src\stm32f7xx_hal_cortex.o
 .text.NVIC_EnableIRQ
                0x080006ac       0x34 Drivers\STM32F7xx_HAL_Driver\Src\stm32f7xx_hal_cortex.o
 .text.NVIC_SetPriority
                0x080006e0       0x54 Drivers\STM32F7xx_HAL_Driver\Src\stm32f7xx_hal_cortex.o
 .text.NVIC_EncodePriority
                0x08000734       0x62 Drivers\STM32F7xx_HAL_Driver\Src\stm32f7xx_hal_cortex.o
 *fill*         0x08000796        0x2 
 .text.SysTick_Config
                0x08000798       0x44 Drivers\STM32F7xx_HAL_Driver\Src\stm32f7xx_hal_cortex.o
 .text.HAL_NVIC_SetPriorityGrouping
                0x080007dc       0x40 Drivers\STM32F7xx_HAL_Driver\Src\stm32f7xx_hal_cortex.o
                0x080007dc                HAL_NVIC_SetPriorityGrouping
 .text.HAL_NVIC_SetPriority
                0x0800081c       0x58 Drivers\STM32F7xx_HAL_Driver\Src\stm32f7xx_hal_cortex.o
                0x0800081c                HAL_NVIC_SetPriority
 .text.HAL_NVIC_EnableIRQ
                0x08000874       0x30 Drivers\STM32F7xx_HAL_Driver\Src\stm32f7xx_hal_cortex.o
                0x08000874                HAL_NVIC_EnableIRQ
 .text.HAL_SYSTICK_Config
                0x080008a4       0x18 Drivers\STM32F7xx_HAL_Driver\Src\stm32f7xx_hal_cortex.o
                0x080008a4                HAL_SYSTICK_Config
 .text.HAL_SYSTICK_CLKSourceConfig
                0x080008bc       0x50 Drivers\STM32F7xx_HAL_Driver\Src\stm32f7xx_hal_cortex.o
                0x080008bc                HAL_SYSTICK_CLKSourceConfig
 .text.HAL_SYSTICK_IRQHandler
                0x0800090c        0xc Drivers\STM32F7xx_HAL_Driver\Src\stm32f7xx_hal_cortex.o
                0x0800090c                HAL_SYSTICK_IRQHandler
 .text.HAL_SYSTICK_Callback
                0x08000918        0xe Drivers\STM32F7xx_HAL_Driver\Src\stm32f7xx_hal_cortex.o
                0x08000918                HAL_SYSTICK_Callback
 *fill*         0x08000926        0x2 
 .text.HAL_GPIO_Init
                0x08000928      0x700 Drivers\STM32F7xx_HAL_Driver\Src\stm32f7xx_hal_gpio.o
                0x08000928                HAL_GPIO_Init
 .text.HAL_PCD_Init
                0x08001028      0x240 Drivers\STM32F7xx_HAL_Driver\Src\stm32f7xx_hal_pcd.o
                0x08001028                HAL_PCD_Init
 .text.HAL_PCD_Start
                0x08001268       0x44 Drivers\STM32F7xx_HAL_Driver\Src\stm32f7xx_hal_pcd.o
                0x08001268                HAL_PCD_Start
 .text.HAL_PCD_IRQHandler
                0x080012ac      0xa08 Drivers\STM32F7xx_HAL_Driver\Src\stm32f7xx_hal_pcd.o
                0x080012ac                HAL_PCD_IRQHandler
 .text.HAL_PCD_SetAddress
                0x08001cb4       0x42 Drivers\STM32F7xx_HAL_Driver\Src\stm32f7xx_hal_pcd.o
                0x08001cb4                HAL_PCD_SetAddress
 .text.HAL_PCD_EP_Open
                0x08001cf6       0xd0 Drivers\STM32F7xx_HAL_Driver\Src\stm32f7xx_hal_pcd.o
                0x08001cf6                HAL_PCD_EP_Open
 .text.HAL_PCD_EP_Receive
                0x08001dc6       0x94 Drivers\STM32F7xx_HAL_Driver\Src\stm32f7xx_hal_pcd.o
                0x08001dc6                HAL_PCD_EP_Receive
 .text.HAL_PCD_EP_Transmit
                0x08001e5a       0x92 Drivers\STM32F7xx_HAL_Driver\Src\stm32f7xx_hal_pcd.o
                0x08001e5a                HAL_PCD_EP_Transmit
 .text.HAL_PCD_EP_SetStall
                0x08001eec       0xc8 Drivers\STM32F7xx_HAL_Driver\Src\stm32f7xx_hal_pcd.o
                0x08001eec                HAL_PCD_EP_SetStall
 .text.HAL_PCD_EP_ClrStall
                0x08001fb4       0xa8 Drivers\STM32F7xx_HAL_Driver\Src\stm32f7xx_hal_pcd.o
                0x08001fb4                HAL_PCD_EP_ClrStall
 .text.PCD_WriteEmptyTxFifo
                0x0800205c      0x110 Drivers\STM32F7xx_HAL_Driver\Src\stm32f7xx_hal_pcd.o
 .text.HAL_PCDEx_SetTxFiFo
                0x0800216c       0x96 Drivers\STM32F7xx_HAL_Driver\Src\stm32f7xx_hal_pcd_ex.o
                0x0800216c                HAL_PCDEx_SetTxFiFo
 .text.HAL_PCDEx_SetRxFiFo
                0x08002202       0x22 Drivers\STM32F7xx_HAL_Driver\Src\stm32f7xx_hal_pcd_ex.o
                0x08002202                HAL_PCDEx_SetRxFiFo
 .text.HAL_PCDEx_ActivateLPM
                0x08002224       0x48 Drivers\STM32F7xx_HAL_Driver\Src\stm32f7xx_hal_pcd_ex.o
                0x08002224                HAL_PCDEx_ActivateLPM
 .text.HAL_PCDEx_LPM_Callback
                0x0800226c       0x18 Drivers\STM32F7xx_HAL_Driver\Src\stm32f7xx_hal_pcd_ex.o
                0x0800226c                HAL_PCDEx_LPM_Callback
 .text.HAL_PWREx_EnableOverDrive
                0x08002284       0xa0 Drivers\STM32F7xx_HAL_Driver\Src\stm32f7xx_hal_pwr_ex.o
                0x08002284                HAL_PWREx_EnableOverDrive
 .text.HAL_RCC_OscConfig
                0x08002324      0x670 Drivers\STM32F7xx_HAL_Driver\Src\stm32f7xx_hal_rcc.o
                0x08002324                HAL_RCC_OscConfig
 .text.HAL_RCC_ClockConfig
                0x08002994      0x348 Drivers\STM32F7xx_HAL_Driver\Src\stm32f7xx_hal_rcc.o
                0x08002994                HAL_RCC_ClockConfig
 .text.HAL_RCC_GetSysClockFreq
                0x08002cdc      0x16c Drivers\STM32F7xx_HAL_Driver\Src\stm32f7xx_hal_rcc.o
                0x08002cdc                HAL_RCC_GetSysClockFreq
 .text.HAL_RCC_GetHCLKFreq
                0x08002e48       0x18 Drivers\STM32F7xx_HAL_Driver\Src\stm32f7xx_hal_rcc.o
                0x08002e48                HAL_RCC_GetHCLKFreq
 .text.HAL_RCCEx_PeriphCLKConfig
                0x08002e60     0x101c Drivers\STM32F7xx_HAL_Driver\Src\stm32f7xx_hal_rcc_ex.o
                0x08002e60                HAL_RCCEx_PeriphCLKConfig
 .text.USB_CoreInit
                0x08003e7c       0xa4 Drivers\STM32F7xx_HAL_Driver\Src\stm32f7xx_ll_usb.o
                0x08003e7c                USB_CoreInit
 .text.USB_EnableGlobalInt
                0x08003f20       0x22 Drivers\STM32F7xx_HAL_Driver\Src\stm32f7xx_ll_usb.o
                0x08003f20                USB_EnableGlobalInt
 .text.USB_DisableGlobalInt
                0x08003f42       0x22 Drivers\STM32F7xx_HAL_Driver\Src\stm32f7xx_ll_usb.o
                0x08003f42                USB_DisableGlobalInt
 .text.USB_SetCurrentMode
                0x08003f64       0x4e Drivers\STM32F7xx_HAL_Driver\Src\stm32f7xx_ll_usb.o
                0x08003f64                USB_SetCurrentMode
 *fill*         0x08003fb2        0x2 
 .text.USB_DevInit
                0x08003fb4      0x29c Drivers\STM32F7xx_HAL_Driver\Src\stm32f7xx_ll_usb.o
                0x08003fb4                USB_DevInit
 .text.USB_FlushTxFifo
                0x08004250       0x4c Drivers\STM32F7xx_HAL_Driver\Src\stm32f7xx_ll_usb.o
                0x08004250                USB_FlushTxFifo
 .text.USB_FlushRxFifo
                0x0800429c       0x44 Drivers\STM32F7xx_HAL_Driver\Src\stm32f7xx_ll_usb.o
                0x0800429c                USB_FlushRxFifo
 .text.USB_SetDevSpeed
                0x080042e0       0x30 Drivers\STM32F7xx_HAL_Driver\Src\stm32f7xx_ll_usb.o
                0x080042e0                USB_SetDevSpeed
 .text.USB_GetDevSpeed
                0x08004310       0x6a Drivers\STM32F7xx_HAL_Driver\Src\stm32f7xx_ll_usb.o
                0x08004310                USB_GetDevSpeed
 *fill*         0x0800437a        0x2 
 .text.USB_ActivateEndpoint
                0x0800437c      0x110 Drivers\STM32F7xx_HAL_Driver\Src\stm32f7xx_ll_usb.o
                0x0800437c                USB_ActivateEndpoint
 .text.USB_EPStartXfer
                0x0800448c      0x488 Drivers\STM32F7xx_HAL_Driver\Src\stm32f7xx_ll_usb.o
                0x0800448c                USB_EPStartXfer
 .text.USB_EP0StartXfer
                0x08004914      0x2b8 Drivers\STM32F7xx_HAL_Driver\Src\stm32f7xx_ll_usb.o
                0x08004914                USB_EP0StartXfer
 .text.USB_WritePacket
                0x08004bcc       0x70 Drivers\STM32F7xx_HAL_Driver\Src\stm32f7xx_ll_usb.o
                0x08004bcc                USB_WritePacket
 .text.USB_ReadPacket
                0x08004c3c       0x54 Drivers\STM32F7xx_HAL_Driver\Src\stm32f7xx_ll_usb.o
                0x08004c3c                USB_ReadPacket
 .text.USB_EPSetStall
                0x08004c90       0xe2 Drivers\STM32F7xx_HAL_Driver\Src\stm32f7xx_ll_usb.o
                0x08004c90                USB_EPSetStall
 .text.USB_EPClearStall
                0x08004d72       0xda Drivers\STM32F7xx_HAL_Driver\Src\stm32f7xx_ll_usb.o
                0x08004d72                USB_EPClearStall
 .text.USB_SetDevAddress
                0x08004e4c       0x4c Drivers\STM32F7xx_HAL_Driver\Src\stm32f7xx_ll_usb.o
                0x08004e4c                USB_SetDevAddress
 .text.USB_DevConnect
                0x08004e98       0x2e Drivers\STM32F7xx_HAL_Driver\Src\stm32f7xx_ll_usb.o
                0x08004e98                USB_DevConnect
 .text.USB_DevDisconnect
                0x08004ec6       0x2e Drivers\STM32F7xx_HAL_Driver\Src\stm32f7xx_ll_usb.o
                0x08004ec6                USB_DevDisconnect
 .text.USB_ReadInterrupts
                0x08004ef4       0x2a Drivers\STM32F7xx_HAL_Driver\Src\stm32f7xx_ll_usb.o
                0x08004ef4                USB_ReadInterrupts
 .text.USB_ReadDevAllOutEpInterrupt
                0x08004f1e       0x30 Drivers\STM32F7xx_HAL_Driver\Src\stm32f7xx_ll_usb.o
                0x08004f1e                USB_ReadDevAllOutEpInterrupt
 .text.USB_ReadDevAllInEpInterrupt
                0x08004f4e       0x30 Drivers\STM32F7xx_HAL_Driver\Src\stm32f7xx_ll_usb.o
                0x08004f4e                USB_ReadDevAllInEpInterrupt
 .text.USB_ReadDevOutEPInterrupt
                0x08004f7e       0x38 Drivers\STM32F7xx_HAL_Driver\Src\stm32f7xx_ll_usb.o
                0x08004f7e                USB_ReadDevOutEPInterrupt
 .text.USB_ReadDevInEPInterrupt
                0x08004fb6       0x54 Drivers\STM32F7xx_HAL_Driver\Src\stm32f7xx_ll_usb.o
                0x08004fb6                USB_ReadDevInEPInterrupt
 .text.USB_GetMode
                0x0800500a       0x1c Drivers\STM32F7xx_HAL_Driver\Src\stm32f7xx_ll_usb.o
                0x0800500a                USB_GetMode
 *fill*         0x08005026        0x2 
 .text.USB_ActivateSetup
                0x08005028       0x6c Drivers\STM32F7xx_HAL_Driver\Src\stm32f7xx_ll_usb.o
                0x08005028                USB_ActivateSetup
 .text.USB_EP0_OutStart
                0x08005094       0x8a Drivers\STM32F7xx_HAL_Driver\Src\stm32f7xx_ll_usb.o
                0x08005094                USB_EP0_OutStart
 *fill*         0x0800511e        0x2 
 .text.USB_CoreReset
                0x08005120       0x68 Drivers\STM32F7xx_HAL_Driver\Src\stm32f7xx_ll_usb.o
 .text.usbd_video_Init
                0x08005188       0x24 Middlewares\ST\STM32_USB_Device_Library\Class\UVC\Src\usb_video_core.o
 .text.usbd_video_DeInit
                0x080051ac       0x1e Middlewares\ST\STM32_USB_Device_Library\Class\UVC\Src\usb_video_core.o
 *fill*         0x080051ca        0x2 
 .text.usbd_video_Setup
                0x080051cc       0xf0 Middlewares\ST\STM32_USB_Device_Library\Class\UVC\Src\usb_video_core.o
 .text.usbd_video_EP0_RxReady
                0x080052bc       0x16 Middlewares\ST\STM32_USB_Device_Library\Class\UVC\Src\usb_video_core.o
 *fill*         0x080052d2        0x2 
 .text.usbd_video_DataIn
                0x080052d4      0x184 Middlewares\ST\STM32_USB_Device_Library\Class\UVC\Src\usb_video_core.o
 .text.usbd_video_DataOut
                0x08005458       0x1a Middlewares\ST\STM32_USB_Device_Library\Class\UVC\Src\usb_video_core.o
 *fill*         0x08005472        0x2 
 .text.usbd_video_SOF
                0x08005474       0x38 Middlewares\ST\STM32_USB_Device_Library\Class\UVC\Src\usb_video_core.o
 .text.usbd_video_OUT_Incplt
                0x080054ac       0x16 Middlewares\ST\STM32_USB_Device_Library\Class\UVC\Src\usb_video_core.o
 .text.usbd_video_IN_Incplt
                0x080054c2       0x16 Middlewares\ST\STM32_USB_Device_Library\Class\UVC\Src\usb_video_core.o
 .text.VIDEO_Req_GetCurrent
                0x080054d8       0x54 Middlewares\ST\STM32_USB_Device_Library\Class\UVC\Src\usb_video_core.o
 .text.VIDEO_Req_SetCurrent
                0x0800552c       0x54 Middlewares\ST\STM32_USB_Device_Library\Class\UVC\Src\usb_video_core.o
 .text.USBD_video_GetCfgDesc
                0x08005580       0x24 Middlewares\ST\STM32_USB_Device_Library\Class\UVC\Src\usb_video_core.o
 .text.USBD_UVC_RegisterInterface
                0x080055a4       0x2e Middlewares\ST\STM32_USB_Device_Library\Class\UVC\Src\usbd_uvc.o
                0x080055a4                USBD_UVC_RegisterInterface
 .text.USBD_UVC_SetTxBuffer
                0x080055d2       0x34 Middlewares\ST\STM32_USB_Device_Library\Class\UVC\Src\usbd_uvc.o
                0x080055d2                USBD_UVC_SetTxBuffer
 .text.USBD_UVC_SetRxBuffer
                0x08005606       0x28 Middlewares\ST\STM32_USB_Device_Library\Class\UVC\Src\usbd_uvc.o
                0x08005606                USBD_UVC_SetRxBuffer
 .text.USBD_UVC_ReceivePacket
                0x0800562e       0x54 Middlewares\ST\STM32_USB_Device_Library\Class\UVC\Src\usbd_uvc.o
                0x0800562e                USBD_UVC_ReceivePacket
 .text.USBD_Init
                0x08005682       0x56 Middlewares\ST\STM32_USB_Device_Library\Core\Src\usbd_core.o
                0x08005682                USBD_Init
 .text.USBD_RegisterClass
                0x080056d8       0x84 Middlewares\ST\STM32_USB_Device_Library\Core\Src\usbd_core.o
                0x080056d8                USBD_RegisterClass
 .text.USBD_Start
                0x0800575c       0x18 Middlewares\ST\STM32_USB_Device_Library\Core\Src\usbd_core.o
                0x0800575c                USBD_Start
 .text.USBD_RunTestMode
                0x08005774       0x16 Middlewares\ST\STM32_USB_Device_Library\Core\Src\usbd_core.o
                0x08005774                USBD_RunTestMode
 .text.USBD_SetClassConfig
                0x0800578a       0x3e Middlewares\ST\STM32_USB_Device_Library\Core\Src\usbd_core.o
                0x0800578a                USBD_SetClassConfig
 .text.USBD_ClrClassConfig
                0x080057c8       0x26 Middlewares\ST\STM32_USB_Device_Library\Core\Src\usbd_core.o
                0x080057c8                USBD_ClrClassConfig
 .text.USBD_LL_SetupStage
                0x080057ee       0x94 Middlewares\ST\STM32_USB_Device_Library\Core\Src\usbd_core.o
                0x080057ee                USBD_LL_SetupStage
 .text.USBD_LL_DataOutStage
                0x08005882       0xb6 Middlewares\ST\STM32_USB_Device_Library\Core\Src\usbd_core.o
                0x08005882                USBD_LL_DataOutStage
 .text.USBD_LL_DataInStage
                0x08005938      0x11e Middlewares\ST\STM32_USB_Device_Library\Core\Src\usbd_core.o
                0x08005938                USBD_LL_DataInStage
 .text.USBD_LL_Reset
                0x08005a56       0x5e Middlewares\ST\STM32_USB_Device_Library\Core\Src\usbd_core.o
                0x08005a56                USBD_LL_Reset
 .text.USBD_LL_SetSpeed
                0x08005ab4       0x20 Middlewares\ST\STM32_USB_Device_Library\Core\Src\usbd_core.o
                0x08005ab4                USBD_LL_SetSpeed
 .text.USBD_LL_Suspend
                0x08005ad4       0x2a Middlewares\ST\STM32_USB_Device_Library\Core\Src\usbd_core.o
                0x08005ad4                USBD_LL_Suspend
 .text.USBD_LL_Resume
                0x08005afe       0x22 Middlewares\ST\STM32_USB_Device_Library\Core\Src\usbd_core.o
                0x08005afe                USBD_LL_Resume
 .text.USBD_LL_SOF
                0x08005b20       0x34 Middlewares\ST\STM32_USB_Device_Library\Core\Src\usbd_core.o
                0x08005b20                USBD_LL_SOF
 .text.USBD_LL_IsoINIncomplete
                0x08005b54       0x1a Middlewares\ST\STM32_USB_Device_Library\Core\Src\usbd_core.o
                0x08005b54                USBD_LL_IsoINIncomplete
 .text.USBD_LL_IsoOUTIncomplete
                0x08005b6e       0x1a Middlewares\ST\STM32_USB_Device_Library\Core\Src\usbd_core.o
                0x08005b6e                USBD_LL_IsoOUTIncomplete
 .text.USBD_LL_DevConnected
                0x08005b88       0x16 Middlewares\ST\STM32_USB_Device_Library\Core\Src\usbd_core.o
                0x08005b88                USBD_LL_DevConnected
 .text.USBD_LL_DevDisconnected
                0x08005b9e       0x2e Middlewares\ST\STM32_USB_Device_Library\Core\Src\usbd_core.o
                0x08005b9e                USBD_LL_DevDisconnected
 .text.USBD_StdDevReq
                0x08005bcc       0xa0 Middlewares\ST\STM32_USB_Device_Library\Core\Src\usbd_ctlreq.o
                0x08005bcc                USBD_StdDevReq
 .text.USBD_StdItfReq
                0x08005c6c       0x66 Middlewares\ST\STM32_USB_Device_Library\Core\Src\usbd_ctlreq.o
                0x08005c6c                USBD_StdItfReq
 .text.USBD_StdEPReq
                0x08005cd2      0x1b0 Middlewares\ST\STM32_USB_Device_Library\Core\Src\usbd_ctlreq.o
                0x08005cd2                USBD_StdEPReq
 *fill*         0x08005e82        0x2 
 .text.USBD_GetDescriptor
                0x08005e84      0x1e8 Middlewares\ST\STM32_USB_Device_Library\Core\Src\usbd_ctlreq.o
 .text.USBD_SetAddress
                0x0800606c       0x7c Middlewares\ST\STM32_USB_Device_Library\Core\Src\usbd_ctlreq.o
 .text.USBD_SetConfig
                0x080060e8      0x110 Middlewares\ST\STM32_USB_Device_Library\Core\Src\usbd_ctlreq.o
 .text.USBD_GetConfig
                0x080061f8       0x64 Middlewares\ST\STM32_USB_Device_Library\Core\Src\usbd_ctlreq.o
 .text.USBD_GetStatus
                0x0800625c       0x54 Middlewares\ST\STM32_USB_Device_Library\Core\Src\usbd_ctlreq.o
 .text.USBD_SetFeature
                0x080062b0       0x36 Middlewares\ST\STM32_USB_Device_Library\Core\Src\usbd_ctlreq.o
 .text.USBD_ClrFeature
                0x080062e6       0x50 Middlewares\ST\STM32_USB_Device_Library\Core\Src\usbd_ctlreq.o
 .text.USBD_ParseSetupRequest
                0x08006336       0x7a Middlewares\ST\STM32_USB_Device_Library\Core\Src\usbd_ctlreq.o
                0x08006336                USBD_ParseSetupRequest
 .text.USBD_CtlError
                0x080063b0       0x22 Middlewares\ST\STM32_USB_Device_Library\Core\Src\usbd_ctlreq.o
                0x080063b0                USBD_CtlError
 .text.USBD_GetString
                0x080063d2       0x86 Middlewares\ST\STM32_USB_Device_Library\Core\Src\usbd_ctlreq.o
                0x080063d2                USBD_GetString
 .text.USBD_GetLen
                0x08006458       0x30 Middlewares\ST\STM32_USB_Device_Library\Core\Src\usbd_ctlreq.o
 .text.USBD_CtlSendData
                0x08006488       0x38 Middlewares\ST\STM32_USB_Device_Library\Core\Src\usbd_ioreq.o
                0x08006488                USBD_CtlSendData
 .text.USBD_CtlContinueSendData
                0x080064c0       0x24 Middlewares\ST\STM32_USB_Device_Library\Core\Src\usbd_ioreq.o
                0x080064c0                USBD_CtlContinueSendData
 .text.USBD_CtlPrepareRx
                0x080064e4       0x3c Middlewares\ST\STM32_USB_Device_Library\Core\Src\usbd_ioreq.o
                0x080064e4                USBD_CtlPrepareRx
 .text.USBD_CtlContinueRx
                0x08006520       0x24 Middlewares\ST\STM32_USB_Device_Library\Core\Src\usbd_ioreq.o
                0x08006520                USBD_CtlContinueRx
 .text.USBD_CtlSendStatus
                0x08006544       0x26 Middlewares\ST\STM32_USB_Device_Library\Core\Src\usbd_ioreq.o
                0x08006544                USBD_CtlSendStatus
 .text.USBD_CtlReceiveStatus
                0x0800656a       0x26 Middlewares\ST\STM32_USB_Device_Library\Core\Src\usbd_ioreq.o
                0x0800656a                USBD_CtlReceiveStatus
 .text.MX_GPIO_Init
                0x08006590       0x60 Src\gpio.o
                0x08006590                MX_GPIO_Init
 .text.main     0x080065f0       0x16 Src\main.o
                0x080065f0                main
 *fill*         0x08006606        0x2 
 .text.SystemClock_Config
                0x08006608      0x134 Src\main.o
                0x08006608                SystemClock_Config
 .text._Error_Handler
                0x0800673c        0xc Src\main.o
                0x0800673c                _Error_Handler
 .text.assert_failed
                0x08006748       0x16 Src\main.o
                0x08006748                assert_failed
 .text.HAL_MspInit
                0x0800675e       0x62 Src\stm32f7xx_hal_msp.o
                0x0800675e                HAL_MspInit
 .text.NMI_Handler
                0x080067c0        0xe Src\stm32f7xx_it.o
                0x080067c0                NMI_Handler
 .text.HardFault_Handler
                0x080067ce        0x6 Src\stm32f7xx_it.o
                0x080067ce                HardFault_Handler
 .text.MemManage_Handler
                0x080067d4        0x6 Src\stm32f7xx_it.o
                0x080067d4                MemManage_Handler
 .text.BusFault_Handler
                0x080067da        0x6 Src\stm32f7xx_it.o
                0x080067da                BusFault_Handler
 .text.UsageFault_Handler
                0x080067e0        0x6 Src\stm32f7xx_it.o
                0x080067e0                UsageFault_Handler
 .text.SVC_Handler
                0x080067e6        0xe Src\stm32f7xx_it.o
                0x080067e6                SVC_Handler
 .text.DebugMon_Handler
                0x080067f4        0xe Src\stm32f7xx_it.o
                0x080067f4                DebugMon_Handler
 .text.PendSV_Handler
                0x08006802        0xe Src\stm32f7xx_it.o
                0x08006802                PendSV_Handler
 .text.SysTick_Handler
                0x08006810       0x10 Src\stm32f7xx_it.o
                0x08006810                SysTick_Handler
 .text.OTG_FS_IRQHandler
                0x08006820       0x14 Src\stm32f7xx_it.o
                0x08006820                OTG_FS_IRQHandler
 .text.SystemInit
                0x08006834       0x6c Src\system_stm32f7xx.o
                0x08006834                SystemInit
 .text.MX_USB_DEVICE_Init
                0x080068a0       0x38 Src\usb_device.o
                0x080068a0                MX_USB_DEVICE_Init
 .text.HAL_PCD_MspInit
                0x080068d8       0xa0 Src\usbd_conf.o
                0x080068d8                HAL_PCD_MspInit
 .text.HAL_PCD_SetupStageCallback
                0x08006978       0x24 Src\usbd_conf.o
                0x08006978                HAL_PCD_SetupStageCallback
 .text.HAL_PCD_DataOutStageCallback
                0x0800699c       0x36 Src\usbd_conf.o
                0x0800699c                HAL_PCD_DataOutStageCallback
 .text.HAL_PCD_DataInStageCallback
                0x080069d2       0x34 Src\usbd_conf.o
                0x080069d2                HAL_PCD_DataInStageCallback
 .text.HAL_PCD_SOFCallback
                0x08006a06       0x1c Src\usbd_conf.o
                0x08006a06                HAL_PCD_SOFCallback
 .text.HAL_PCD_ResetCallback
                0x08006a22       0x50 Src\usbd_conf.o
                0x08006a22                HAL_PCD_ResetCallback
 *fill*         0x08006a72        0x2 
 .text.HAL_PCD_SuspendCallback
                0x08006a74       0x50 Src\usbd_conf.o
                0x08006a74                HAL_PCD_SuspendCallback
 .text.HAL_PCD_ResumeCallback
                0x08006ac4       0x1c Src\usbd_conf.o
                0x08006ac4                HAL_PCD_ResumeCallback
 .text.HAL_PCD_ISOOUTIncompleteCallback
                0x08006ae0       0x24 Src\usbd_conf.o
                0x08006ae0                HAL_PCD_ISOOUTIncompleteCallback
 .text.HAL_PCD_ISOINIncompleteCallback
                0x08006b04       0x24 Src\usbd_conf.o
                0x08006b04                HAL_PCD_ISOINIncompleteCallback
 .text.HAL_PCD_ConnectCallback
                0x08006b28       0x1c Src\usbd_conf.o
                0x08006b28                HAL_PCD_ConnectCallback
 .text.HAL_PCD_DisconnectCallback
                0x08006b44       0x1c Src\usbd_conf.o
                0x08006b44                HAL_PCD_DisconnectCallback
 .text.USBD_LL_Init
                0x08006b60       0xa8 Src\usbd_conf.o
                0x08006b60                USBD_LL_Init
 .text.USBD_LL_Start
                0x08006c08       0x64 Src\usbd_conf.o
                0x08006c08                USBD_LL_Start
 .text.USBD_LL_OpenEP
                0x08006c6c       0x7c Src\usbd_conf.o
                0x08006c6c                USBD_LL_OpenEP
 .text.USBD_LL_StallEP
                0x08006ce8       0x6c Src\usbd_conf.o
                0x08006ce8                USBD_LL_StallEP
 .text.USBD_LL_ClearStallEP
                0x08006d54       0x6c Src\usbd_conf.o
                0x08006d54                USBD_LL_ClearStallEP
 .text.USBD_LL_IsStallEP
                0x08006dc0       0x58 Src\usbd_conf.o
                0x08006dc0                USBD_LL_IsStallEP
 .text.USBD_LL_SetUSBAddress
                0x08006e18       0x6c Src\usbd_conf.o
                0x08006e18                USBD_LL_SetUSBAddress
 .text.USBD_LL_Transmit
                0x08006e84       0x74 Src\usbd_conf.o
                0x08006e84                USBD_LL_Transmit
 .text.USBD_LL_PrepareReceive
                0x08006ef8       0x74 Src\usbd_conf.o
                0x08006ef8                USBD_LL_PrepareReceive
 .text.USBD_FS_DeviceDescriptor
                0x08006f6c       0x24 Src\usbd_desc.o
                0x08006f6c                USBD_FS_DeviceDescriptor
 .text.USBD_FS_LangIDStrDescriptor
                0x08006f90       0x24 Src\usbd_desc.o
                0x08006f90                USBD_FS_LangIDStrDescriptor
 .text.USBD_FS_ProductStrDescriptor
                0x08006fb4       0x3c Src\usbd_desc.o
                0x08006fb4                USBD_FS_ProductStrDescriptor
 .text.USBD_FS_ManufacturerStrDescriptor
                0x08006ff0       0x28 Src\usbd_desc.o
                0x08006ff0                USBD_FS_ManufacturerStrDescriptor
 .text.USBD_FS_SerialStrDescriptor
                0x08007018       0x3c Src\usbd_desc.o
                0x08007018                USBD_FS_SerialStrDescriptor
 .text.USBD_FS_ConfigStrDescriptor
                0x08007054       0x3c Src\usbd_desc.o
                0x08007054                USBD_FS_ConfigStrDescriptor
 .text.USBD_FS_InterfaceStrDescriptor
                0x08007090       0x3c Src\usbd_desc.o
                0x08007090                USBD_FS_InterfaceStrDescriptor
 .text.UVC_Init_FS
                0x080070cc       0x28 Src\usbd_uvc_if.o
 .text.UVC_DeInit_FS
                0x080070f4       0x10 Src\usbd_uvc_if.o
 .text.UVC_Control_FS
                0x08007104       0xbc Src\usbd_uvc_if.o
 .text.UVC_Receive_FS
                0x080071c0       0x28 Src\usbd_uvc_if.o
 .text.Reset_Handler
                0x080071e8       0x50 startup\startup_stm32f765xx.o
                0x080071e8                Reset_Handler
 .text.Default_Handler
                0x08007238        0x2 startup\startup_stm32f765xx.o
                0x08007238                RTC_Alarm_IRQHandler
                0x08007238                EXTI2_IRQHandler
                0x08007238                TIM8_CC_IRQHandler
                0x08007238                UART8_IRQHandler
                0x08007238                SPI4_IRQHandler
                0x08007238                TIM1_CC_IRQHandler
                0x08007238                DMA2_Stream5_IRQHandler
                0x08007238                DMA1_Stream5_IRQHandler
                0x08007238                CAN3_RX1_IRQHandler
                0x08007238                PVD_IRQHandler
                0x08007238                TAMP_STAMP_IRQHandler
                0x08007238                CAN2_RX1_IRQHandler
                0x08007238                EXTI3_IRQHandler
                0x08007238                TIM8_TRG_COM_TIM14_IRQHandler
                0x08007238                DFSDM1_FLT1_IRQHandler
                0x08007238                TIM1_UP_TIM10_IRQHandler
                0x08007238                TIM8_UP_TIM13_IRQHandler
                0x08007238                I2C3_ER_IRQHandler
                0x08007238                DFSDM1_FLT2_IRQHandler
                0x08007238                EXTI0_IRQHandler
                0x08007238                I2C2_EV_IRQHandler
                0x08007238                DMA1_Stream2_IRQHandler
                0x08007238                CAN1_RX0_IRQHandler
                0x08007238                FPU_IRQHandler
                0x08007238                OTG_HS_WKUP_IRQHandler
                0x08007238                CAN3_SCE_IRQHandler
                0x08007238                CAN2_SCE_IRQHandler
                0x08007238                DMA2_Stream2_IRQHandler
                0x08007238                SPI1_IRQHandler
                0x08007238                TIM6_DAC_IRQHandler
                0x08007238                TIM1_BRK_TIM9_IRQHandler
                0x08007238                DCMI_IRQHandler
                0x08007238                CAN2_RX0_IRQHandler
                0x08007238                DMA2_Stream3_IRQHandler
                0x08007238                SAI2_IRQHandler
                0x08007238                DFSDM1_FLT3_IRQHandler
                0x08007238                USART6_IRQHandler
                0x08007238                CAN3_RX0_IRQHandler
                0x08007238                USART3_IRQHandler
                0x08007238                CAN1_RX1_IRQHandler
                0x08007238                UART5_IRQHandler
                0x08007238                DMA2_Stream0_IRQHandler
                0x08007238                TIM4_IRQHandler
                0x08007238                QUADSPI_IRQHandler
                0x08007238                I2C1_EV_IRQHandler
                0x08007238                DMA1_Stream6_IRQHandler
                0x08007238                DMA1_Stream1_IRQHandler
                0x08007238                UART4_IRQHandler
                0x08007238                TIM3_IRQHandler
                0x08007238                RCC_IRQHandler
                0x08007238                TIM8_BRK_TIM12_IRQHandler
                0x08007238                Default_Handler
                0x08007238                CEC_IRQHandler
                0x08007238                EXTI15_10_IRQHandler
                0x08007238                ADC_IRQHandler
                0x08007238                DMA1_Stream7_IRQHandler
                0x08007238                SPI5_IRQHandler
                0x08007238                TIM7_IRQHandler
                0x08007238                SDMMC1_IRQHandler
                0x08007238                CAN2_TX_IRQHandler
                0x08007238                TIM5_IRQHandler
                0x08007238                DMA2_Stream7_IRQHandler
                0x08007238                I2C3_EV_IRQHandler
                0x08007238                EXTI9_5_IRQHandler
                0x08007238                RTC_WKUP_IRQHandler
                0x08007238                ETH_WKUP_IRQHandler
                0x08007238                SPDIF_RX_IRQHandler
                0x08007238                SPI2_IRQHandler
                0x08007238                OTG_HS_EP1_IN_IRQHandler
                0x08007238                DMA1_Stream0_IRQHandler
                0x08007238                CAN1_TX_IRQHandler
                0x08007238                EXTI4_IRQHandler
                0x08007238                RNG_IRQHandler
                0x08007238                ETH_IRQHandler
                0x08007238                OTG_HS_EP1_OUT_IRQHandler
                0x08007238                WWDG_IRQHandler
                0x08007238                SPI6_IRQHandler
                0x08007238                MDIOS_IRQHandler
                0x08007238                I2C4_EV_IRQHandler
                0x08007238                CAN3_TX_IRQHandler
                0x08007238                TIM2_IRQHandler
                0x08007238                OTG_FS_WKUP_IRQHandler
                0x08007238                TIM1_TRG_COM_TIM11_IRQHandler
                0x08007238                OTG_HS_IRQHandler
                0x08007238                DMA2D_IRQHandler
                0x08007238                EXTI1_IRQHandler
                0x08007238                SDMMC2_IRQHandler
                0x08007238                UART7_IRQHandler
                0x08007238                USART2_IRQHandler
                0x08007238                DFSDM1_FLT0_IRQHandler
                0x08007238                I2C2_ER_IRQHandler
                0x08007238                DMA2_Stream1_IRQHandler
                0x08007238                CAN1_SCE_IRQHandler
                0x08007238                FLASH_IRQHandler
                0x08007238                DMA2_Stream4_IRQHandler
                0x08007238                USART1_IRQHandler
                0x08007238                SPI3_IRQHandler
                0x08007238                DMA1_Stream4_IRQHandler
                0x08007238                I2C1_ER_IRQHandler
                0x08007238                FMC_IRQHandler
                0x08007238                LPTIM1_IRQHandler
                0x08007238                I2C4_ER_IRQHandler
                0x08007238                DMA2_Stream6_IRQHandler
                0x08007238                SAI1_IRQHandler
                0x08007238                DMA1_Stream3_IRQHandler
 *fill*         0x0800723a        0x2 
 .text.__libc_init_array
                0x0800723c       0x48 d:/program files (x86)/atollic/truestudio for stm32 9.0.0/armtools/bin/../lib/gcc/arm-atollic-eabi/6.3.1/../../../../arm-atollic-eabi/lib/armv7e-m/fpu/fpv5-d16\libc_nano.a(lib_a-init.o)
                0x0800723c                __libc_init_array
 *(.glue_7)
 .glue_7        0x08007284        0x0 linker stubs
 *(.glue_7t)
 .glue_7t       0x08007284        0x0 linker stubs
 *(.eh_frame)
 .eh_frame      0x08007284        0x0 d:/program files (x86)/atollic/truestudio for stm32 9.0.0/armtools/bin/../lib/gcc/arm-atollic-eabi/6.3.1/armv7e-m/fpu/fpv5-d16/crtbegin.o
 *(.init)
 .init          0x08007284        0x4 d:/program files (x86)/atollic/truestudio for stm32 9.0.0/armtools/bin/../lib/gcc/arm-atollic-eabi/6.3.1/armv7e-m/fpu/fpv5-d16/crti.o
                0x08007284                _init
 .init          0x08007288        0x8 d:/program files (x86)/atollic/truestudio for stm32 9.0.0/armtools/bin/../lib/gcc/arm-atollic-eabi/6.3.1/armv7e-m/fpu/fpv5-d16/crtn.o
 *(.fini)
 .fini          0x08007290        0x4 d:/program files (x86)/atollic/truestudio for stm32 9.0.0/armtools/bin/../lib/gcc/arm-atollic-eabi/6.3.1/armv7e-m/fpu/fpv5-d16/crti.o
                0x08007290                _fini
 .fini          0x08007294        0x8 d:/program files (x86)/atollic/truestudio for stm32 9.0.0/armtools/bin/../lib/gcc/arm-atollic-eabi/6.3.1/armv7e-m/fpu/fpv5-d16/crtn.o
                0x0800729c                . = ALIGN (0x4)
                0x0800729c                _etext = .

.vfp11_veneer   0x0800729c        0x0
 .vfp11_veneer  0x0800729c        0x0 linker stubs

.v4_bx          0x0800729c        0x0
 .v4_bx         0x0800729c        0x0 linker stubs

.iplt           0x0800729c        0x0
 .iplt          0x0800729c        0x0 d:/program files (x86)/atollic/truestudio for stm32 9.0.0/armtools/bin/../lib/gcc/arm-atollic-eabi/6.3.1/armv7e-m/fpu/fpv5-d16/crtbegin.o

.rodata         0x0800729c      0x1ac
                0x0800729c                . = ALIGN (0x4)
 *(.rodata)
 .rodata        0x0800729c       0x3b Drivers\STM32F7xx_HAL_Driver\Src\stm32f7xx_hal_cortex.o
 *fill*         0x080072d7        0x1 
 .rodata        0x080072d8       0x39 Drivers\STM32F7xx_HAL_Driver\Src\stm32f7xx_hal_gpio.o
 *fill*         0x08007311        0x3 
 .rodata        0x08007314       0x38 Drivers\STM32F7xx_HAL_Driver\Src\stm32f7xx_hal_pcd.o
 .rodata        0x0800734c       0x38 Drivers\STM32F7xx_HAL_Driver\Src\stm32f7xx_hal_rcc.o
 .rodata        0x08007384       0x3b Drivers\STM32F7xx_HAL_Driver\Src\stm32f7xx_hal_rcc_ex.o
 *fill*         0x080073bf        0x1 
 .rodata        0x080073c0        0xe Src\main.o
 *fill*         0x080073ce        0x2 
 .rodata        0x080073d0       0x13 Src\usbd_conf.o
 *fill*         0x080073e3        0x1 
 .rodata        0x080073e4       0x52 Src\usbd_desc.o
 *(.rodata*)
 *fill*         0x08007436        0x2 
 .rodata.AHBPrescTable
                0x08007438       0x10 Src\system_stm32f7xx.o
                0x08007438                AHBPrescTable
                0x08007448                . = ALIGN (0x4)

.ARM.extab
 *(.ARM.extab* .gnu.linkonce.armextab.*)

.ARM            0x08007448        0x8
                0x08007448                __exidx_start = .
 *(.ARM.exidx*)
 .ARM.exidx     0x08007448        0x8 d:/program files (x86)/atollic/truestudio for stm32 9.0.0/armtools/bin/../lib/gcc/arm-atollic-eabi/6.3.1/armv7e-m/fpu/fpv5-d16\libgcc.a(_udivmoddi4.o)
                0x08007450                __exidx_end = .

.rel.dyn        0x08007450        0x0
 .rel.iplt      0x08007450        0x0 d:/program files (x86)/atollic/truestudio for stm32 9.0.0/armtools/bin/../lib/gcc/arm-atollic-eabi/6.3.1/armv7e-m/fpu/fpv5-d16/crtbegin.o

.preinit_array  0x08007450        0x0
                0x08007450                PROVIDE (__preinit_array_start, .)
 *(.preinit_array*)
                0x08007450                PROVIDE (__preinit_array_end, .)

.init_array     0x08007450        0x4
                0x08007450                PROVIDE (__init_array_start, .)
 *(SORT(.init_array.*))
 *(.init_array*)
 .init_array    0x08007450        0x4 d:/program files (x86)/atollic/truestudio for stm32 9.0.0/armtools/bin/../lib/gcc/arm-atollic-eabi/6.3.1/armv7e-m/fpu/fpv5-d16/crtbegin.o
                0x08007454                PROVIDE (__init_array_end, .)

.fini_array     0x08007454        0x4
                [!provide]                PROVIDE (__fini_array_start, .)
 *(SORT(.fini_array.*))
 *(.fini_array*)
 .fini_array    0x08007454        0x4 d:/program files (x86)/atollic/truestudio for stm32 9.0.0/armtools/bin/../lib/gcc/arm-atollic-eabi/6.3.1/armv7e-m/fpu/fpv5-d16/crtbegin.o
                [!provide]                PROVIDE (__fini_array_end, .)
                0x08007458                _sidata = LOADADDR (.data)

.data           0x20000000      0x170 load address 0x08007458
                0x20000000                . = ALIGN (0x4)
                0x20000000                _sdata = .
 *(.data)
 *(.data*)
 .data.uwTickPrio
                0x20000000        0x4 Drivers\STM32F7xx_HAL_Driver\Src\stm32f7xx_hal.o
                0x20000000                uwTickPrio
 .data.uwTickFreq
                0x20000004        0x1 Drivers\STM32F7xx_HAL_Driver\Src\stm32f7xx_hal.o
                0x20000004                uwTickFreq
 *fill*         0x20000005        0x3 
 .data.videoCommitControl
                0x20000008       0x22 Middlewares\ST\STM32_USB_Device_Library\Class\UVC\Src\usb_video_core.o
                0x20000008                videoCommitControl
 *fill*         0x2000002a        0x2 
 .data.videoProbeControl
                0x2000002c       0x22 Middlewares\ST\STM32_USB_Device_Library\Class\UVC\Src\usb_video_core.o
                0x2000002c                videoProbeControl
 *fill*         0x2000004e        0x2 
 .data.VIDEO_cb
                0x20000050       0x30 Middlewares\ST\STM32_USB_Device_Library\Class\UVC\Src\usb_video_core.o
                0x20000050                VIDEO_cb
 .data.usbd_video_CfgDesc
                0x20000080       0x9f Middlewares\ST\STM32_USB_Device_Library\Class\UVC\Src\usb_video_core.o
 *fill*         0x2000011f        0x1 
 .data.packets_cnt.10117
                0x20000120        0x2 Middlewares\ST\STM32_USB_Device_Library\Class\UVC\Src\usb_video_core.o
 *fill*         0x20000122        0x2 
 .data.header.10118
                0x20000124        0x2 Middlewares\ST\STM32_USB_Device_Library\Class\UVC\Src\usb_video_core.o
 .data.packets_in_frame.10121
                0x20000126        0x2 Middlewares\ST\STM32_USB_Device_Library\Class\UVC\Src\usb_video_core.o
 .data.SystemCoreClock
                0x20000128        0x4 Src\system_stm32f7xx.o
                0x20000128                SystemCoreClock
 .data.FS_Desc  0x2000012c       0x1c Src\usbd_desc.o
                0x2000012c                FS_Desc
 .data.USBD_FS_DeviceDesc
                0x20000148       0x12 Src\usbd_desc.o
                0x20000148                USBD_FS_DeviceDesc
 *fill*         0x2000015a        0x2 
 .data.USBD_LangIDDesc
                0x2000015c        0x4 Src\usbd_desc.o
                0x2000015c                USBD_LangIDDesc
 .data.USBD_Interface_fops_FS
                0x20000160       0x10 Src\usbd_uvc_if.o
                0x20000160                USBD_Interface_fops_FS
                0x20000170                . = ALIGN (0x4)
                0x20000170                _edata = .

.igot.plt       0x20000170        0x0 load address 0x080075c8
 .igot.plt      0x20000170        0x0 d:/program files (x86)/atollic/truestudio for stm32 9.0.0/armtools/bin/../lib/gcc/arm-atollic-eabi/6.3.1/armv7e-m/fpu/fpv5-d16/crtbegin.o
                0x20000170                . = ALIGN (0x4)

.bss            0x20000170     0x1b58 load address 0x080075c8
                0x20000170                _sbss = .
                0x20000170                __bss_start__ = _sbss
 *(.bss)
 .bss           0x20000170       0x1c d:/program files (x86)/atollic/truestudio for stm32 9.0.0/armtools/bin/../lib/gcc/arm-atollic-eabi/6.3.1/armv7e-m/fpu/fpv5-d16/crtbegin.o
 *(.bss*)
 .bss.usbd_video_AltSet
                0x2000018c        0x4 Middlewares\ST\STM32_USB_Device_Library\Class\UVC\Src\usb_video_core.o
 .bss.play_status
                0x20000190        0x1 Middlewares\ST\STM32_USB_Device_Library\Class\UVC\Src\usb_video_core.o
                0x20000190                play_status
 .bss.tx_enable_flag.10124
                0x20000191        0x1 Middlewares\ST\STM32_USB_Device_Library\Class\UVC\Src\usb_video_core.o
 *fill*         0x20000192        0x2 
 .bss.picture_pos.10120
                0x20000194        0x4 Middlewares\ST\STM32_USB_Device_Library\Class\UVC\Src\usb_video_core.o
 .bss.last_packet_size.10122
                0x20000198        0x2 Middlewares\ST\STM32_USB_Device_Library\Class\UVC\Src\usb_video_core.o
 *fill*         0x2000019a        0x2 
 .bss.packet.10123
                0x2000019c      0x302 Middlewares\ST\STM32_USB_Device_Library\Class\UVC\Src\usb_video_core.o
 .bss.cfgidx.10055
                0x2000049e        0x1 Middlewares\ST\STM32_USB_Device_Library\Core\Src\usbd_ctlreq.o
 *(COMMON)
 *fill*         0x2000049f        0x1 
 COMMON         0x200004a0        0x4 Drivers\STM32F7xx_HAL_Driver\Src\stm32f7xx_hal.o
                0x200004a0                uwTick
 COMMON         0x200004a4      0x224 Src\usb_device.o
                0x200004a4                hUsbDeviceFS
 COMMON         0x200006c8      0x400 Src\usbd_conf.o
                0x200006c8                hpcd_USB_OTG_FS
 COMMON         0x20000ac8      0x200 Src\usbd_desc.o
                0x20000ac8                USBD_StrDesc
 COMMON         0x20000cc8     0x1000 Src\usbd_uvc_if.o
                0x20000cc8                UserRxBufferFS
                0x200014c8                UserTxBufferFS
                0x20001cc8                . = ALIGN (0x4)
                0x20001cc8                _ebss = .
                0x20001cc8                __bss_end__ = _ebss

._user_heap_stack
                0x20001cc8      0x600 load address 0x080075c8
                0x20001cc8                . = ALIGN (0x4)
                0x20001cc8                PROVIDE (end, .)
                [!provide]                PROVIDE (_end, .)
                0x20001ec8                . = (. + _Min_Heap_Size)
 *fill*         0x20001cc8      0x200 
                0x200022c8                . = (. + _Min_Stack_Size)
 *fill*         0x20001ec8      0x400 
                0x200022c8                . = ALIGN (0x4)

/DISCARD/
 libc.a(*)
 libm.a(*)
 libgcc.a(*)

.ARM.attributes
                0x00000000       0x2e
 *(.ARM.attributes)
 .ARM.attributes
                0x00000000       0x20 d:/program files (x86)/atollic/truestudio for stm32 9.0.0/armtools/bin/../lib/gcc/arm-atollic-eabi/6.3.1/armv7e-m/fpu/fpv5-d16/crti.o
 .ARM.attributes
                0x00000020       0x32 d:/program files (x86)/atollic/truestudio for stm32 9.0.0/armtools/bin/../lib/gcc/arm-atollic-eabi/6.3.1/armv7e-m/fpu/fpv5-d16/crtbegin.o
 .ARM.attributes
                0x00000052       0x37 Drivers\STM32F7xx_HAL_Driver\Src\stm32f7xx_hal.o
 .ARM.attributes
                0x00000089       0x37 Drivers\STM32F7xx_HAL_Driver\Src\stm32f7xx_hal_cortex.o
 .ARM.attributes
                0x000000c0       0x37 Drivers\STM32F7xx_HAL_Driver\Src\stm32f7xx_hal_gpio.o
 .ARM.attributes
                0x000000f7       0x37 Drivers\STM32F7xx_HAL_Driver\Src\stm32f7xx_hal_pcd.o
 .ARM.attributes
                0x0000012e       0x37 Drivers\STM32F7xx_HAL_Driver\Src\stm32f7xx_hal_pcd_ex.o
 .ARM.attributes
                0x00000165       0x37 Drivers\STM32F7xx_HAL_Driver\Src\stm32f7xx_hal_pwr_ex.o
 .ARM.attributes
                0x0000019c       0x37 Drivers\STM32F7xx_HAL_Driver\Src\stm32f7xx_hal_rcc.o
 .ARM.attributes
                0x000001d3       0x37 Drivers\STM32F7xx_HAL_Driver\Src\stm32f7xx_hal_rcc_ex.o
 .ARM.attributes
                0x0000020a       0x37 Drivers\STM32F7xx_HAL_Driver\Src\stm32f7xx_ll_usb.o
 .ARM.attributes
                0x00000241       0x37 Middlewares\ST\STM32_USB_Device_Library\Class\UVC\Src\usb_video_core.o
 .ARM.attributes
                0x00000278       0x37 Middlewares\ST\STM32_USB_Device_Library\Class\UVC\Src\usbd_uvc.o
 .ARM.attributes
                0x000002af       0x37 Middlewares\ST\STM32_USB_Device_Library\Core\Src\usbd_core.o
 .ARM.attributes
                0x000002e6       0x37 Middlewares\ST\STM32_USB_Device_Library\Core\Src\usbd_ctlreq.o
 .ARM.attributes
                0x0000031d       0x37 Middlewares\ST\STM32_USB_Device_Library\Core\Src\usbd_ioreq.o
 .ARM.attributes
                0x00000354       0x37 Src\gpio.o
 .ARM.attributes
                0x0000038b       0x37 Src\main.o
 .ARM.attributes
                0x000003c2       0x37 Src\stm32f7xx_hal_msp.o
 .ARM.attributes
                0x000003f9       0x37 Src\stm32f7xx_it.o
 .ARM.attributes
                0x00000430       0x37 Src\system_stm32f7xx.o
 .ARM.attributes
                0x00000467       0x37 Src\usb_device.o
 .ARM.attributes
                0x0000049e       0x37 Src\usbd_conf.o
 .ARM.attributes
                0x000004d5       0x37 Src\usbd_desc.o
 .ARM.attributes
                0x0000050c       0x37 Src\usbd_uvc_if.o
 .ARM.attributes
                0x00000543       0x21 startup\startup_stm32f765xx.o
 .ARM.attributes
                0x00000564       0x32 d:/program files (x86)/atollic/truestudio for stm32 9.0.0/armtools/bin/../lib/gcc/arm-atollic-eabi/6.3.1/../../../../arm-atollic-eabi/lib/armv7e-m/fpu/fpv5-d16\libc_nano.a(lib_a-init.o)
 .ARM.attributes
                0x00000596       0x20 d:/program files (x86)/atollic/truestudio for stm32 9.0.0/armtools/bin/../lib/gcc/arm-atollic-eabi/6.3.1/armv7e-m/fpu/fpv5-d16\libgcc.a(_aeabi_uldivmod.o)
 .ARM.attributes
                0x000005b6       0x32 d:/program files (x86)/atollic/truestudio for stm32 9.0.0/armtools/bin/../lib/gcc/arm-atollic-eabi/6.3.1/armv7e-m/fpu/fpv5-d16\libgcc.a(_udivmoddi4.o)
 .ARM.attributes
                0x000005e8       0x20 d:/program files (x86)/atollic/truestudio for stm32 9.0.0/armtools/bin/../lib/gcc/arm-atollic-eabi/6.3.1/armv7e-m/fpu/fpv5-d16\libgcc.a(_dvmd_tls.o)
 .ARM.attributes
                0x00000608       0x20 d:/program files (x86)/atollic/truestudio for stm32 9.0.0/armtools/bin/../lib/gcc/arm-atollic-eabi/6.3.1/armv7e-m/fpu/fpv5-d16/crtn.o
OUTPUT(cube_jun17_attempt.elf elf32-littlearm)

.debug_info     0x00000000    0x1a204
 .debug_info    0x00000000     0x1222 Drivers\STM32F7xx_HAL_Driver\Src\stm32f7xx_hal.o
 .debug_info    0x00001222     0x184a Drivers\STM32F7xx_HAL_Driver\Src\stm32f7xx_hal_cortex.o
 .debug_info    0x00002a6c      0xfaa Drivers\STM32F7xx_HAL_Driver\Src\stm32f7xx_hal_gpio.o
 .debug_info    0x00003a16     0x180d Drivers\STM32F7xx_HAL_Driver\Src\stm32f7xx_hal_pcd.o
 .debug_info    0x00005223      0xf75 Drivers\STM32F7xx_HAL_Driver\Src\stm32f7xx_hal_pcd_ex.o
 .debug_info    0x00006198     0x1167 Drivers\STM32F7xx_HAL_Driver\Src\stm32f7xx_hal_pwr_ex.o
 .debug_info    0x000072ff     0x1148 Drivers\STM32F7xx_HAL_Driver\Src\stm32f7xx_hal_rcc.o
 .debug_info    0x00008447      0xf92 Drivers\STM32F7xx_HAL_Driver\Src\stm32f7xx_hal_rcc_ex.o
 .debug_info    0x000093d9     0x1cd2 Drivers\STM32F7xx_HAL_Driver\Src\stm32f7xx_ll_usb.o
 .debug_info    0x0000b0ab     0x11a6 Middlewares\ST\STM32_USB_Device_Library\Class\UVC\Src\usb_video_core.o
 .debug_info    0x0000c251     0x143c Middlewares\ST\STM32_USB_Device_Library\Class\UVC\Src\usbd_uvc.o
 .debug_info    0x0000d68d     0x12d6 Middlewares\ST\STM32_USB_Device_Library\Core\Src\usbd_core.o
 .debug_info    0x0000e963     0x10d3 Middlewares\ST\STM32_USB_Device_Library\Core\Src\usbd_ctlreq.o
 .debug_info    0x0000fa36      0xed3 Middlewares\ST\STM32_USB_Device_Library\Core\Src\usbd_ioreq.o
 .debug_info    0x00010909      0xb68 Src\gpio.o
 .debug_info    0x00011471     0x162a Src\main.o
 .debug_info    0x00012a9b      0xbf3 Src\stm32f7xx_hal_msp.o
 .debug_info    0x0001368e      0xe80 Src\stm32f7xx_it.o
 .debug_info    0x0001450e      0xf00 Src\system_stm32f7xx.o
 .debug_info    0x0001540e      0xf6f Src\usb_device.o
 .debug_info    0x0001637d     0x2207 Src\usbd_conf.o
 .debug_info    0x00018584      0xc10 Src\usbd_desc.o
 .debug_info    0x00019194      0xfdb Src\usbd_uvc_if.o
 .debug_info    0x0001a16f       0x95 startup\startup_stm32f765xx.o

.debug_abbrev   0x00000000     0x3591
 .debug_abbrev  0x00000000      0x282 Drivers\STM32F7xx_HAL_Driver\Src\stm32f7xx_hal.o
 .debug_abbrev  0x00000282      0x371 Drivers\STM32F7xx_HAL_Driver\Src\stm32f7xx_hal_cortex.o
 .debug_abbrev  0x000005f3      0x24c Drivers\STM32F7xx_HAL_Driver\Src\stm32f7xx_hal_gpio.o
 .debug_abbrev  0x0000083f      0x2de Drivers\STM32F7xx_HAL_Driver\Src\stm32f7xx_hal_pcd.o
 .debug_abbrev  0x00000b1d      0x23c Drivers\STM32F7xx_HAL_Driver\Src\stm32f7xx_hal_pcd_ex.o
 .debug_abbrev  0x00000d59      0x28b Drivers\STM32F7xx_HAL_Driver\Src\stm32f7xx_hal_pwr_ex.o
 .debug_abbrev  0x00000fe4      0x2eb Drivers\STM32F7xx_HAL_Driver\Src\stm32f7xx_hal_rcc.o
 .debug_abbrev  0x000012cf      0x23f Drivers\STM32F7xx_HAL_Driver\Src\stm32f7xx_hal_rcc_ex.o
 .debug_abbrev  0x0000150e      0x2c8 Drivers\STM32F7xx_HAL_Driver\Src\stm32f7xx_ll_usb.o
 .debug_abbrev  0x000017d6      0x2aa Middlewares\ST\STM32_USB_Device_Library\Class\UVC\Src\usb_video_core.o
 .debug_abbrev  0x00001a80      0x28c Middlewares\ST\STM32_USB_Device_Library\Class\UVC\Src\usbd_uvc.o
 .debug_abbrev  0x00001d0c      0x25c Middlewares\ST\STM32_USB_Device_Library\Core\Src\usbd_core.o
 .debug_abbrev  0x00001f68      0x28c Middlewares\ST\STM32_USB_Device_Library\Core\Src\usbd_ctlreq.o
 .debug_abbrev  0x000021f4      0x1cc Middlewares\ST\STM32_USB_Device_Library\Core\Src\usbd_ioreq.o
 .debug_abbrev  0x000023c0      0x1a8 Src\gpio.o
 .debug_abbrev  0x00002568      0x20e Src\main.o
 .debug_abbrev  0x00002776      0x199 Src\stm32f7xx_hal_msp.o
 .debug_abbrev  0x0000290f      0x1d1 Src\stm32f7xx_it.o
 .debug_abbrev  0x00002ae0      0x1e6 Src\system_stm32f7xx.o
 .debug_abbrev  0x00002cc6      0x1a6 Src\usb_device.o
 .debug_abbrev  0x00002e6c      0x291 Src\usbd_conf.o
 .debug_abbrev  0x000030fd      0x211 Src\usbd_desc.o
 .debug_abbrev  0x0000330e      0x271 Src\usbd_uvc_if.o
 .debug_abbrev  0x0000357f       0x12 startup\startup_stm32f765xx.o

.debug_aranges  0x00000000      0xc28
 .debug_aranges
                0x00000000      0x110 Drivers\STM32F7xx_HAL_Driver\Src\stm32f7xx_hal.o
 .debug_aranges
                0x00000110      0x118 Drivers\STM32F7xx_HAL_Driver\Src\stm32f7xx_hal_cortex.o
 .debug_aranges
                0x00000228       0x58 Drivers\STM32F7xx_HAL_Driver\Src\stm32f7xx_hal_gpio.o
 .debug_aranges
                0x00000280      0x120 Drivers\STM32F7xx_HAL_Driver\Src\stm32f7xx_hal_pcd.o
 .debug_aranges
                0x000003a0       0x40 Drivers\STM32F7xx_HAL_Driver\Src\stm32f7xx_hal_pcd_ex.o
 .debug_aranges
                0x000003e0       0x80 Drivers\STM32F7xx_HAL_Driver\Src\stm32f7xx_hal_pwr_ex.o
 .debug_aranges
                0x00000460       0x88 Drivers\STM32F7xx_HAL_Driver\Src\stm32f7xx_hal_rcc.o
 .debug_aranges
                0x000004e8       0x50 Drivers\STM32F7xx_HAL_Driver\Src\stm32f7xx_hal_rcc_ex.o
 .debug_aranges
                0x00000538      0x180 Drivers\STM32F7xx_HAL_Driver\Src\stm32f7xx_ll_usb.o
 .debug_aranges
                0x000006b8       0x78 Middlewares\ST\STM32_USB_Device_Library\Class\UVC\Src\usb_video_core.o
 .debug_aranges
                0x00000730       0x90 Middlewares\ST\STM32_USB_Device_Library\Class\UVC\Src\usbd_uvc.o
 .debug_aranges
                0x000007c0       0xb8 Middlewares\ST\STM32_USB_Device_Library\Core\Src\usbd_core.o
 .debug_aranges
                0x00000878       0x88 Middlewares\ST\STM32_USB_Device_Library\Core\Src\usbd_ctlreq.o
 .debug_aranges
                0x00000900       0x50 Middlewares\ST\STM32_USB_Device_Library\Core\Src\usbd_ioreq.o
 .debug_aranges
                0x00000950       0x20 Src\gpio.o
 .debug_aranges
                0x00000970       0x38 Src\main.o
 .debug_aranges
                0x000009a8       0x20 Src\stm32f7xx_hal_msp.o
 .debug_aranges
                0x000009c8       0x68 Src\stm32f7xx_it.o
 .debug_aranges
                0x00000a30       0x28 Src\system_stm32f7xx.o
 .debug_aranges
                0x00000a58       0x20 Src\usb_device.o
 .debug_aranges
                0x00000a78       0xf8 Src\usbd_conf.o
 .debug_aranges
                0x00000b70       0x50 Src\usbd_desc.o
 .debug_aranges
                0x00000bc0       0x40 Src\usbd_uvc_if.o
 .debug_aranges
                0x00000c00       0x28 startup\startup_stm32f765xx.o

.debug_ranges   0x00000000      0xab0
 .debug_ranges  0x00000000      0x100 Drivers\STM32F7xx_HAL_Driver\Src\stm32f7xx_hal.o
 .debug_ranges  0x00000100      0x108 Drivers\STM32F7xx_HAL_Driver\Src\stm32f7xx_hal_cortex.o
 .debug_ranges  0x00000208       0x48 Drivers\STM32F7xx_HAL_Driver\Src\stm32f7xx_hal_gpio.o
 .debug_ranges  0x00000250      0x110 Drivers\STM32F7xx_HAL_Driver\Src\stm32f7xx_hal_pcd.o
 .debug_ranges  0x00000360       0x30 Drivers\STM32F7xx_HAL_Driver\Src\stm32f7xx_hal_pcd_ex.o
 .debug_ranges  0x00000390       0x70 Drivers\STM32F7xx_HAL_Driver\Src\stm32f7xx_hal_pwr_ex.o
 .debug_ranges  0x00000400       0x78 Drivers\STM32F7xx_HAL_Driver\Src\stm32f7xx_hal_rcc.o
 .debug_ranges  0x00000478       0x40 Drivers\STM32F7xx_HAL_Driver\Src\stm32f7xx_hal_rcc_ex.o
 .debug_ranges  0x000004b8      0x170 Drivers\STM32F7xx_HAL_Driver\Src\stm32f7xx_ll_usb.o
 .debug_ranges  0x00000628       0x68 Middlewares\ST\STM32_USB_Device_Library\Class\UVC\Src\usb_video_core.o
 .debug_ranges  0x00000690       0x80 Middlewares\ST\STM32_USB_Device_Library\Class\UVC\Src\usbd_uvc.o
 .debug_ranges  0x00000710       0xa8 Middlewares\ST\STM32_USB_Device_Library\Core\Src\usbd_core.o
 .debug_ranges  0x000007b8       0x78 Middlewares\ST\STM32_USB_Device_Library\Core\Src\usbd_ctlreq.o
 .debug_ranges  0x00000830       0x40 Middlewares\ST\STM32_USB_Device_Library\Core\Src\usbd_ioreq.o
 .debug_ranges  0x00000870       0x10 Src\gpio.o
 .debug_ranges  0x00000880       0x28 Src\main.o
 .debug_ranges  0x000008a8       0x10 Src\stm32f7xx_hal_msp.o
 .debug_ranges  0x000008b8       0x58 Src\stm32f7xx_it.o
 .debug_ranges  0x00000910       0x18 Src\system_stm32f7xx.o
 .debug_ranges  0x00000928       0x10 Src\usb_device.o
 .debug_ranges  0x00000938       0xe8 Src\usbd_conf.o
 .debug_ranges  0x00000a20       0x40 Src\usbd_desc.o
 .debug_ranges  0x00000a60       0x30 Src\usbd_uvc_if.o
 .debug_ranges  0x00000a90       0x20 startup\startup_stm32f765xx.o

.debug_line     0x00000000     0x7333
 .debug_line    0x00000000      0x4fd Drivers\STM32F7xx_HAL_Driver\Src\stm32f7xx_hal.o
 .debug_line    0x000004fd      0x782 Drivers\STM32F7xx_HAL_Driver\Src\stm32f7xx_hal_cortex.o
 .debug_line    0x00000c7f      0x706 Drivers\STM32F7xx_HAL_Driver\Src\stm32f7xx_hal_gpio.o
 .debug_line    0x00001385      0x83f Drivers\STM32F7xx_HAL_Driver\Src\stm32f7xx_hal_pcd.o
 .debug_line    0x00001bc4      0x361 Drivers\STM32F7xx_HAL_Driver\Src\stm32f7xx_hal_pcd_ex.o
 .debug_line    0x00001f25      0x42c Drivers\STM32F7xx_HAL_Driver\Src\stm32f7xx_hal_pwr_ex.o
 .debug_line    0x00002351      0x776 Drivers\STM32F7xx_HAL_Driver\Src\stm32f7xx_hal_rcc.o
 .debug_line    0x00002ac7      0x8e3 Drivers\STM32F7xx_HAL_Driver\Src\stm32f7xx_hal_rcc_ex.o
 .debug_line    0x000033aa      0x916 Drivers\STM32F7xx_HAL_Driver\Src\stm32f7xx_ll_usb.o
 .debug_line    0x00003cc0      0x4b3 Middlewares\ST\STM32_USB_Device_Library\Class\UVC\Src\usb_video_core.o
 .debug_line    0x00004173      0x4f5 Middlewares\ST\STM32_USB_Device_Library\Class\UVC\Src\usbd_uvc.o
 .debug_line    0x00004668      0x4fa Middlewares\ST\STM32_USB_Device_Library\Core\Src\usbd_core.o
 .debug_line    0x00004b62      0x53c Middlewares\ST\STM32_USB_Device_Library\Core\Src\usbd_ctlreq.o
 .debug_line    0x0000509e      0x37d Middlewares\ST\STM32_USB_Device_Library\Core\Src\usbd_ioreq.o
 .debug_line    0x0000541b      0x239 Src\gpio.o
 .debug_line    0x00005654      0x3be Src\main.o
 .debug_line    0x00005a12      0x24a Src\stm32f7xx_hal_msp.o
 .debug_line    0x00005c5c      0x351 Src\stm32f7xx_it.o
 .debug_line    0x00005fad      0x26e Src\system_stm32f7xx.o
 .debug_line    0x0000621b      0x37a Src\usb_device.o
 .debug_line    0x00006595      0x62b Src\usbd_conf.o
 .debug_line    0x00006bc0      0x366 Src\usbd_desc.o
 .debug_line    0x00006f26      0x38e Src\usbd_uvc_if.o
 .debug_line    0x000072b4       0x7f startup\startup_stm32f765xx.o

.debug_str      0x00000000     0x414e
 .debug_str     0x00000000     0x10ba Drivers\STM32F7xx_HAL_Driver\Src\stm32f7xx_hal.o
                               0x1161 (size before relaxing)
 .debug_str     0x000010ba      0x4ea Drivers\STM32F7xx_HAL_Driver\Src\stm32f7xx_hal_cortex.o
                               0x12bd (size before relaxing)
 .debug_str     0x000015a4      0x1a1 Drivers\STM32F7xx_HAL_Driver\Src\stm32f7xx_hal_gpio.o
                                0x99e (size before relaxing)
 .debug_str     0x00001745      0x889 Drivers\STM32F7xx_HAL_Driver\Src\stm32f7xx_hal_pcd.o
                                0xf43 (size before relaxing)
 .debug_str     0x00001fce       0xd9 Drivers\STM32F7xx_HAL_Driver\Src\stm32f7xx_hal_pcd_ex.o
                                0xb3d (size before relaxing)
 .debug_str     0x000020a7      0x21a Drivers\STM32F7xx_HAL_Driver\Src\stm32f7xx_hal_pwr_ex.o
                                0xaed (size before relaxing)
 .debug_str     0x000022c1      0x30c Drivers\STM32F7xx_HAL_Driver\Src\stm32f7xx_hal_rcc.o
                                0xb5e (size before relaxing)
 .debug_str     0x000025cd      0x3fb Drivers\STM32F7xx_HAL_Driver\Src\stm32f7xx_hal_rcc_ex.o
                                0xbce (size before relaxing)
 .debug_str     0x000029c8      0x5c5 Drivers\STM32F7xx_HAL_Driver\Src\stm32f7xx_ll_usb.o
                               0x106f (size before relaxing)
 .debug_str     0x00002f8d      0x554 Middlewares\ST\STM32_USB_Device_Library\Class\UVC\Src\usb_video_core.o
                                0xc1c (size before relaxing)
 .debug_str     0x000034e1      0x413 Middlewares\ST\STM32_USB_Device_Library\Class\UVC\Src\usbd_uvc.o
                                0xd11 (size before relaxing)
 .debug_str     0x000038f4      0x1c1 Middlewares\ST\STM32_USB_Device_Library\Core\Src\usbd_core.o
                                0xc19 (size before relaxing)
 .debug_str     0x00003ab5      0x126 Middlewares\ST\STM32_USB_Device_Library\Core\Src\usbd_ctlreq.o
                                0xb59 (size before relaxing)
 .debug_str     0x00003bdb       0xc9 Middlewares\ST\STM32_USB_Device_Library\Core\Src\usbd_ioreq.o
                                0xae1 (size before relaxing)
 .debug_str     0x00003ca4       0x1b Src\gpio.o
                                0x77a (size before relaxing)
 .debug_str     0x00003cbf       0x69 Src\main.o
                               0x157a (size before relaxing)
 .debug_str     0x00003d28       0x1b Src\stm32f7xx_hal_msp.o
                                0xc84 (size before relaxing)
 .debug_str     0x00003d43       0xc8 Src\stm32f7xx_it.o
                                0xac1 (size before relaxing)
 .debug_str     0x00003e0b       0x45 Src\system_stm32f7xx.o
                                0x8cb (size before relaxing)
 .debug_str     0x00003e50       0x3e Src\usb_device.o
                                0xac4 (size before relaxing)
 .debug_str     0x00003e8e      0x132 Src\usbd_conf.o
                               0x1965 (size before relaxing)
 .debug_str     0x00003fc0      0x10e Src\usbd_desc.o
                                0x888 (size before relaxing)
 .debug_str     0x000040ce       0x80 Src\usbd_uvc_if.o
                                0xb59 (size before relaxing)

.comment        0x00000000       0x7c
 .comment       0x00000000       0x7c Drivers\STM32F7xx_HAL_Driver\Src\stm32f7xx_hal.o
                                 0x7d (size before relaxing)
 .comment       0x0000007c       0x7d Drivers\STM32F7xx_HAL_Driver\Src\stm32f7xx_hal_cortex.o
 .comment       0x0000007c       0x7d Drivers\STM32F7xx_HAL_Driver\Src\stm32f7xx_hal_gpio.o
 .comment       0x0000007c       0x7d Drivers\STM32F7xx_HAL_Driver\Src\stm32f7xx_hal_pcd.o
 .comment       0x0000007c       0x7d Drivers\STM32F7xx_HAL_Driver\Src\stm32f7xx_hal_pcd_ex.o
 .comment       0x0000007c       0x7d Drivers\STM32F7xx_HAL_Driver\Src\stm32f7xx_hal_pwr_ex.o
 .comment       0x0000007c       0x7d Drivers\STM32F7xx_HAL_Driver\Src\stm32f7xx_hal_rcc.o
 .comment       0x0000007c       0x7d Drivers\STM32F7xx_HAL_Driver\Src\stm32f7xx_hal_rcc_ex.o
 .comment       0x0000007c       0x7d Drivers\STM32F7xx_HAL_Driver\Src\stm32f7xx_ll_usb.o
 .comment       0x0000007c       0x7d Middlewares\ST\STM32_USB_Device_Library\Class\UVC\Src\usb_video_core.o
 .comment       0x0000007c       0x7d Middlewares\ST\STM32_USB_Device_Library\Class\UVC\Src\usbd_uvc.o
 .comment       0x0000007c       0x7d Middlewares\ST\STM32_USB_Device_Library\Core\Src\usbd_core.o
 .comment       0x0000007c       0x7d Middlewares\ST\STM32_USB_Device_Library\Core\Src\usbd_ctlreq.o
 .comment       0x0000007c       0x7d Middlewares\ST\STM32_USB_Device_Library\Core\Src\usbd_ioreq.o
 .comment       0x0000007c       0x7d Src\gpio.o
 .comment       0x0000007c       0x7d Src\main.o
 .comment       0x0000007c       0x7d Src\stm32f7xx_hal_msp.o
 .comment       0x0000007c       0x7d Src\stm32f7xx_it.o
 .comment       0x0000007c       0x7d Src\system_stm32f7xx.o
 .comment       0x0000007c       0x7d Src\usb_device.o
 .comment       0x0000007c       0x7d Src\usbd_conf.o
 .comment       0x0000007c       0x7d Src\usbd_desc.o
 .comment       0x0000007c       0x7d Src\usbd_uvc_if.o

.debug_frame    0x00000000     0x2ee0
 .debug_frame   0x00000000      0x3f4 Drivers\STM32F7xx_HAL_Driver\Src\stm32f7xx_hal.o
 .debug_frame   0x000003f4      0x494 Drivers\STM32F7xx_HAL_Driver\Src\stm32f7xx_hal_cortex.o
 .debug_frame   0x00000888      0x13c Drivers\STM32F7xx_HAL_Driver\Src\stm32f7xx_hal_gpio.o
 .debug_frame   0x000009c4      0x508 Drivers\STM32F7xx_HAL_Driver\Src\stm32f7xx_hal_pcd.o
 .debug_frame   0x00000ecc       0xd8 Drivers\STM32F7xx_HAL_Driver\Src\stm32f7xx_hal_pcd_ex.o
 .debug_frame   0x00000fa4      0x1c8 Drivers\STM32F7xx_HAL_Driver\Src\stm32f7xx_hal_pwr_ex.o
 .debug_frame   0x0000116c      0x200 Drivers\STM32F7xx_HAL_Driver\Src\stm32f7xx_hal_rcc.o
 .debug_frame   0x0000136c      0x118 Drivers\STM32F7xx_HAL_Driver\Src\stm32f7xx_hal_rcc_ex.o
 .debug_frame   0x00001484      0x718 Drivers\STM32F7xx_HAL_Driver\Src\stm32f7xx_ll_usb.o
 .debug_frame   0x00001b9c      0x1d4 Middlewares\ST\STM32_USB_Device_Library\Class\UVC\Src\usb_video_core.o
 .debug_frame   0x00001d70      0x24c Middlewares\ST\STM32_USB_Device_Library\Class\UVC\Src\usbd_uvc.o
 .debug_frame   0x00001fbc      0x300 Middlewares\ST\STM32_USB_Device_Library\Core\Src\usbd_core.o
 .debug_frame   0x000022bc      0x210 Middlewares\ST\STM32_USB_Device_Library\Core\Src\usbd_ctlreq.o
 .debug_frame   0x000024cc      0x10c Middlewares\ST\STM32_USB_Device_Library\Core\Src\usbd_ioreq.o
 .debug_frame   0x000025d8       0x38 Src\gpio.o
 .debug_frame   0x00002610       0x98 Src\main.o
 .debug_frame   0x000026a8       0x2c Src\stm32f7xx_hal_msp.o
 .debug_frame   0x000026d4      0x128 Src\stm32f7xx_it.o
 .debug_frame   0x000027fc       0x58 Src\system_stm32f7xx.o
 .debug_frame   0x00002854       0x2c Src\usb_device.o
 .debug_frame   0x00002880      0x404 Src\usbd_conf.o
 .debug_frame   0x00002c84      0x114 Src\usbd_desc.o
 .debug_frame   0x00002d98       0xbc Src\usbd_uvc_if.o
 .debug_frame   0x00002e54       0x2c d:/program files (x86)/atollic/truestudio for stm32 9.0.0/armtools/bin/../lib/gcc/arm-atollic-eabi/6.3.1/../../../../arm-atollic-eabi/lib/armv7e-m/fpu/fpv5-d16\libc_nano.a(lib_a-init.o)
 .debug_frame   0x00002e80       0x2c d:/program files (x86)/atollic/truestudio for stm32 9.0.0/armtools/bin/../lib/gcc/arm-atollic-eabi/6.3.1/armv7e-m/fpu/fpv5-d16\libgcc.a(_aeabi_uldivmod.o)
 .debug_frame   0x00002eac       0x34 d:/program files (x86)/atollic/truestudio for stm32 9.0.0/armtools/bin/../lib/gcc/arm-atollic-eabi/6.3.1/armv7e-m/fpu/fpv5-d16\libgcc.a(_udivmoddi4.o)
