Archive member included to satisfy reference by file (symbol)

d:/program files (x86)/atollic/truestudio for stm32 9.0.0/armtools/bin/../lib/gcc/arm-atollic-eabi/6.3.1/../../../../arm-atollic-eabi/lib/armv7e-m/fpu/fpv5-d16\libc_nano.a(lib_a-init.o)
                              startup\startup_stm32f765xx.o (__libc_init_array)
d:/program files (x86)/atollic/truestudio for stm32 9.0.0/armtools/bin/../lib/gcc/arm-atollic-eabi/6.3.1/../../../../arm-atollic-eabi/lib/armv7e-m/fpu/fpv5-d16\libc_nano.a(lib_a-malloc.o)
                              Middlewares\ST\STM32_USB_Device_Library\Class\CDC\Src\usbd_cdc.o (malloc)
d:/program files (x86)/atollic/truestudio for stm32 9.0.0/armtools/bin/../lib/gcc/arm-atollic-eabi/6.3.1/../../../../arm-atollic-eabi/lib/armv7e-m/fpu/fpv5-d16\libc_nano.a(lib_a-nano-freer.o)
                              d:/program files (x86)/atollic/truestudio for stm32 9.0.0/armtools/bin/../lib/gcc/arm-atollic-eabi/6.3.1/../../../../arm-atollic-eabi/lib/armv7e-m/fpu/fpv5-d16\libc_nano.a(lib_a-malloc.o) (_free_r)
d:/program files (x86)/atollic/truestudio for stm32 9.0.0/armtools/bin/../lib/gcc/arm-atollic-eabi/6.3.1/../../../../arm-atollic-eabi/lib/armv7e-m/fpu/fpv5-d16\libc_nano.a(lib_a-nano-mallocr.o)
                              d:/program files (x86)/atollic/truestudio for stm32 9.0.0/armtools/bin/../lib/gcc/arm-atollic-eabi/6.3.1/../../../../arm-atollic-eabi/lib/armv7e-m/fpu/fpv5-d16\libc_nano.a(lib_a-malloc.o) (_malloc_r)
d:/program files (x86)/atollic/truestudio for stm32 9.0.0/armtools/bin/../lib/gcc/arm-atollic-eabi/6.3.1/../../../../arm-atollic-eabi/lib/armv7e-m/fpu/fpv5-d16\libc_nano.a(lib_a-sbrkr.o)
                              d:/program files (x86)/atollic/truestudio for stm32 9.0.0/armtools/bin/../lib/gcc/arm-atollic-eabi/6.3.1/../../../../arm-atollic-eabi/lib/armv7e-m/fpu/fpv5-d16\libc_nano.a(lib_a-nano-mallocr.o) (_sbrk_r)
d:/program files (x86)/atollic/truestudio for stm32 9.0.0/armtools/bin/../lib/gcc/arm-atollic-eabi/6.3.1/../../../../arm-atollic-eabi/lib/armv7e-m/fpu/fpv5-d16\libc_nano.a(lib_a-impure.o)
                              d:/program files (x86)/atollic/truestudio for stm32 9.0.0/armtools/bin/../lib/gcc/arm-atollic-eabi/6.3.1/../../../../arm-atollic-eabi/lib/armv7e-m/fpu/fpv5-d16\libc_nano.a(lib_a-malloc.o) (_impure_ptr)
d:/program files (x86)/atollic/truestudio for stm32 9.0.0/armtools/bin/../lib/gcc/arm-atollic-eabi/6.3.1/../../../../arm-atollic-eabi/lib/armv7e-m/fpu/fpv5-d16\libc_nano.a(lib_a-mlock.o)
                              d:/program files (x86)/atollic/truestudio for stm32 9.0.0/armtools/bin/../lib/gcc/arm-atollic-eabi/6.3.1/../../../../arm-atollic-eabi/lib/armv7e-m/fpu/fpv5-d16\libc_nano.a(lib_a-nano-freer.o) (__malloc_lock)
d:/program files (x86)/atollic/truestudio for stm32 9.0.0/armtools/bin/../lib/gcc/arm-atollic-eabi/6.3.1/../../../../arm-atollic-eabi/lib/armv7e-m/fpu/fpv5-d16\libc_nano.a(lib_a-reent.o)
                              d:/program files (x86)/atollic/truestudio for stm32 9.0.0/armtools/bin/../lib/gcc/arm-atollic-eabi/6.3.1/../../../../arm-atollic-eabi/lib/armv7e-m/fpu/fpv5-d16\libc_nano.a(lib_a-sbrkr.o) (errno)
d:/program files (x86)/atollic/truestudio for stm32 9.0.0/armtools/bin/../lib/gcc/arm-atollic-eabi/6.3.1/armv7e-m/fpu/fpv5-d16\libgcc.a(_aeabi_uldivmod.o)
                              Drivers\STM32F7xx_HAL_Driver\Src\stm32f7xx_hal_rcc.o (__aeabi_uldivmod)
d:/program files (x86)/atollic/truestudio for stm32 9.0.0/armtools/bin/../lib/gcc/arm-atollic-eabi/6.3.1/armv7e-m/fpu/fpv5-d16\libgcc.a(_udivmoddi4.o)
                              d:/program files (x86)/atollic/truestudio for stm32 9.0.0/armtools/bin/../lib/gcc/arm-atollic-eabi/6.3.1/armv7e-m/fpu/fpv5-d16\libgcc.a(_aeabi_uldivmod.o) (__udivmoddi4)
d:/program files (x86)/atollic/truestudio for stm32 9.0.0/armtools/bin/../lib/gcc/arm-atollic-eabi/6.3.1/armv7e-m/fpu/fpv5-d16\libgcc.a(_dvmd_tls.o)
                              d:/program files (x86)/atollic/truestudio for stm32 9.0.0/armtools/bin/../lib/gcc/arm-atollic-eabi/6.3.1/armv7e-m/fpu/fpv5-d16\libgcc.a(_aeabi_uldivmod.o) (__aeabi_ldiv0)
d:/program files (x86)/atollic/truestudio for stm32 9.0.0/armtools/bin/../lib/gcc/arm-atollic-eabi/6.3.1/../../../../arm-atollic-eabi/lib/armv7e-m/fpu/fpv5-d16\libnosys.a(sbrk.o)
                              d:/program files (x86)/atollic/truestudio for stm32 9.0.0/armtools/bin/../lib/gcc/arm-atollic-eabi/6.3.1/../../../../arm-atollic-eabi/lib/armv7e-m/fpu/fpv5-d16\libc_nano.a(lib_a-sbrkr.o) (_sbrk)

Allocating common symbols
Common symbol       size              file

hUsbDeviceFS        0x224             Src\usb_device.o
errno               0x4               d:/program files (x86)/atollic/truestudio for stm32 9.0.0/armtools/bin/../lib/gcc/arm-atollic-eabi/6.3.1/../../../../arm-atollic-eabi/lib/armv7e-m/fpu/fpv5-d16\libc_nano.a(lib_a-reent.o)
hpcd_USB_OTG_FS     0x400             Src\usbd_conf.o
uwTick              0x4               Drivers\STM32F7xx_HAL_Driver\Src\stm32f7xx_hal.o
[...]
Memory Configuration

Name             Origin             Length             Attributes
RAM              0x20000000         0x00080000         xrw
FLASH            0x08000000         0x00200000         xr
*default*        0x00000000         0xffffffff

Linker script and memory map

LOAD d:/program files (x86)/atollic/truestudio for stm32 9.0.0/armtools/bin/../lib/gcc/arm-atollic-eabi/6.3.1/armv7e-m/fpu/fpv5-d16/crti.o
LOAD d:/program files (x86)/atollic/truestudio for stm32 9.0.0/armtools/bin/../lib/gcc/arm-atollic-eabi/6.3.1/armv7e-m/fpu/fpv5-d16/crtbegin.o
LOAD Drivers\STM32F7xx_HAL_Driver\Src\stm32f7xx_hal.o
LOAD Drivers\STM32F7xx_HAL_Driver\Src\stm32f7xx_hal_cortex.o
LOAD Drivers\STM32F7xx_HAL_Driver\Src\stm32f7xx_hal_dma.o
LOAD Drivers\STM32F7xx_HAL_Driver\Src\stm32f7xx_hal_dma_ex.o
LOAD Drivers\STM32F7xx_HAL_Driver\Src\stm32f7xx_hal_flash.o
LOAD Drivers\STM32F7xx_HAL_Driver\Src\stm32f7xx_hal_flash_ex.o
LOAD Drivers\STM32F7xx_HAL_Driver\Src\stm32f7xx_hal_gpio.o
LOAD Drivers\STM32F7xx_HAL_Driver\Src\stm32f7xx_hal_i2c.o
LOAD Drivers\STM32F7xx_HAL_Driver\Src\stm32f7xx_hal_i2c_ex.o
LOAD Drivers\STM32F7xx_HAL_Driver\Src\stm32f7xx_hal_pcd.o
LOAD Drivers\STM32F7xx_HAL_Driver\Src\stm32f7xx_hal_pcd_ex.o
LOAD Drivers\STM32F7xx_HAL_Driver\Src\stm32f7xx_hal_pwr.o
LOAD Drivers\STM32F7xx_HAL_Driver\Src\stm32f7xx_hal_pwr_ex.o
LOAD Drivers\STM32F7xx_HAL_Driver\Src\stm32f7xx_hal_rcc.o
LOAD Drivers\STM32F7xx_HAL_Driver\Src\stm32f7xx_hal_rcc_ex.o
LOAD Drivers\STM32F7xx_HAL_Driver\Src\stm32f7xx_hal_tim.o
LOAD Drivers\STM32F7xx_HAL_Driver\Src\stm32f7xx_hal_tim_ex.o
LOAD Drivers\STM32F7xx_HAL_Driver\Src\stm32f7xx_ll_usb.o
LOAD Middlewares\ST\STM32_USB_Device_Library\Class\CDC\Src\usbd_cdc.o
LOAD Middlewares\ST\STM32_USB_Device_Library\Core\Src\usbd_core.o
LOAD Middlewares\ST\STM32_USB_Device_Library\Core\Src\usbd_ctlreq.o
LOAD Middlewares\ST\STM32_USB_Device_Library\Core\Src\usbd_ioreq.o
LOAD Src\gpio.o
LOAD Src\main.o
LOAD Src\stm32f7xx_hal_msp.o
LOAD Src\stm32f7xx_it.o
LOAD Src\system_stm32f7xx.o
LOAD Src\usb_device.o
LOAD Src\usbd_cdc_if.o
LOAD Src\usbd_conf.o
LOAD Src\usbd_desc.o
LOAD startup\startup_stm32f765xx.o
                0x00000080                malloc_getpagesize_P = 0x80
START GROUP
LOAD d:/program files (x86)/atollic/truestudio for stm32 9.0.0/armtools/bin/../lib/gcc/arm-atollic-eabi/6.3.1/../../../../arm-atollic-eabi/lib/armv7e-m/fpu/fpv5-d16\libc_nano.a
LOAD d:/program files (x86)/atollic/truestudio for stm32 9.0.0/armtools/bin/../lib/gcc/arm-atollic-eabi/6.3.1/../../../../arm-atollic-eabi/lib/armv7e-m/fpu/fpv5-d16\libm.a
END GROUP
START GROUP
LOAD d:/program files (x86)/atollic/truestudio for stm32 9.0.0/armtools/bin/../lib/gcc/arm-atollic-eabi/6.3.1/armv7e-m/fpu/fpv5-d16\libgcc.a
LOAD d:/program files (x86)/atollic/truestudio for stm32 9.0.0/armtools/bin/../lib/gcc/arm-atollic-eabi/6.3.1/../../../../arm-atollic-eabi/lib/armv7e-m/fpu/fpv5-d16\libc_nano.a
END GROUP
START GROUP
LOAD d:/program files (x86)/atollic/truestudio for stm32 9.0.0/armtools/bin/../lib/gcc/arm-atollic-eabi/6.3.1/armv7e-m/fpu/fpv5-d16\libgcc.a
LOAD d:/program files (x86)/atollic/truestudio for stm32 9.0.0/armtools/bin/../lib/gcc/arm-atollic-eabi/6.3.1/../../../../arm-atollic-eabi/lib/armv7e-m/fpu/fpv5-d16\libc_nano.a
LOAD d:/program files (x86)/atollic/truestudio for stm32 9.0.0/armtools/bin/../lib/gcc/arm-atollic-eabi/6.3.1/../../../../arm-atollic-eabi/lib/armv7e-m/fpu/fpv5-d16\libnosys.a
END GROUP
START GROUP
LOAD d:/program files (x86)/atollic/truestudio for stm32 9.0.0/armtools/bin/../lib/gcc/arm-atollic-eabi/6.3.1/armv7e-m/fpu/fpv5-d16\libgcc.a
LOAD d:/program files (x86)/atollic/truestudio for stm32 9.0.0/armtools/bin/../lib/gcc/arm-atollic-eabi/6.3.1/../../../../arm-atollic-eabi/lib/armv7e-m/fpu/fpv5-d16\libc_nano.a
LOAD d:/program files (x86)/atollic/truestudio for stm32 9.0.0/armtools/bin/../lib/gcc/arm-atollic-eabi/6.3.1/../../../../arm-atollic-eabi/lib/armv7e-m/fpu/fpv5-d16\libnosys.a
END GROUP
LOAD d:/program files (x86)/atollic/truestudio for stm32 9.0.0/armtools/bin/../lib/gcc/arm-atollic-eabi/6.3.1/armv7e-m/fpu/fpv5-d16/crtend.o
LOAD d:/program files (x86)/atollic/truestudio for stm32 9.0.0/armtools/bin/../lib/gcc/arm-atollic-eabi/6.3.1/armv7e-m/fpu/fpv5-d16/crtn.o
                0x20080000                _estack = 0x20080000
                0x00000200                _Min_Heap_Size = 0x200
                0x00000400                _Min_Stack_Size = 0x400

.isr_vector     0x08000000      0x1f8
                0x08000000                . = ALIGN (0x4)
 *(.isr_vector)
 .isr_vector    0x08000000      0x1f8 startup\startup_stm32f765xx.o
                0x08000000                g_pfnVectors
                0x080001f8                . = ALIGN (0x4)

.text           0x080001f8     0x3a14
                0x080001f8                . = ALIGN (0x4)
 *(.text)
 .text          0x080001f8       0x40 d:/program files (x86)/atollic/truestudio for stm32 9.0.0/armtools/bin/../lib/gcc/arm-atollic-eabi/6.3.1/armv7e-m/fpu/fpv5-d16/crtbegin.o
 .text          0x08000238       0x30 d:/program files (x86)/atollic/truestudio for stm32 9.0.0/armtools/bin/../lib/gcc/arm-atollic-eabi/6.3.1/armv7e-m/fpu/fpv5-d16\libgcc.a(_aeabi_uldivmod.o)
                0x08000238                __aeabi_uldivmod
 .text          0x08000268      0x2dc d:/program files (x86)/atollic/truestudio for stm32 9.0.0/armtools/bin/../lib/gcc/arm-atollic-eabi/6.3.1/armv7e-m/fpu/fpv5-d16\libgcc.a(_udivmoddi4.o)
                0x08000268                __udivmoddi4
 .text          0x08000544        0x4 d:/program files (x86)/atollic/truestudio for stm32 9.0.0/armtools/bin/../lib/gcc/arm-atollic-eabi/6.3.1/armv7e-m/fpu/fpv5-d16\libgcc.a(_dvmd_tls.o)
                0x08000544                __aeabi_idiv0
                0x08000544                __aeabi_ldiv0
 *(.text*)
 .text.HAL_InitTick
                0x08000548       0x48 Drivers\STM32F7xx_HAL_Driver\Src\stm32f7xx_hal.o
                0x08000548                HAL_InitTick
 .text.HAL_Init
                0x08000590       0x16 Drivers\STM32F7xx_HAL_Driver\Src\stm32f7xx_hal.o
                0x08000590                HAL_Init
 *fill*         0x080005a6        0x2 
 .text.HAL_IncTick
                0x080005a8       0x18 Drivers\STM32F7xx_HAL_Driver\Src\stm32f7xx_hal.o
                0x080005a8                HAL_IncTick
 .text.HAL_GetTick
                0x080005c0        0xc Drivers\STM32F7xx_HAL_Driver\Src\stm32f7xx_hal.o
                0x080005c0                HAL_GetTick
 .text.HAL_Delay
                0x080005cc       0x24 Drivers\STM32F7xx_HAL_Driver\Src\stm32f7xx_hal.o
                0x080005cc                HAL_Delay
 .text.HAL_NVIC_SetPriorityGrouping
                0x080005f0       0x3c Drivers\STM32F7xx_HAL_Driver\Src\stm32f7xx_hal_cortex.o
                0x080005f0                HAL_NVIC_SetPriorityGrouping
 .text.HAL_NVIC_SetPriority
                0x0800062c       0x90 Drivers\STM32F7xx_HAL_Driver\Src\stm32f7xx_hal_cortex.o
                0x0800062c                HAL_NVIC_SetPriority
 .text.HAL_NVIC_EnableIRQ
                0x080006bc       0x2c Drivers\STM32F7xx_HAL_Driver\Src\stm32f7xx_hal_cortex.o
                0x080006bc                HAL_NVIC_EnableIRQ
 .text.HAL_SYSTICK_Config
                0x080006e8       0x2c Drivers\STM32F7xx_HAL_Driver\Src\stm32f7xx_hal_cortex.o
                0x080006e8                HAL_SYSTICK_Config
 .text.HAL_SYSTICK_CLKSourceConfig
                0x08000714       0x30 Drivers\STM32F7xx_HAL_Driver\Src\stm32f7xx_hal_cortex.o
                0x08000714                HAL_SYSTICK_CLKSourceConfig
 .text.HAL_SYSTICK_Callback
                0x08000744        0x2 Drivers\STM32F7xx_HAL_Driver\Src\stm32f7xx_hal_cortex.o
                0x08000744                HAL_SYSTICK_Callback
 .text.HAL_SYSTICK_IRQHandler
                0x08000746        0x8 Drivers\STM32F7xx_HAL_Driver\Src\stm32f7xx_hal_cortex.o
                0x08000746                HAL_SYSTICK_IRQHandler
 *fill*         0x0800074e        0x2 
 .text.HAL_GPIO_Init
                0x08000750      0x2ac Drivers\STM32F7xx_HAL_Driver\Src\stm32f7xx_hal_gpio.o
                0x08000750                HAL_GPIO_Init
 .text.HAL_PCD_Init
                0x080009fc      0x100 Drivers\STM32F7xx_HAL_Driver\Src\stm32f7xx_hal_pcd.o
                0x080009fc                HAL_PCD_Init
 .text.HAL_PCD_Start
                0x08000afc       0x2a Drivers\STM32F7xx_HAL_Driver\Src\stm32f7xx_hal_pcd.o
                0x08000afc                HAL_PCD_Start
 *fill*         0x08000b26        0x2 
 .text.HAL_PCD_IRQHandler
                0x08000b28      0x5fc Drivers\STM32F7xx_HAL_Driver\Src\stm32f7xx_hal_pcd.o
                0x08000b28                HAL_PCD_IRQHandler
 .text.HAL_PCD_SetAddress
                0x08001124       0x24 Drivers\STM32F7xx_HAL_Driver\Src\stm32f7xx_hal_pcd.o
                0x08001124                HAL_PCD_SetAddress
 .text.HAL_PCD_EP_Open
                0x08001148       0x60 Drivers\STM32F7xx_HAL_Driver\Src\stm32f7xx_hal_pcd.o
                0x08001148                HAL_PCD_EP_Open
 .text.HAL_PCD_EP_Close
                0x080011a8       0x46 Drivers\STM32F7xx_HAL_Driver\Src\stm32f7xx_hal_pcd.o
                0x080011a8                HAL_PCD_EP_Close
 .text.HAL_PCD_EP_Receive
                0x080011ee       0x48 Drivers\STM32F7xx_HAL_Driver\Src\stm32f7xx_hal_pcd.o
                0x080011ee                HAL_PCD_EP_Receive
 .text.HAL_PCD_EP_GetRxCount
                0x08001236       0x10 Drivers\STM32F7xx_HAL_Driver\Src\stm32f7xx_hal_pcd.o
                0x08001236                HAL_PCD_EP_GetRxCount
 .text.HAL_PCD_EP_Transmit
                0x08001246       0x40 Drivers\STM32F7xx_HAL_Driver\Src\stm32f7xx_hal_pcd.o
                0x08001246                HAL_PCD_EP_Transmit
 .text.HAL_PCD_EP_SetStall
                0x08001286       0x6c Drivers\STM32F7xx_HAL_Driver\Src\stm32f7xx_hal_pcd.o
                0x08001286                HAL_PCD_EP_SetStall
 .text.HAL_PCD_EP_ClrStall
                0x080012f2       0x58 Drivers\STM32F7xx_HAL_Driver\Src\stm32f7xx_hal_pcd.o
                0x080012f2                HAL_PCD_EP_ClrStall
 .text.HAL_PCDEx_SetTxFiFo
                0x0800134a       0x40 Drivers\STM32F7xx_HAL_Driver\Src\stm32f7xx_hal_pcd_ex.o
                0x0800134a                HAL_PCDEx_SetTxFiFo
 .text.HAL_PCDEx_SetRxFiFo
                0x0800138a        0x8 Drivers\STM32F7xx_HAL_Driver\Src\stm32f7xx_hal_pcd_ex.o
                0x0800138a                HAL_PCDEx_SetRxFiFo
 .text.HAL_PCDEx_ActivateLPM
                0x08001392       0x26 Drivers\STM32F7xx_HAL_Driver\Src\stm32f7xx_hal_pcd_ex.o
                0x08001392                HAL_PCDEx_ActivateLPM
 .text.HAL_PWREx_EnableOverDrive
                0x080013b8       0x70 Drivers\STM32F7xx_HAL_Driver\Src\stm32f7xx_hal_pwr_ex.o
                0x080013b8                HAL_PWREx_EnableOverDrive
 .text.HAL_RCC_OscConfig
                0x08001428      0x430 Drivers\STM32F7xx_HAL_Driver\Src\stm32f7xx_hal_rcc.o
                0x08001428                HAL_RCC_OscConfig
 .text.HAL_RCC_GetSysClockFreq
                0x08001858       0x5c Drivers\STM32F7xx_HAL_Driver\Src\stm32f7xx_hal_rcc.o
                0x08001858                HAL_RCC_GetSysClockFreq
 .text.HAL_RCC_ClockConfig
                0x080018b4      0x1f0 Drivers\STM32F7xx_HAL_Driver\Src\stm32f7xx_hal_rcc.o
                0x080018b4                HAL_RCC_ClockConfig
 .text.HAL_RCC_GetHCLKFreq
                0x08001aa4        0xc Drivers\STM32F7xx_HAL_Driver\Src\stm32f7xx_hal_rcc.o
                0x08001aa4                HAL_RCC_GetHCLKFreq
 .text.HAL_RCCEx_PeriphCLKConfig
                0x08001ab0      0x878 Drivers\STM32F7xx_HAL_Driver\Src\stm32f7xx_hal_rcc_ex.o
                0x08001ab0                HAL_RCCEx_PeriphCLKConfig
 .text.USB_CoreReset
                0x08002328       0x30 Drivers\STM32F7xx_HAL_Driver\Src\stm32f7xx_ll_usb.o
 .text.USB_CoreInit
                0x08002358       0x76 Drivers\STM32F7xx_HAL_Driver\Src\stm32f7xx_ll_usb.o
                0x08002358                USB_CoreInit
 .text.USB_EnableGlobalInt
                0x080023ce        0xc Drivers\STM32F7xx_HAL_Driver\Src\stm32f7xx_ll_usb.o
                0x080023ce                USB_EnableGlobalInt
 .text.USB_DisableGlobalInt
                0x080023da        0xc Drivers\STM32F7xx_HAL_Driver\Src\stm32f7xx_ll_usb.o
                0x080023da                USB_DisableGlobalInt
 .text.USB_SetCurrentMode
                0x080023e6       0x2c Drivers\STM32F7xx_HAL_Driver\Src\stm32f7xx_ll_usb.o
                0x080023e6                USB_SetCurrentMode
 *fill*         0x08002412        0x2 
 .text.USB_FlushTxFifo
                0x08002414       0x24 Drivers\STM32F7xx_HAL_Driver\Src\stm32f7xx_ll_usb.o
                0x08002414                USB_FlushTxFifo
 .text.USB_FlushRxFifo
                0x08002438       0x20 Drivers\STM32F7xx_HAL_Driver\Src\stm32f7xx_ll_usb.o
                0x08002438                USB_FlushRxFifo
 .text.USB_SetDevSpeed
                0x08002458        0xe Drivers\STM32F7xx_HAL_Driver\Src\stm32f7xx_ll_usb.o
                0x08002458                USB_SetDevSpeed
 *fill*         0x08002466        0x2 
 .text.USB_DevInit
                0x08002468      0x14c Drivers\STM32F7xx_HAL_Driver\Src\stm32f7xx_ll_usb.o
                0x08002468                USB_DevInit
 .text.USB_GetDevSpeed
                0x080025b4       0x36 Drivers\STM32F7xx_HAL_Driver\Src\stm32f7xx_ll_usb.o
                0x080025b4                USB_GetDevSpeed
 .text.USB_ActivateEndpoint
                0x080025ea       0x7c Drivers\STM32F7xx_HAL_Driver\Src\stm32f7xx_ll_usb.o
                0x080025ea                USB_ActivateEndpoint
 .text.USB_DeactivateEndpoint
                0x08002666       0x4c Drivers\STM32F7xx_HAL_Driver\Src\stm32f7xx_ll_usb.o
                0x08002666                USB_DeactivateEndpoint
 .text.USB_EP0StartXfer
                0x080026b2       0xf0 Drivers\STM32F7xx_HAL_Driver\Src\stm32f7xx_ll_usb.o
                0x080026b2                USB_EP0StartXfer
 .text.USB_WritePacket
                0x080027a2       0x26 Drivers\STM32F7xx_HAL_Driver\Src\stm32f7xx_ll_usb.o
                0x080027a2                USB_WritePacket
 .text.USB_EPStartXfer
                0x080027c8      0x188 Drivers\STM32F7xx_HAL_Driver\Src\stm32f7xx_ll_usb.o
                0x080027c8                USB_EPStartXfer
 .text.USB_ReadPacket
                0x08002950       0x20 Drivers\STM32F7xx_HAL_Driver\Src\stm32f7xx_ll_usb.o
                0x08002950                USB_ReadPacket
 .text.USB_EPSetStall
                0x08002970       0x32 Drivers\STM32F7xx_HAL_Driver\Src\stm32f7xx_ll_usb.o
                0x08002970                USB_EPSetStall
 .text.USB_EPClearStall
                0x080029a2       0x34 Drivers\STM32F7xx_HAL_Driver\Src\stm32f7xx_ll_usb.o
                0x080029a2                USB_EPClearStall
 .text.USB_SetDevAddress
                0x080029d6       0x20 Drivers\STM32F7xx_HAL_Driver\Src\stm32f7xx_ll_usb.o
                0x080029d6                USB_SetDevAddress
 .text.USB_DevConnect
                0x080029f6       0x18 Drivers\STM32F7xx_HAL_Driver\Src\stm32f7xx_ll_usb.o
                0x080029f6                USB_DevConnect
 .text.USB_DevDisconnect
                0x08002a0e       0x18 Drivers\STM32F7xx_HAL_Driver\Src\stm32f7xx_ll_usb.o
                0x08002a0e                USB_DevDisconnect
 .text.USB_ReadInterrupts
                0x08002a26        0x8 Drivers\STM32F7xx_HAL_Driver\Src\stm32f7xx_ll_usb.o
                0x08002a26                USB_ReadInterrupts
 .text.USB_ReadDevAllOutEpInterrupt
                0x08002a2e       0x10 Drivers\STM32F7xx_HAL_Driver\Src\stm32f7xx_ll_usb.o
                0x08002a2e                USB_ReadDevAllOutEpInterrupt
 .text.USB_ReadDevAllInEpInterrupt
                0x08002a3e       0x10 Drivers\STM32F7xx_HAL_Driver\Src\stm32f7xx_ll_usb.o
                0x08002a3e                USB_ReadDevAllInEpInterrupt
 .text.USB_ReadDevOutEPInterrupt
                0x08002a4e       0x14 Drivers\STM32F7xx_HAL_Driver\Src\stm32f7xx_ll_usb.o
                0x08002a4e                USB_ReadDevOutEPInterrupt
 .text.USB_ReadDevInEPInterrupt
                0x08002a62       0x20 Drivers\STM32F7xx_HAL_Driver\Src\stm32f7xx_ll_usb.o
                0x08002a62                USB_ReadDevInEPInterrupt
 .text.USB_GetMode
                0x08002a82        0x8 Drivers\STM32F7xx_HAL_Driver\Src\stm32f7xx_ll_usb.o
                0x08002a82                USB_GetMode
 .text.USB_ActivateSetup
                0x08002a8a       0x36 Drivers\STM32F7xx_HAL_Driver\Src\stm32f7xx_ll_usb.o
                0x08002a8a                USB_ActivateSetup
 .text.USB_EP0_OutStart
                0x08002ac0       0x40 Drivers\STM32F7xx_HAL_Driver\Src\stm32f7xx_ll_usb.o
                0x08002ac0                USB_EP0_OutStart
 .text.USBD_CDC_DataIn
                0x08002b00       0x12 Middlewares\ST\STM32_USB_Device_Library\Class\CDC\Src\usbd_cdc.o
 .text.USBD_CDC_EP0_RxReady
                0x08002b12       0x28 Middlewares\ST\STM32_USB_Device_Library\Class\CDC\Src\usbd_cdc.o
 *fill*         0x08002b3a        0x2 
 .text.USBD_CDC_GetFSCfgDesc
                0x08002b3c        0xc Middlewares\ST\STM32_USB_Device_Library\Class\CDC\Src\usbd_cdc.o
 .text.USBD_CDC_GetHSCfgDesc
                0x08002b48        0xc Middlewares\ST\STM32_USB_Device_Library\Class\CDC\Src\usbd_cdc.o
 .text.USBD_CDC_GetOtherSpeedCfgDesc
                0x08002b54        0xc Middlewares\ST\STM32_USB_Device_Library\Class\CDC\Src\usbd_cdc.o
 .text.USBD_CDC_GetDeviceQualifierDescriptor
                0x08002b60        0xc Middlewares\ST\STM32_USB_Device_Library\Class\CDC\Src\usbd_cdc.o
                0x08002b60                USBD_CDC_GetDeviceQualifierDescriptor
 .text.USBD_CDC_DataOut
                0x08002b6c       0x2e Middlewares\ST\STM32_USB_Device_Library\Class\CDC\Src\usbd_cdc.o
 *fill*         0x08002b9a        0x2 
 .text.USBD_CDC_Setup
                0x08002b9c       0x68 Middlewares\ST\STM32_USB_Device_Library\Class\CDC\Src\usbd_cdc.o
 .text.USBD_CDC_DeInit
                0x08002c04       0x3a Middlewares\ST\STM32_USB_Device_Library\Class\CDC\Src\usbd_cdc.o
 .text.USBD_CDC_Init
                0x08002c3e       0x8c Middlewares\ST\STM32_USB_Device_Library\Class\CDC\Src\usbd_cdc.o
 .text.USBD_CDC_RegisterInterface
                0x08002cca        0xe Middlewares\ST\STM32_USB_Device_Library\Class\CDC\Src\usbd_cdc.o
                0x08002cca                USBD_CDC_RegisterInterface
 .text.USBD_CDC_SetTxBuffer
                0x08002cd8       0x10 Middlewares\ST\STM32_USB_Device_Library\Class\CDC\Src\usbd_cdc.o
                0x08002cd8                USBD_CDC_SetTxBuffer
 .text.USBD_CDC_SetRxBuffer
                0x08002ce8        0xc Middlewares\ST\STM32_USB_Device_Library\Class\CDC\Src\usbd_cdc.o
                0x08002ce8                USBD_CDC_SetRxBuffer
 .text.USBD_CDC_ReceivePacket
                0x08002cf4       0x26 Middlewares\ST\STM32_USB_Device_Library\Class\CDC\Src\usbd_cdc.o
                0x08002cf4                USBD_CDC_ReceivePacket
 .text.USBD_Init
                0x08002d1a       0x2a Middlewares\ST\STM32_USB_Device_Library\Core\Src\usbd_core.o
                0x08002d1a                USBD_Init
 .text.USBD_RegisterClass
                0x08002d44        0xe Middlewares\ST\STM32_USB_Device_Library\Core\Src\usbd_core.o
                0x08002d44                USBD_RegisterClass
 .text.USBD_Start
                0x08002d52        0xa Middlewares\ST\STM32_USB_Device_Library\Core\Src\usbd_core.o
                0x08002d52                USBD_Start
 .text.USBD_SetClassConfig
                0x08002d5c       0x16 Middlewares\ST\STM32_USB_Device_Library\Core\Src\usbd_core.o
                0x08002d5c                USBD_SetClassConfig
 .text.USBD_ClrClassConfig
                0x08002d72        0xe Middlewares\ST\STM32_USB_Device_Library\Core\Src\usbd_core.o
                0x08002d72                USBD_ClrClassConfig
 .text.USBD_LL_SetupStage
                0x08002d80       0x5a Middlewares\ST\STM32_USB_Device_Library\Core\Src\usbd_core.o
                0x08002d80                USBD_LL_SetupStage
 .text.USBD_LL_DataOutStage
                0x08002dda       0x64 Middlewares\ST\STM32_USB_Device_Library\Core\Src\usbd_core.o
                0x08002dda                USBD_LL_DataOutStage
 .text.USBD_LL_DataInStage
                0x08002e3e       0x9e Middlewares\ST\STM32_USB_Device_Library\Core\Src\usbd_core.o
                0x08002e3e                USBD_LL_DataInStage
 .text.USBD_LL_Reset
                0x08002edc       0x3e Middlewares\ST\STM32_USB_Device_Library\Core\Src\usbd_core.o
                0x08002edc                USBD_LL_Reset
 .text.USBD_LL_SetSpeed
                0x08002f1a        0x6 Middlewares\ST\STM32_USB_Device_Library\Core\Src\usbd_core.o
                0x08002f1a                USBD_LL_SetSpeed
 .text.USBD_LL_Suspend
                0x08002f20       0x12 Middlewares\ST\STM32_USB_Device_Library\Core\Src\usbd_core.o
                0x08002f20                USBD_LL_Suspend
 .text.USBD_LL_Resume
                0x08002f32        0xc Middlewares\ST\STM32_USB_Device_Library\Core\Src\usbd_core.o
                0x08002f32                USBD_LL_Resume
 .text.USBD_LL_SOF
                0x08002f3e       0x18 Middlewares\ST\STM32_USB_Device_Library\Core\Src\usbd_core.o
                0x08002f3e                USBD_LL_SOF
 .text.USBD_LL_IsoINIncomplete
                0x08002f56        0x4 Middlewares\ST\STM32_USB_Device_Library\Core\Src\usbd_core.o
                0x08002f56                USBD_LL_IsoINIncomplete
 .text.USBD_LL_IsoOUTIncomplete
                0x08002f5a        0x4 Middlewares\ST\STM32_USB_Device_Library\Core\Src\usbd_core.o
                0x08002f5a                USBD_LL_IsoOUTIncomplete
 .text.USBD_LL_DevConnected
                0x08002f5e        0x4 Middlewares\ST\STM32_USB_Device_Library\Core\Src\usbd_core.o
                0x08002f5e                USBD_LL_DevConnected
 .text.USBD_LL_DevDisconnected
                0x08002f62       0x16 Middlewares\ST\STM32_USB_Device_Library\Core\Src\usbd_core.o
                0x08002f62                USBD_LL_DevDisconnected
 .text.USBD_CtlError.constprop.0
                0x08002f78       0x16 Middlewares\ST\STM32_USB_Device_Library\Core\Src\usbd_ctlreq.o
 *fill*         0x08002f8e        0x2 
 .text.USBD_StdDevReq
                0x08002f90      0x204 Middlewares\ST\STM32_USB_Device_Library\Core\Src\usbd_ctlreq.o
                0x08002f90                USBD_StdDevReq
 .text.USBD_StdItfReq
                0x08003194       0x30 Middlewares\ST\STM32_USB_Device_Library\Core\Src\usbd_ctlreq.o
                0x08003194                USBD_StdItfReq
 .text.USBD_StdEPReq
                0x080031c4       0xc6 Middlewares\ST\STM32_USB_Device_Library\Core\Src\usbd_ctlreq.o
                0x080031c4                USBD_StdEPReq
 .text.USBD_ParseSetupRequest
                0x0800328a       0x28 Middlewares\ST\STM32_USB_Device_Library\Core\Src\usbd_ctlreq.o
                0x0800328a                USBD_ParseSetupRequest
 .text.USBD_GetString
                0x080032b2       0x38 Middlewares\ST\STM32_USB_Device_Library\Core\Src\usbd_ctlreq.o
                0x080032b2                USBD_GetString
 .text.USBD_CtlSendData
                0x080032ea       0x1a Middlewares\ST\STM32_USB_Device_Library\Core\Src\usbd_ioreq.o
                0x080032ea                USBD_CtlSendData
 .text.USBD_CtlContinueSendData
                0x08003304       0x10 Middlewares\ST\STM32_USB_Device_Library\Core\Src\usbd_ioreq.o
                0x08003304                USBD_CtlContinueSendData
 .text.USBD_CtlPrepareRx
                0x08003314       0x1e Middlewares\ST\STM32_USB_Device_Library\Core\Src\usbd_ioreq.o
                0x08003314                USBD_CtlPrepareRx
 .text.USBD_CtlContinueRx
                0x08003332       0x10 Middlewares\ST\STM32_USB_Device_Library\Core\Src\usbd_ioreq.o
                0x08003332                USBD_CtlContinueRx
 .text.USBD_CtlSendStatus
                0x08003342       0x16 Middlewares\ST\STM32_USB_Device_Library\Core\Src\usbd_ioreq.o
                0x08003342                USBD_CtlSendStatus
 .text.USBD_CtlReceiveStatus
                0x08003358       0x16 Middlewares\ST\STM32_USB_Device_Library\Core\Src\usbd_ioreq.o
                0x08003358                USBD_CtlReceiveStatus
 *fill*         0x0800336e        0x2 
 .text.MX_GPIO_Init
                0x08003370       0x30 Src\gpio.o
                0x08003370                MX_GPIO_Init
 .text.SystemClock_Config
                0x080033a0       0xc4 Src\main.o
                0x080033a0                SystemClock_Config
 .text.startup.main
                0x08003464       0x14 Src\main.o
                0x08003464                main
 .text._Error_Handler
                0x08003478        0x2 Src\main.o
                0x08003478                _Error_Handler
 .text.assert_failed
                0x0800347a        0x2 Src\main.o
                0x0800347a                assert_failed
 .text.HAL_MspInit
                0x0800347c       0x60 Src\stm32f7xx_hal_msp.o
                0x0800347c                HAL_MspInit
 .text.NMI_Handler
                0x080034dc        0x2 Src\stm32f7xx_it.o
                0x080034dc                NMI_Handler
 .text.HardFault_Handler
                0x080034de        0x2 Src\stm32f7xx_it.o
                0x080034de                HardFault_Handler
 .text.MemManage_Handler
                0x080034e0        0x2 Src\stm32f7xx_it.o
                0x080034e0                MemManage_Handler
 .text.BusFault_Handler
                0x080034e2        0x2 Src\stm32f7xx_it.o
                0x080034e2                BusFault_Handler
 .text.UsageFault_Handler
                0x080034e4        0x2 Src\stm32f7xx_it.o
                0x080034e4                UsageFault_Handler
 .text.SVC_Handler
                0x080034e6        0x2 Src\stm32f7xx_it.o
                0x080034e6                SVC_Handler
 .text.DebugMon_Handler
                0x080034e8        0x2 Src\stm32f7xx_it.o
                0x080034e8                DebugMon_Handler
 .text.PendSV_Handler
                0x080034ea        0x2 Src\stm32f7xx_it.o
                0x080034ea                PendSV_Handler
 .text.SysTick_Handler
                0x080034ec        0xe Src\stm32f7xx_it.o
                0x080034ec                SysTick_Handler
 *fill*         0x080034fa        0x2 
 .text.OTG_FS_IRQHandler
                0x080034fc        0xc Src\stm32f7xx_it.o
                0x080034fc                OTG_FS_IRQHandler
 .text.SystemInit
                0x08003508       0x4c Src\system_stm32f7xx.o
                0x08003508                SystemInit
 .text.MX_USB_DEVICE_Init
                0x08003554       0x38 Src\usb_device.o
                0x08003554                MX_USB_DEVICE_Init
 .text.CDC_DeInit_FS
                0x0800358c        0x4 Src\usbd_cdc_if.o
 .text.CDC_Control_FS
                0x08003590        0x4 Src\usbd_cdc_if.o
 .text.CDC_Receive_FS
                0x08003594       0x1c Src\usbd_cdc_if.o
 .text.CDC_Init_FS
                0x080035b0       0x28 Src\usbd_cdc_if.o
 .text.HAL_PCD_MspInit
                0x080035d8       0x80 Src\usbd_conf.o
                0x080035d8                HAL_PCD_MspInit
 .text.HAL_PCD_SetupStageCallback
                0x08003658        0xc Src\usbd_conf.o
                0x08003658                HAL_PCD_SetupStageCallback
 .text.HAL_PCD_DataOutStageCallback
                0x08003664       0x12 Src\usbd_conf.o
                0x08003664                HAL_PCD_DataOutStageCallback
 .text.HAL_PCD_DataInStageCallback
                0x08003676       0x10 Src\usbd_conf.o
                0x08003676                HAL_PCD_DataInStageCallback
 .text.HAL_PCD_SOFCallback
                0x08003686        0x8 Src\usbd_conf.o
                0x08003686                HAL_PCD_SOFCallback
 .text.HAL_PCD_ResetCallback
                0x0800368e       0x20 Src\usbd_conf.o
                0x0800368e                HAL_PCD_ResetCallback
 *fill*         0x080036ae        0x2 
 .text.HAL_PCD_SuspendCallback
                0x080036b0       0x30 Src\usbd_conf.o
                0x080036b0                HAL_PCD_SuspendCallback
 .text.HAL_PCD_ResumeCallback
                0x080036e0        0x8 Src\usbd_conf.o
                0x080036e0                HAL_PCD_ResumeCallback
 .text.HAL_PCD_ISOOUTIncompleteCallback
                0x080036e8        0x8 Src\usbd_conf.o
                0x080036e8                HAL_PCD_ISOOUTIncompleteCallback
 .text.HAL_PCD_ISOINIncompleteCallback
                0x080036f0        0x8 Src\usbd_conf.o
                0x080036f0                HAL_PCD_ISOINIncompleteCallback
 .text.HAL_PCD_ConnectCallback
                0x080036f8        0x8 Src\usbd_conf.o
                0x080036f8                HAL_PCD_ConnectCallback
 .text.HAL_PCD_DisconnectCallback
                0x08003700        0x8 Src\usbd_conf.o
                0x08003700                HAL_PCD_DisconnectCallback
 .text.USBD_LL_Init
                0x08003708       0x6c Src\usbd_conf.o
                0x08003708                USBD_LL_Init
 .text.USBD_LL_Start
                0x08003774       0x1c Src\usbd_conf.o
                0x08003774                USBD_LL_Start
 .text.USBD_LL_OpenEP
                0x08003790       0x20 Src\usbd_conf.o
                0x08003790                USBD_LL_OpenEP
 .text.USBD_LL_CloseEP
                0x080037b0       0x1c Src\usbd_conf.o
                0x080037b0                USBD_LL_CloseEP
 .text.USBD_LL_StallEP
                0x080037cc       0x1c Src\usbd_conf.o
                0x080037cc                USBD_LL_StallEP
 .text.USBD_LL_ClearStallEP
                0x080037e8       0x1c Src\usbd_conf.o
                0x080037e8                USBD_LL_ClearStallEP
 .text.USBD_LL_IsStallEP
                0x08003804       0x26 Src\usbd_conf.o
                0x08003804                USBD_LL_IsStallEP
 *fill*         0x0800382a        0x2 
 .text.USBD_LL_SetUSBAddress
                0x0800382c       0x1c Src\usbd_conf.o
                0x0800382c                USBD_LL_SetUSBAddress
 .text.USBD_LL_Transmit
                0x08003848       0x1c Src\usbd_conf.o
                0x08003848                USBD_LL_Transmit
 .text.USBD_LL_PrepareReceive
                0x08003864       0x1c Src\usbd_conf.o
                0x08003864                USBD_LL_PrepareReceive
 .text.USBD_LL_GetRxDataSize
                0x08003880        0xc Src\usbd_conf.o
                0x08003880                USBD_LL_GetRxDataSize
 .text.HAL_PCDEx_LPM_Callback
                0x0800388c       0x64 Src\usbd_conf.o
                0x0800388c                HAL_PCDEx_LPM_Callback
 .text.USBD_FS_DeviceDescriptor
                0x080038f0        0xc Src\usbd_desc.o
                0x080038f0                USBD_FS_DeviceDescriptor
 .text.USBD_FS_LangIDStrDescriptor
                0x080038fc        0xc Src\usbd_desc.o
                0x080038fc                USBD_FS_LangIDStrDescriptor
 .text.USBD_FS_USR_BOSDescriptor
                0x08003908        0xc Src\usbd_desc.o
                0x08003908                USBD_FS_USR_BOSDescriptor
 .text.USBD_FS_ManufacturerStrDescriptor
                0x08003914       0x1c Src\usbd_desc.o
                0x08003914                USBD_FS_ManufacturerStrDescriptor
 .text.USBD_FS_ProductStrDescriptor
                0x08003930       0x1c Src\usbd_desc.o
                0x08003930                USBD_FS_ProductStrDescriptor
 .text.USBD_FS_SerialStrDescriptor
                0x0800394c       0x1c Src\usbd_desc.o
                0x0800394c                USBD_FS_SerialStrDescriptor
 .text.USBD_FS_ConfigStrDescriptor
                0x08003968       0x1c Src\usbd_desc.o
                0x08003968                USBD_FS_ConfigStrDescriptor
 .text.USBD_FS_InterfaceStrDescriptor
                0x08003984       0x1c Src\usbd_desc.o
                0x08003984                USBD_FS_InterfaceStrDescriptor
 .text.Reset_Handler
                0x080039a0       0x50 startup\startup_stm32f765xx.o
                0x080039a0                Reset_Handler
 .text.Default_Handler
                0x080039f0        0x2 startup\startup_stm32f765xx.o
                0x080039f0                RTC_Alarm_IRQHandler
                0x080039f0                EXTI2_IRQHandler
                0x080039f0                TIM8_CC_IRQHandler
                0x080039f0                UART8_IRQHandler
                0x080039f0                SPI4_IRQHandler
                0x080039f0                TIM1_CC_IRQHandler
                0x080039f0                DMA2_Stream5_IRQHandler
                0x080039f0                DMA1_Stream5_IRQHandler
                0x080039f0                CAN3_RX1_IRQHandler
                0x080039f0                PVD_IRQHandler
                0x080039f0                TAMP_STAMP_IRQHandler
                0x080039f0                CAN2_RX1_IRQHandler
                0x080039f0                EXTI3_IRQHandler
                0x080039f0                TIM8_TRG_COM_TIM14_IRQHandler
                0x080039f0                DFSDM1_FLT1_IRQHandler
                0x080039f0                TIM1_UP_TIM10_IRQHandler
                0x080039f0                TIM8_UP_TIM13_IRQHandler
                0x080039f0                I2C3_ER_IRQHandler
                0x080039f0                DFSDM1_FLT2_IRQHandler
                0x080039f0                EXTI0_IRQHandler
                0x080039f0                I2C2_EV_IRQHandler
                0x080039f0                DMA1_Stream2_IRQHandler
                0x080039f0                CAN1_RX0_IRQHandler
                0x080039f0                FPU_IRQHandler
                0x080039f0                OTG_HS_WKUP_IRQHandler
                0x080039f0                CAN3_SCE_IRQHandler
                0x080039f0                CAN2_SCE_IRQHandler
                0x080039f0                DMA2_Stream2_IRQHandler
                0x080039f0                SPI1_IRQHandler
                0x080039f0                TIM6_DAC_IRQHandler
                0x080039f0                TIM1_BRK_TIM9_IRQHandler
                0x080039f0                DCMI_IRQHandler
                0x080039f0                CAN2_RX0_IRQHandler
                0x080039f0                DMA2_Stream3_IRQHandler
                0x080039f0                SAI2_IRQHandler
                0x080039f0                DFSDM1_FLT3_IRQHandler
                0x080039f0                USART6_IRQHandler
                0x080039f0                CAN3_RX0_IRQHandler
                0x080039f0                USART3_IRQHandler
                0x080039f0                CAN1_RX1_IRQHandler
                0x080039f0                UART5_IRQHandler
                0x080039f0                DMA2_Stream0_IRQHandler
                0x080039f0                TIM4_IRQHandler
                0x080039f0                QUADSPI_IRQHandler
                0x080039f0                I2C1_EV_IRQHandler
                0x080039f0                DMA1_Stream6_IRQHandler
                0x080039f0                DMA1_Stream1_IRQHandler
                0x080039f0                UART4_IRQHandler
                0x080039f0                TIM3_IRQHandler
                0x080039f0                RCC_IRQHandler
                0x080039f0                TIM8_BRK_TIM12_IRQHandler
                0x080039f0                Default_Handler
                0x080039f0                CEC_IRQHandler
                0x080039f0                EXTI15_10_IRQHandler
                0x080039f0                ADC_IRQHandler
                0x080039f0                DMA1_Stream7_IRQHandler
                0x080039f0                SPI5_IRQHandler
                0x080039f0                TIM7_IRQHandler
                0x080039f0                SDMMC1_IRQHandler
                0x080039f0                CAN2_TX_IRQHandler
                0x080039f0                TIM5_IRQHandler
                0x080039f0                DMA2_Stream7_IRQHandler
                0x080039f0                I2C3_EV_IRQHandler
                0x080039f0                EXTI9_5_IRQHandler
                0x080039f0                RTC_WKUP_IRQHandler
                0x080039f0                ETH_WKUP_IRQHandler
                0x080039f0                SPDIF_RX_IRQHandler
                0x080039f0                SPI2_IRQHandler
                0x080039f0                OTG_HS_EP1_IN_IRQHandler
                0x080039f0                DMA1_Stream0_IRQHandler
                0x080039f0                CAN1_TX_IRQHandler
                0x080039f0                EXTI4_IRQHandler
                0x080039f0                RNG_IRQHandler
                0x080039f0                ETH_IRQHandler
                0x080039f0                OTG_HS_EP1_OUT_IRQHandler
                0x080039f0                WWDG_IRQHandler
                0x080039f0                SPI6_IRQHandler
                0x080039f0                MDIOS_IRQHandler
                0x080039f0                I2C4_EV_IRQHandler
                0x080039f0                CAN3_TX_IRQHandler
                0x080039f0                TIM2_IRQHandler
                0x080039f0                OTG_FS_WKUP_IRQHandler
                0x080039f0                TIM1_TRG_COM_TIM11_IRQHandler
                0x080039f0                OTG_HS_IRQHandler
                0x080039f0                DMA2D_IRQHandler
                0x080039f0                EXTI1_IRQHandler
                0x080039f0                SDMMC2_IRQHandler
                0x080039f0                UART7_IRQHandler
                0x080039f0                USART2_IRQHandler
                0x080039f0                DFSDM1_FLT0_IRQHandler
                0x080039f0                I2C2_ER_IRQHandler
                0x080039f0                DMA2_Stream1_IRQHandler
                0x080039f0                CAN1_SCE_IRQHandler
                0x080039f0                FLASH_IRQHandler
                0x080039f0                DMA2_Stream4_IRQHandler
                0x080039f0                USART1_IRQHandler
                0x080039f0                SPI3_IRQHandler
                0x080039f0                DMA1_Stream4_IRQHandler
                0x080039f0                I2C1_ER_IRQHandler
                0x080039f0                FMC_IRQHandler
                0x080039f0                LPTIM1_IRQHandler
                0x080039f0                I2C4_ER_IRQHandler
                0x080039f0                DMA2_Stream6_IRQHandler
                0x080039f0                SAI1_IRQHandler
                0x080039f0                DMA1_Stream3_IRQHandler
 *fill*         0x080039f2        0x2 
 .text.__libc_init_array
                0x080039f4       0x48 d:/program files (x86)/atollic/truestudio for stm32 9.0.0/armtools/bin/../lib/gcc/arm-atollic-eabi/6.3.1/../../../../arm-atollic-eabi/lib/armv7e-m/fpu/fpv5-d16\libc_nano.a(lib_a-init.o)
                0x080039f4                __libc_init_array
 .text.malloc   0x08003a3c       0x10 d:/program files (x86)/atollic/truestudio for stm32 9.0.0/armtools/bin/../lib/gcc/arm-atollic-eabi/6.3.1/../../../../arm-atollic-eabi/lib/armv7e-m/fpu/fpv5-d16\libc_nano.a(lib_a-malloc.o)
                0x08003a3c                malloc
 .text.free     0x08003a4c       0x10 d:/program files (x86)/atollic/truestudio for stm32 9.0.0/armtools/bin/../lib/gcc/arm-atollic-eabi/6.3.1/../../../../arm-atollic-eabi/lib/armv7e-m/fpu/fpv5-d16\libc_nano.a(lib_a-malloc.o)
                0x08003a4c                free
 .text._free_r  0x08003a5c       0x9c d:/program files (x86)/atollic/truestudio for stm32 9.0.0/armtools/bin/../lib/gcc/arm-atollic-eabi/6.3.1/../../../../arm-atollic-eabi/lib/armv7e-m/fpu/fpv5-d16\libc_nano.a(lib_a-nano-freer.o)
                0x08003a5c                _free_r
 .text._malloc_r
                0x08003af8       0xbc d:/program files (x86)/atollic/truestudio for stm32 9.0.0/armtools/bin/../lib/gcc/arm-atollic-eabi/6.3.1/../../../../arm-atollic-eabi/lib/armv7e-m/fpu/fpv5-d16\libc_nano.a(lib_a-nano-mallocr.o)
                0x08003af8                _malloc_r
 .text._sbrk_r  0x08003bb4       0x20 d:/program files (x86)/atollic/truestudio for stm32 9.0.0/armtools/bin/../lib/gcc/arm-atollic-eabi/6.3.1/../../../../arm-atollic-eabi/lib/armv7e-m/fpu/fpv5-d16\libc_nano.a(lib_a-sbrkr.o)
                0x08003bb4                _sbrk_r
 .text.__malloc_lock
                0x08003bd4        0x2 d:/program files (x86)/atollic/truestudio for stm32 9.0.0/armtools/bin/../lib/gcc/arm-atollic-eabi/6.3.1/../../../../arm-atollic-eabi/lib/armv7e-m/fpu/fpv5-d16\libc_nano.a(lib_a-mlock.o)
                0x08003bd4                __malloc_lock
 .text.__malloc_unlock
                0x08003bd6        0x2 d:/program files (x86)/atollic/truestudio for stm32 9.0.0/armtools/bin/../lib/gcc/arm-atollic-eabi/6.3.1/../../../../arm-atollic-eabi/lib/armv7e-m/fpu/fpv5-d16\libc_nano.a(lib_a-mlock.o)
                0x08003bd6                __malloc_unlock
 .text._sbrk    0x08003bd8       0x1c d:/program files (x86)/atollic/truestudio for stm32 9.0.0/armtools/bin/../lib/gcc/arm-atollic-eabi/6.3.1/../../../../arm-atollic-eabi/lib/armv7e-m/fpu/fpv5-d16\libnosys.a(sbrk.o)
                0x08003bd8                _sbrk
 *(.glue_7)
 .glue_7        0x08003bf4        0x0 linker stubs
 *(.glue_7t)
 .glue_7t       0x08003bf4        0x0 linker stubs
 *(.eh_frame)
 .eh_frame      0x08003bf4        0x0 d:/program files (x86)/atollic/truestudio for stm32 9.0.0/armtools/bin/../lib/gcc/arm-atollic-eabi/6.3.1/armv7e-m/fpu/fpv5-d16/crtbegin.o
 *(.init)
 .init          0x08003bf4        0x4 d:/program files (x86)/atollic/truestudio for stm32 9.0.0/armtools/bin/../lib/gcc/arm-atollic-eabi/6.3.1/armv7e-m/fpu/fpv5-d16/crti.o
                0x08003bf4                _init
 .init          0x08003bf8        0x8 d:/program files (x86)/atollic/truestudio for stm32 9.0.0/armtools/bin/../lib/gcc/arm-atollic-eabi/6.3.1/armv7e-m/fpu/fpv5-d16/crtn.o
 *(.fini)
 .fini          0x08003c00        0x4 d:/program files (x86)/atollic/truestudio for stm32 9.0.0/armtools/bin/../lib/gcc/arm-atollic-eabi/6.3.1/armv7e-m/fpu/fpv5-d16/crti.o
                0x08003c00                _fini
 .fini          0x08003c04        0x8 d:/program files (x86)/atollic/truestudio for stm32 9.0.0/armtools/bin/../lib/gcc/arm-atollic-eabi/6.3.1/armv7e-m/fpu/fpv5-d16/crtn.o
                0x08003c0c                . = ALIGN (0x4)
                0x08003c0c                _etext = .

.vfp11_veneer   0x08003c0c        0x0
 .vfp11_veneer  0x08003c0c        0x0 linker stubs

.v4_bx          0x08003c0c        0x0
 .v4_bx         0x08003c0c        0x0 linker stubs

.iplt           0x08003c0c        0x0
 .iplt          0x08003c0c        0x0 d:/program files (x86)/atollic/truestudio for stm32 9.0.0/armtools/bin/../lib/gcc/arm-atollic-eabi/6.3.1/armv7e-m/fpu/fpv5-d16/crtbegin.o

.rodata         0x08003c0c      0x198
                0x08003c0c                . = ALIGN (0x4)
 *(.rodata)
 *(.rodata*)
 .rodata.HAL_NVIC_SetPriorityGrouping.str1.1
                0x08003c0c       0x3b Drivers\STM32F7xx_HAL_Driver\Src\stm32f7xx_hal_cortex.o
 .rodata.HAL_GPIO_Init.str1.1
                0x08003c47       0x39 Drivers\STM32F7xx_HAL_Driver\Src\stm32f7xx_hal_gpio.o
 .rodata.HAL_PCD_Init.str1.1
                0x08003c80       0x38 Drivers\STM32F7xx_HAL_Driver\Src\stm32f7xx_hal_pcd.o
 .rodata.HAL_RCC_OscConfig.str1.1
                0x08003cb8       0x38 Drivers\STM32F7xx_HAL_Driver\Src\stm32f7xx_hal_rcc.o
 .rodata.HAL_RCCEx_PeriphCLKConfig.str1.1
                0x08003cf0       0x3b Drivers\STM32F7xx_HAL_Driver\Src\stm32f7xx_hal_rcc_ex.o
 .rodata.AHBPrescTable
                0x08003d2b       0x10 Src\system_stm32f7xx.o
                0x08003d2b                AHBPrescTable
 .rodata.CSWTCH.41
                0x08003d3b        0x4 Src\usbd_conf.o
 .rodata.USBD_LL_Init.str1.1
                0x08003d3f       0x13 Src\usbd_conf.o
 .rodata.USBD_FS_ConfigStrDescriptor.str1.1
                0x08003d52        0xb Src\usbd_desc.o
 .rodata.USBD_FS_InterfaceStrDescriptor.str1.1
                0x08003d5d        0xe Src\usbd_desc.o
 .rodata.USBD_FS_ManufacturerStrDescriptor.str1.1
                0x08003d6b       0x13 Src\usbd_desc.o
 .rodata.USBD_FS_ProductStrDescriptor.str1.1
                0x08003d7e       0x16 Src\usbd_desc.o
 .rodata.USBD_FS_SerialStrDescriptor.str1.1
                0x08003d94        0xd Src\usbd_desc.o
                0x08003da4                . = ALIGN (0x4)
 *fill*         0x08003da1        0x3 

.ARM.extab
 *(.ARM.extab* .gnu.linkonce.armextab.*)

.ARM            0x08003da4        0x8
                0x08003da4                __exidx_start = .
 *(.ARM.exidx*)
 .ARM.exidx     0x08003da4        0x8 d:/program files (x86)/atollic/truestudio for stm32 9.0.0/armtools/bin/../lib/gcc/arm-atollic-eabi/6.3.1/armv7e-m/fpu/fpv5-d16\libgcc.a(_udivmoddi4.o)
                0x08003dac                __exidx_end = .

.rel.dyn        0x08003dac        0x0
 .rel.iplt      0x08003dac        0x0 d:/program files (x86)/atollic/truestudio for stm32 9.0.0/armtools/bin/../lib/gcc/arm-atollic-eabi/6.3.1/armv7e-m/fpu/fpv5-d16/crtbegin.o

.preinit_array  0x08003dac        0x0
                0x08003dac                PROVIDE (__preinit_array_start, .)
 *(.preinit_array*)
                0x08003dac                PROVIDE (__preinit_array_end, .)

.init_array     0x08003dac        0x4
                0x08003dac                PROVIDE (__init_array_start, .)
 *(SORT(.init_array.*))
 *(.init_array*)
 .init_array    0x08003dac        0x4 d:/program files (x86)/atollic/truestudio for stm32 9.0.0/armtools/bin/../lib/gcc/arm-atollic-eabi/6.3.1/armv7e-m/fpu/fpv5-d16/crtbegin.o
                0x08003db0                PROVIDE (__init_array_end, .)

.fini_array     0x08003db0        0x4
                [!provide]                PROVIDE (__fini_array_start, .)
 *(SORT(.fini_array.*))
 *(.fini_array*)
 .fini_array    0x08003db0        0x4 d:/program files (x86)/atollic/truestudio for stm32 9.0.0/armtools/bin/../lib/gcc/arm-atollic-eabi/6.3.1/armv7e-m/fpu/fpv5-d16/crtbegin.o
                [!provide]                PROVIDE (__fini_array_end, .)
                0x08003db4                _sidata = LOADADDR (.data)

.data           0x20000000      0x1d4 load address 0x08003db4
                0x20000000                . = ALIGN (0x4)
                0x20000000                _sdata = .
 *(.data)
 *(.data*)
 .data.uwTickFreq
                0x20000000        0x1 Drivers\STM32F7xx_HAL_Driver\Src\stm32f7xx_hal.o
                0x20000000                uwTickFreq
 *fill*         0x20000001        0x3 
 .data.uwTickPrio
                0x20000004        0x4 Drivers\STM32F7xx_HAL_Driver\Src\stm32f7xx_hal.o
                0x20000004                uwTickPrio
 .data.USBD_CDC
                0x20000008       0x38 Middlewares\ST\STM32_USB_Device_Library\Class\CDC\Src\usbd_cdc.o
                0x20000008                USBD_CDC
 .data.USBD_CDC_CfgFSDesc
                0x20000040       0x43 Middlewares\ST\STM32_USB_Device_Library\Class\CDC\Src\usbd_cdc.o
                0x20000040                USBD_CDC_CfgFSDesc
 *fill*         0x20000083        0x1 
 .data.USBD_CDC_CfgHSDesc
                0x20000084       0x43 Middlewares\ST\STM32_USB_Device_Library\Class\CDC\Src\usbd_cdc.o
                0x20000084                USBD_CDC_CfgHSDesc
 *fill*         0x200000c7        0x1 
 .data.USBD_CDC_DeviceQualifierDesc
                0x200000c8        0xa Middlewares\ST\STM32_USB_Device_Library\Class\CDC\Src\usbd_cdc.o
 *fill*         0x200000d2        0x2 
 .data.USBD_CDC_OtherSpeedCfgDesc
                0x200000d4       0x43 Middlewares\ST\STM32_USB_Device_Library\Class\CDC\Src\usbd_cdc.o
                0x200000d4                USBD_CDC_OtherSpeedCfgDesc
 *fill*         0x20000117        0x1 
 .data.SystemCoreClock
                0x20000118        0x4 Src\system_stm32f7xx.o
                0x20000118                SystemCoreClock
 .data.USBD_Interface_fops_FS
                0x2000011c       0x10 Src\usbd_cdc_if.o
                0x2000011c                USBD_Interface_fops_FS
 .data.FS_Desc  0x2000012c       0x20 Src\usbd_desc.o
                0x2000012c                FS_Desc
 .data.USBD_FS_BOSDesc
                0x2000014c        0xc Src\usbd_desc.o
                0x2000014c                USBD_FS_BOSDesc
 .data.USBD_FS_DeviceDesc
                0x20000158       0x12 Src\usbd_desc.o
                0x20000158                USBD_FS_DeviceDesc
 *fill*         0x2000016a        0x2 
 .data.USBD_LangIDDesc
                0x2000016c        0x4 Src\usbd_desc.o
                0x2000016c                USBD_LangIDDesc
 .data._impure_ptr
                0x20000170        0x4 d:/program files (x86)/atollic/truestudio for stm32 9.0.0/armtools/bin/../lib/gcc/arm-atollic-eabi/6.3.1/../../../../arm-atollic-eabi/lib/armv7e-m/fpu/fpv5-d16\libc_nano.a(lib_a-impure.o)
                0x20000170                _impure_ptr
 .data.impure_data
                0x20000174       0x60 d:/program files (x86)/atollic/truestudio for stm32 9.0.0/armtools/bin/../lib/gcc/arm-atollic-eabi/6.3.1/../../../../arm-atollic-eabi/lib/armv7e-m/fpu/fpv5-d16\libc_nano.a(lib_a-impure.o)
                0x200001d4                . = ALIGN (0x4)
                0x200001d4                _edata = .

.igot.plt       0x200001d4        0x0 load address 0x08003f88
 .igot.plt      0x200001d4        0x0 d:/program files (x86)/atollic/truestudio for stm32 9.0.0/armtools/bin/../lib/gcc/arm-atollic-eabi/6.3.1/armv7e-m/fpu/fpv5-d16/crtbegin.o
                0x200001d4                . = ALIGN (0x4)

.bss            0x200001d4     0x1858 load address 0x08003f88
                0x200001d4                _sbss = .
                0x200001d4                __bss_start__ = _sbss
 *(.bss)
 .bss           0x200001d4       0x1c d:/program files (x86)/atollic/truestudio for stm32 9.0.0/armtools/bin/../lib/gcc/arm-atollic-eabi/6.3.1/armv7e-m/fpu/fpv5-d16/crtbegin.o
 *(.bss*)
 .bss.ifalt.10052
                0x200001f0        0x1 Middlewares\ST\STM32_USB_Device_Library\Class\CDC\Src\usbd_cdc.o
 .bss.cfgidx.10058
                0x200001f1        0x1 Middlewares\ST\STM32_USB_Device_Library\Core\Src\usbd_ctlreq.o
 *fill*         0x200001f2        0x2 
 .bss.__malloc_free_list
                0x200001f4        0x4 d:/program files (x86)/atollic/truestudio for stm32 9.0.0/armtools/bin/../lib/gcc/arm-atollic-eabi/6.3.1/../../../../arm-atollic-eabi/lib/armv7e-m/fpu/fpv5-d16\libc_nano.a(lib_a-nano-mallocr.o)
                0x200001f4                __malloc_free_list
 .bss.__malloc_sbrk_start
                0x200001f8        0x4 d:/program files (x86)/atollic/truestudio for stm32 9.0.0/armtools/bin/../lib/gcc/arm-atollic-eabi/6.3.1/../../../../arm-atollic-eabi/lib/armv7e-m/fpu/fpv5-d16\libc_nano.a(lib_a-nano-mallocr.o)
                0x200001f8                __malloc_sbrk_start
 .bss.heap_end.5239
                0x200001fc        0x4 d:/program files (x86)/atollic/truestudio for stm32 9.0.0/armtools/bin/../lib/gcc/arm-atollic-eabi/6.3.1/../../../../arm-atollic-eabi/lib/armv7e-m/fpu/fpv5-d16\libnosys.a(sbrk.o)
 *(COMMON)
 COMMON         0x20000200        0x4 Drivers\STM32F7xx_HAL_Driver\Src\stm32f7xx_hal.o
                0x20000200                uwTick
 COMMON         0x20000204      0x224 Src\usb_device.o
                0x20000204                hUsbDeviceFS
 COMMON         0x20000428     0x1000 Src\usbd_cdc_if.o
                0x20000428                UserRxBufferFS
                0x20000c28                UserTxBufferFS
 COMMON         0x20001428      0x400 Src\usbd_conf.o
                0x20001428                hpcd_USB_OTG_FS
 COMMON         0x20001828      0x200 Src\usbd_desc.o
                0x20001828                USBD_StrDesc
 COMMON         0x20001a28        0x4 d:/program files (x86)/atollic/truestudio for stm32 9.0.0/armtools/bin/../lib/gcc/arm-atollic-eabi/6.3.1/../../../../arm-atollic-eabi/lib/armv7e-m/fpu/fpv5-d16\libc_nano.a(lib_a-reent.o)
                0x20001a28                errno
                0x20001a2c                . = ALIGN (0x4)
                0x20001a2c                _ebss = .
                0x20001a2c                __bss_end__ = _ebss

._user_heap_stack
                0x20001a2c      0x600 load address 0x08003f88
                0x20001a2c                . = ALIGN (0x4)
                0x20001a2c                PROVIDE (end, .)
                [!provide]                PROVIDE (_end, .)
                0x20001c2c                . = (. + _Min_Heap_Size)
 *fill*         0x20001a2c      0x200 
                0x2000202c                . = (. + _Min_Stack_Size)
 *fill*         0x20001c2c      0x400 
                0x2000202c                . = ALIGN (0x4)

/DISCARD/
 libc.a(*)
 libm.a(*)
 libgcc.a(*)

.ARM.attributes
                0x00000000       0x2e
 *(.ARM.attributes)
 .ARM.attributes
                0x00000000       0x20 d:/program files (x86)/atollic/truestudio for stm32 9.0.0/armtools/bin/../lib/gcc/arm-atollic-eabi/6.3.1/armv7e-m/fpu/fpv5-d16/crti.o
 .ARM.attributes
                0x00000020       0x32 d:/program files (x86)/atollic/truestudio for stm32 9.0.0/armtools/bin/../lib/gcc/arm-atollic-eabi/6.3.1/armv7e-m/fpu/fpv5-d16/crtbegin.o
 .ARM.attributes
                0x00000052       0x37 Drivers\STM32F7xx_HAL_Driver\Src\stm32f7xx_hal.o
 .ARM.attributes
                0x00000089       0x37 Drivers\STM32F7xx_HAL_Driver\Src\stm32f7xx_hal_cortex.o
 .ARM.attributes
                0x000000c0       0x37 Drivers\STM32F7xx_HAL_Driver\Src\stm32f7xx_hal_gpio.o
 .ARM.attributes
                0x000000f7       0x37 Drivers\STM32F7xx_HAL_Driver\Src\stm32f7xx_hal_pcd.o
 .ARM.attributes
                0x0000012e       0x37 Drivers\STM32F7xx_HAL_Driver\Src\stm32f7xx_hal_pcd_ex.o
 .ARM.attributes
                0x00000165       0x37 Drivers\STM32F7xx_HAL_Driver\Src\stm32f7xx_hal_pwr_ex.o
 .ARM.attributes
                0x0000019c       0x37 Drivers\STM32F7xx_HAL_Driver\Src\stm32f7xx_hal_rcc.o
 .ARM.attributes
                0x000001d3       0x37 Drivers\STM32F7xx_HAL_Driver\Src\stm32f7xx_hal_rcc_ex.o
 .ARM.attributes
                0x0000020a       0x37 Drivers\STM32F7xx_HAL_Driver\Src\stm32f7xx_ll_usb.o
 .ARM.attributes
                0x00000241       0x37 Middlewares\ST\STM32_USB_Device_Library\Class\CDC\Src\usbd_cdc.o
 .ARM.attributes
                0x00000278       0x37 Middlewares\ST\STM32_USB_Device_Library\Core\Src\usbd_core.o
 .ARM.attributes
                0x000002af       0x37 Middlewares\ST\STM32_USB_Device_Library\Core\Src\usbd_ctlreq.o
 .ARM.attributes
                0x000002e6       0x37 Middlewares\ST\STM32_USB_Device_Library\Core\Src\usbd_ioreq.o
 .ARM.attributes
                0x0000031d       0x37 Src\gpio.o
 .ARM.attributes
                0x00000354       0x37 Src\main.o
 .ARM.attributes
                0x0000038b       0x37 Src\stm32f7xx_hal_msp.o
 .ARM.attributes
                0x000003c2       0x37 Src\stm32f7xx_it.o
 .ARM.attributes
                0x000003f9       0x37 Src\system_stm32f7xx.o
 .ARM.attributes
                0x00000430       0x37 Src\usb_device.o
 .ARM.attributes
                0x00000467       0x37 Src\usbd_cdc_if.o
 .ARM.attributes
                0x0000049e       0x37 Src\usbd_conf.o
 .ARM.attributes
                0x000004d5       0x37 Src\usbd_desc.o
 .ARM.attributes
                0x0000050c       0x21 startup\startup_stm32f765xx.o
 .ARM.attributes
                0x0000052d       0x32 d:/program files (x86)/atollic/truestudio for stm32 9.0.0/armtools/bin/../lib/gcc/arm-atollic-eabi/6.3.1/../../../../arm-atollic-eabi/lib/armv7e-m/fpu/fpv5-d16\libc_nano.a(lib_a-init.o)
 .ARM.attributes
                0x0000055f       0x32 d:/program files (x86)/atollic/truestudio for stm32 9.0.0/armtools/bin/../lib/gcc/arm-atollic-eabi/6.3.1/../../../../arm-atollic-eabi/lib/armv7e-m/fpu/fpv5-d16\libc_nano.a(lib_a-malloc.o)
 .ARM.attributes
                0x00000591       0x32 d:/program files (x86)/atollic/truestudio for stm32 9.0.0/armtools/bin/../lib/gcc/arm-atollic-eabi/6.3.1/../../../../arm-atollic-eabi/lib/armv7e-m/fpu/fpv5-d16\libc_nano.a(lib_a-nano-freer.o)
 .ARM.attributes
                0x000005c3       0x32 d:/program files (x86)/atollic/truestudio for stm32 9.0.0/armtools/bin/../lib/gcc/arm-atollic-eabi/6.3.1/../../../../arm-atollic-eabi/lib/armv7e-m/fpu/fpv5-d16\libc_nano.a(lib_a-nano-mallocr.o)
 .ARM.attributes
                0x000005f5       0x32 d:/program files (x86)/atollic/truestudio for stm32 9.0.0/armtools/bin/../lib/gcc/arm-atollic-eabi/6.3.1/../../../../arm-atollic-eabi/lib/armv7e-m/fpu/fpv5-d16\libc_nano.a(lib_a-sbrkr.o)
 .ARM.attributes
                0x00000627       0x32 d:/program files (x86)/atollic/truestudio for stm32 9.0.0/armtools/bin/../lib/gcc/arm-atollic-eabi/6.3.1/../../../../arm-atollic-eabi/lib/armv7e-m/fpu/fpv5-d16\libc_nano.a(lib_a-impure.o)
 .ARM.attributes
                0x00000659       0x32 d:/program files (x86)/atollic/truestudio for stm32 9.0.0/armtools/bin/../lib/gcc/arm-atollic-eabi/6.3.1/../../../../arm-atollic-eabi/lib/armv7e-m/fpu/fpv5-d16\libc_nano.a(lib_a-mlock.o)
 .ARM.attributes
                0x0000068b       0x32 d:/program files (x86)/atollic/truestudio for stm32 9.0.0/armtools/bin/../lib/gcc/arm-atollic-eabi/6.3.1/../../../../arm-atollic-eabi/lib/armv7e-m/fpu/fpv5-d16\libc_nano.a(lib_a-reent.o)
 .ARM.attributes
                0x000006bd       0x20 d:/program files (x86)/atollic/truestudio for stm32 9.0.0/armtools/bin/../lib/gcc/arm-atollic-eabi/6.3.1/armv7e-m/fpu/fpv5-d16\libgcc.a(_aeabi_uldivmod.o)
 .ARM.attributes
                0x000006dd       0x32 d:/program files (x86)/atollic/truestudio for stm32 9.0.0/armtools/bin/../lib/gcc/arm-atollic-eabi/6.3.1/armv7e-m/fpu/fpv5-d16\libgcc.a(_udivmoddi4.o)
 .ARM.attributes
                0x0000070f       0x20 d:/program files (x86)/atollic/truestudio for stm32 9.0.0/armtools/bin/../lib/gcc/arm-atollic-eabi/6.3.1/armv7e-m/fpu/fpv5-d16\libgcc.a(_dvmd_tls.o)
 .ARM.attributes
                0x0000072f       0x32 d:/program files (x86)/atollic/truestudio for stm32 9.0.0/armtools/bin/../lib/gcc/arm-atollic-eabi/6.3.1/../../../../arm-atollic-eabi/lib/armv7e-m/fpu/fpv5-d16\libnosys.a(sbrk.o)
 .ARM.attributes
                0x00000761       0x20 d:/program files (x86)/atollic/truestudio for stm32 9.0.0/armtools/bin/../lib/gcc/arm-atollic-eabi/6.3.1/armv7e-m/fpu/fpv5-d16/crtn.o
OUTPUT(cube_jun17_attempt.elf elf32-littlearm)

.debug_info     0x00000000    0x1bc1d
 .debug_info    0x00000000     0x131b Drivers\STM32F7xx_HAL_Driver\Src\stm32f7xx_hal.o
 .debug_info    0x0000131b     0x1c2f Drivers\STM32F7xx_HAL_Driver\Src\stm32f7xx_hal_cortex.o
 .debug_info    0x00002f4a     0x111d Drivers\STM32F7xx_HAL_Driver\Src\stm32f7xx_hal_gpio.o
 .debug_info    0x00004067     0x1de7 Drivers\STM32F7xx_HAL_Driver\Src\stm32f7xx_hal_pcd.o
 .debug_info    0x00005e4e      0xf76 Drivers\STM32F7xx_HAL_Driver\Src\stm32f7xx_hal_pcd_ex.o
 .debug_info    0x00006dc4     0x1296 Drivers\STM32F7xx_HAL_Driver\Src\stm32f7xx_hal_pwr_ex.o
 .debug_info    0x0000805a     0x1621 Drivers\STM32F7xx_HAL_Driver\Src\stm32f7xx_hal_rcc.o
 .debug_info    0x0000967b     0x15d7 Drivers\STM32F7xx_HAL_Driver\Src\stm32f7xx_hal_rcc_ex.o
 .debug_info    0x0000ac52     0x2052 Drivers\STM32F7xx_HAL_Driver\Src\stm32f7xx_ll_usb.o
 .debug_info    0x0000cca4     0x1502 Middlewares\ST\STM32_USB_Device_Library\Class\CDC\Src\usbd_cdc.o
 .debug_info    0x0000e1a6     0x1472 Middlewares\ST\STM32_USB_Device_Library\Core\Src\usbd_core.o
 .debug_info    0x0000f618     0x14a5 Middlewares\ST\STM32_USB_Device_Library\Core\Src\usbd_ctlreq.o
 .debug_info    0x00010abd      0xfd1 Middlewares\ST\STM32_USB_Device_Library\Core\Src\usbd_ioreq.o
 .debug_info    0x00011a8e      0xb48 Src\gpio.o
 .debug_info    0x000125d6     0x1773 Src\main.o
 .debug_info    0x00013d49      0xcf1 Src\stm32f7xx_hal_msp.o
 .debug_info    0x00014a3a      0xeb0 Src\stm32f7xx_it.o
 .debug_info    0x000158ea      0xf05 Src\system_stm32f7xx.o
 .debug_info    0x000167ef      0xe8c Src\usb_device.o
 .debug_info    0x0001767b     0x109c Src\usbd_cdc_if.o
 .debug_info    0x00018717     0x268a Src\usbd_conf.o
 .debug_info    0x0001ada1      0xde7 Src\usbd_desc.o
 .debug_info    0x0001bb88       0x95 startup\startup_stm32f765xx.o

.debug_abbrev   0x00000000     0x3b8b
 .debug_abbrev  0x00000000      0x2f9 Drivers\STM32F7xx_HAL_Driver\Src\stm32f7xx_hal.o
 .debug_abbrev  0x000002f9      0x3cc Drivers\STM32F7xx_HAL_Driver\Src\stm32f7xx_hal_cortex.o
 .debug_abbrev  0x000006c5      0x29f Drivers\STM32F7xx_HAL_Driver\Src\stm32f7xx_hal_gpio.o
 .debug_abbrev  0x00000964      0x399 Drivers\STM32F7xx_HAL_Driver\Src\stm32f7xx_hal_pcd.o
 .debug_abbrev  0x00000cfd      0x25a Drivers\STM32F7xx_HAL_Driver\Src\stm32f7xx_hal_pcd_ex.o
 .debug_abbrev  0x00000f57      0x2e0 Drivers\STM32F7xx_HAL_Driver\Src\stm32f7xx_hal_pwr_ex.o
 .debug_abbrev  0x00001237      0x36f Drivers\STM32F7xx_HAL_Driver\Src\stm32f7xx_hal_rcc.o
 .debug_abbrev  0x000015a6      0x289 Drivers\STM32F7xx_HAL_Driver\Src\stm32f7xx_hal_rcc_ex.o
 .debug_abbrev  0x0000182f      0x3d8 Drivers\STM32F7xx_HAL_Driver\Src\stm32f7xx_ll_usb.o
 .debug_abbrev  0x00001c07      0x2e8 Middlewares\ST\STM32_USB_Device_Library\Class\CDC\Src\usbd_cdc.o
 .debug_abbrev  0x00001eef      0x308 Middlewares\ST\STM32_USB_Device_Library\Core\Src\usbd_core.o
 .debug_abbrev  0x000021f7      0x3aa Middlewares\ST\STM32_USB_Device_Library\Core\Src\usbd_ctlreq.o
 .debug_abbrev  0x000025a1      0x1da Middlewares\ST\STM32_USB_Device_Library\Core\Src\usbd_ioreq.o
 .debug_abbrev  0x0000277b      0x1a6 Src\gpio.o
 .debug_abbrev  0x00002921      0x277 Src\main.o
 .debug_abbrev  0x00002b98      0x1d3 Src\stm32f7xx_hal_msp.o
 .debug_abbrev  0x00002d6b      0x23e Src\stm32f7xx_it.o
 .debug_abbrev  0x00002fa9      0x1e6 Src\system_stm32f7xx.o
 .debug_abbrev  0x0000318f      0x1e0 Src\usb_device.o
 .debug_abbrev  0x0000336f      0x2ab Src\usbd_cdc_if.o
 .debug_abbrev  0x0000361a      0x2fe Src\usbd_conf.o
 .debug_abbrev  0x00003918      0x261 Src\usbd_desc.o
 .debug_abbrev  0x00003b79       0x12 startup\startup_stm32f765xx.o

.debug_loc      0x00000000     0x5c0b
 .debug_loc     0x00000000       0xf3 Drivers\STM32F7xx_HAL_Driver\Src\stm32f7xx_hal.o
 .debug_loc     0x000000f3      0x590 Drivers\STM32F7xx_HAL_Driver\Src\stm32f7xx_hal_cortex.o
 .debug_loc     0x00000683      0x4d8 Drivers\STM32F7xx_HAL_Driver\Src\stm32f7xx_hal_gpio.o
 .debug_loc     0x00000b5b      0xba4 Drivers\STM32F7xx_HAL_Driver\Src\stm32f7xx_hal_pcd.o
 .debug_loc     0x000016ff      0x157 Drivers\STM32F7xx_HAL_Driver\Src\stm32f7xx_hal_pcd_ex.o
 .debug_loc     0x00001856      0x1e9 Drivers\STM32F7xx_HAL_Driver\Src\stm32f7xx_hal_pwr_ex.o
 .debug_loc     0x00001a3f      0x36e Drivers\STM32F7xx_HAL_Driver\Src\stm32f7xx_hal_rcc.o
 .debug_loc     0x00001dad      0x5ba Drivers\STM32F7xx_HAL_Driver\Src\stm32f7xx_hal_rcc_ex.o
 .debug_loc     0x00002367     0x1539 Drivers\STM32F7xx_HAL_Driver\Src\stm32f7xx_ll_usb.o
 .debug_loc     0x000038a0      0x4cf Middlewares\ST\STM32_USB_Device_Library\Class\CDC\Src\usbd_cdc.o
 .debug_loc     0x00003d6f      0x5f2 Middlewares\ST\STM32_USB_Device_Library\Core\Src\usbd_core.o
 .debug_loc     0x00004361      0x7cd Middlewares\ST\STM32_USB_Device_Library\Core\Src\usbd_ctlreq.o
 .debug_loc     0x00004b2e      0x23c Middlewares\ST\STM32_USB_Device_Library\Core\Src\usbd_ioreq.o
 .debug_loc     0x00004d6a      0x11c Src\system_stm32f7xx.o
 .debug_loc     0x00004e86      0x10c Src\usbd_cdc_if.o
 .debug_loc     0x00004f92      0x9e5 Src\usbd_conf.o
 .debug_loc     0x00005977      0x294 Src\usbd_desc.o

.debug_aranges  0x00000000      0xa88
 .debug_aranges
                0x00000000      0x108 Drivers\STM32F7xx_HAL_Driver\Src\stm32f7xx_hal.o
 .debug_aranges
                0x00000108       0xa8 Drivers\STM32F7xx_HAL_Driver\Src\stm32f7xx_hal_cortex.o
 .debug_aranges
                0x000001b0       0x58 Drivers\STM32F7xx_HAL_Driver\Src\stm32f7xx_hal_gpio.o
 .debug_aranges
                0x00000208       0xc0 Drivers\STM32F7xx_HAL_Driver\Src\stm32f7xx_hal_pcd.o
 .debug_aranges
                0x000002c8       0x40 Drivers\STM32F7xx_HAL_Driver\Src\stm32f7xx_hal_pcd_ex.o
 .debug_aranges
                0x00000308       0x80 Drivers\STM32F7xx_HAL_Driver\Src\stm32f7xx_hal_pwr_ex.o
 .debug_aranges
                0x00000388       0x88 Drivers\STM32F7xx_HAL_Driver\Src\stm32f7xx_hal_rcc.o
 .debug_aranges
                0x00000410       0x50 Drivers\STM32F7xx_HAL_Driver\Src\stm32f7xx_hal_rcc_ex.o
 .debug_aranges
                0x00000460      0x180 Drivers\STM32F7xx_HAL_Driver\Src\stm32f7xx_ll_usb.o
 .debug_aranges
                0x000005e0       0x90 Middlewares\ST\STM32_USB_Device_Library\Class\CDC\Src\usbd_cdc.o
 .debug_aranges
                0x00000670       0xa8 Middlewares\ST\STM32_USB_Device_Library\Core\Src\usbd_core.o
 .debug_aranges
                0x00000718       0x50 Middlewares\ST\STM32_USB_Device_Library\Core\Src\usbd_ctlreq.o
 .debug_aranges
                0x00000768       0x50 Middlewares\ST\STM32_USB_Device_Library\Core\Src\usbd_ioreq.o
 .debug_aranges
                0x000007b8       0x20 Src\gpio.o
 .debug_aranges
                0x000007d8       0x38 Src\main.o
 .debug_aranges
                0x00000810       0x20 Src\stm32f7xx_hal_msp.o
 .debug_aranges
                0x00000830       0x50 Src\stm32f7xx_it.o
 .debug_aranges
                0x00000880       0x28 Src\system_stm32f7xx.o
 .debug_aranges
                0x000008a8       0x20 Src\usb_device.o
 .debug_aranges
                0x000008c8       0x40 Src\usbd_cdc_if.o
 .debug_aranges
                0x00000908      0x100 Src\usbd_conf.o
 .debug_aranges
                0x00000a08       0x58 Src\usbd_desc.o
 .debug_aranges
                0x00000a60       0x28 startup\startup_stm32f765xx.o

.debug_ranges   0x00000000      0xbf0
 .debug_ranges  0x00000000       0xf8 Drivers\STM32F7xx_HAL_Driver\Src\stm32f7xx_hal.o
 .debug_ranges  0x000000f8      0x118 Drivers\STM32F7xx_HAL_Driver\Src\stm32f7xx_hal_cortex.o
 .debug_ranges  0x00000210       0x60 Drivers\STM32F7xx_HAL_Driver\Src\stm32f7xx_hal_gpio.o
 .debug_ranges  0x00000270       0xc8 Drivers\STM32F7xx_HAL_Driver\Src\stm32f7xx_hal_pcd.o
 .debug_ranges  0x00000338       0x30 Drivers\STM32F7xx_HAL_Driver\Src\stm32f7xx_hal_pcd_ex.o
 .debug_ranges  0x00000368       0xc8 Drivers\STM32F7xx_HAL_Driver\Src\stm32f7xx_hal_pwr_ex.o
 .debug_ranges  0x00000430       0xd8 Drivers\STM32F7xx_HAL_Driver\Src\stm32f7xx_hal_rcc.o
 .debug_ranges  0x00000508       0x58 Drivers\STM32F7xx_HAL_Driver\Src\stm32f7xx_hal_rcc_ex.o
 .debug_ranges  0x00000560      0x1a8 Drivers\STM32F7xx_HAL_Driver\Src\stm32f7xx_ll_usb.o
 .debug_ranges  0x00000708       0x80 Middlewares\ST\STM32_USB_Device_Library\Class\CDC\Src\usbd_cdc.o
 .debug_ranges  0x00000788       0x98 Middlewares\ST\STM32_USB_Device_Library\Core\Src\usbd_core.o
 .debug_ranges  0x00000820       0xc0 Middlewares\ST\STM32_USB_Device_Library\Core\Src\usbd_ctlreq.o
 .debug_ranges  0x000008e0       0x40 Middlewares\ST\STM32_USB_Device_Library\Core\Src\usbd_ioreq.o
 .debug_ranges  0x00000920       0x28 Src\gpio.o
 .debug_ranges  0x00000948       0x70 Src\main.o
 .debug_ranges  0x000009b8       0x10 Src\stm32f7xx_hal_msp.o
 .debug_ranges  0x000009c8       0x40 Src\stm32f7xx_it.o
 .debug_ranges  0x00000a08       0x18 Src\system_stm32f7xx.o
 .debug_ranges  0x00000a20       0x10 Src\usb_device.o
 .debug_ranges  0x00000a30       0x30 Src\usbd_cdc_if.o
 .debug_ranges  0x00000a60      0x128 Src\usbd_conf.o
 .debug_ranges  0x00000b88       0x48 Src\usbd_desc.o
 .debug_ranges  0x00000bd0       0x20 startup\startup_stm32f765xx.o

.debug_line     0x00000000     0x6967
 .debug_line    0x00000000      0x516 Drivers\STM32F7xx_HAL_Driver\Src\stm32f7xx_hal.o
 .debug_line    0x00000516      0x5ac Drivers\STM32F7xx_HAL_Driver\Src\stm32f7xx_hal_cortex.o
 .debug_line    0x00000ac2      0x5bc Drivers\STM32F7xx_HAL_Driver\Src\stm32f7xx_hal_gpio.o
 .debug_line    0x0000107e      0x808 Drivers\STM32F7xx_HAL_Driver\Src\stm32f7xx_hal_pcd.o
 .debug_line    0x00001886      0x365 Drivers\STM32F7xx_HAL_Driver\Src\stm32f7xx_hal_pcd_ex.o
 .debug_line    0x00001beb      0x46d Drivers\STM32F7xx_HAL_Driver\Src\stm32f7xx_hal_pwr_ex.o
 .debug_line    0x00002058      0x753 Drivers\STM32F7xx_HAL_Driver\Src\stm32f7xx_hal_rcc.o
 .debug_line    0x000027ab      0x6c8 Drivers\STM32F7xx_HAL_Driver\Src\stm32f7xx_hal_rcc_ex.o
 .debug_line    0x00002e73      0x946 Drivers\STM32F7xx_HAL_Driver\Src\stm32f7xx_ll_usb.o
 .debug_line    0x000037b9      0x4fd Middlewares\ST\STM32_USB_Device_Library\Class\CDC\Src\usbd_cdc.o
 .debug_line    0x00003cb6      0x4fe Middlewares\ST\STM32_USB_Device_Library\Core\Src\usbd_core.o
 .debug_line    0x000041b4      0x476 Middlewares\ST\STM32_USB_Device_Library\Core\Src\usbd_ctlreq.o
 .debug_line    0x0000462a      0x38e Middlewares\ST\STM32_USB_Device_Library\Core\Src\usbd_ioreq.o
 .debug_line    0x000049b8      0x23a Src\gpio.o
 .debug_line    0x00004bf2      0x41c Src\main.o
 .debug_line    0x0000500e      0x289 Src\stm32f7xx_hal_msp.o
 .debug_line    0x00005297      0x337 Src\stm32f7xx_it.o
 .debug_line    0x000055ce      0x274 Src\system_stm32f7xx.o
 .debug_line    0x00005842      0x367 Src\usb_device.o
 .debug_line    0x00005ba9      0x387 Src\usbd_cdc_if.o
 .debug_line    0x00005f30      0x638 Src\usbd_conf.o
 .debug_line    0x00006568      0x380 Src\usbd_desc.o
 .debug_line    0x000068e8       0x7f startup\startup_stm32f765xx.o

.debug_str      0x00000000     0x3dcb
 .debug_str     0x00000000     0x1113 Drivers\STM32F7xx_HAL_Driver\Src\stm32f7xx_hal.o
                               0x11b4 (size before relaxing)
 .debug_str     0x00001113      0x4a5 Drivers\STM32F7xx_HAL_Driver\Src\stm32f7xx_hal_cortex.o
                               0x12cb (size before relaxing)
 .debug_str     0x000015b8      0x1a1 Drivers\STM32F7xx_HAL_Driver\Src\stm32f7xx_hal_gpio.o
                                0x9ac (size before relaxing)
 .debug_str     0x00001759      0xacb Drivers\STM32F7xx_HAL_Driver\Src\stm32f7xx_hal_pcd.o
                               0x1193 (size before relaxing)
 .debug_str     0x00002224       0xac Drivers\STM32F7xx_HAL_Driver\Src\stm32f7xx_hal_pcd_ex.o
                                0xb3d (size before relaxing)
 .debug_str     0x000022d0      0x21a Drivers\STM32F7xx_HAL_Driver\Src\stm32f7xx_hal_pwr_ex.o
                                0xb07 (size before relaxing)
 .debug_str     0x000024ea      0x2f8 Drivers\STM32F7xx_HAL_Driver\Src\stm32f7xx_hal_rcc.o
                                0xb93 (size before relaxing)
 .debug_str     0x000027e2      0x3fb Drivers\STM32F7xx_HAL_Driver\Src\stm32f7xx_hal_rcc_ex.o
                                0xbe8 (size before relaxing)
 .debug_str     0x00002bdd      0x3c4 Drivers\STM32F7xx_HAL_Driver\Src\stm32f7xx_ll_usb.o
                               0x1079 (size before relaxing)
 .debug_str     0x00002fa1      0x634 Middlewares\ST\STM32_USB_Device_Library\Class\CDC\Src\usbd_cdc.o
                                0xd63 (size before relaxing)
 .debug_str     0x000035d5      0x2a0 Middlewares\ST\STM32_USB_Device_Library\Core\Src\usbd_core.o
                                0xced (size before relaxing)
 .debug_str     0x00003875      0x125 Middlewares\ST\STM32_USB_Device_Library\Core\Src\usbd_ctlreq.o
                                0xc07 (size before relaxing)
 .debug_str     0x0000399a       0x51 Middlewares\ST\STM32_USB_Device_Library\Core\Src\usbd_ioreq.o
                                0xb34 (size before relaxing)
 .debug_str     0x000039eb       0x1b Src\gpio.o
                                0x77a (size before relaxing)
 .debug_str     0x00003a06       0x6e Src\main.o
                               0x166a (size before relaxing)
 .debug_str     0x00003a74       0x1b Src\stm32f7xx_hal_msp.o
                                0xcb6 (size before relaxing)
 .debug_str     0x00003a8f       0xc8 Src\stm32f7xx_it.o
                                0xaf7 (size before relaxing)
 .debug_str     0x00003b57       0x45 Src\system_stm32f7xx.o
                                0x8cb (size before relaxing)
 .debug_str     0x00003b9c       0x2b Src\usb_device.o
                                0xacd (size before relaxing)
 .debug_str     0x00003bc7       0x7b Src\usbd_cdc_if.o
                                0xbc7 (size before relaxing)
 .debug_str     0x00003c42       0x51 Src\usbd_conf.o
                               0x1c3b (size before relaxing)
 .debug_str     0x00003c93      0x138 Src\usbd_desc.o
                                0x8d2 (size before relaxing)

.comment        0x00000000       0x7c
 .comment       0x00000000       0x7c Drivers\STM32F7xx_HAL_Driver\Src\stm32f7xx_hal.o
                                 0x7d (size before relaxing)
 .comment       0x0000007c       0x7d Drivers\STM32F7xx_HAL_Driver\Src\stm32f7xx_hal_cortex.o
 .comment       0x0000007c       0x7d Drivers\STM32F7xx_HAL_Driver\Src\stm32f7xx_hal_gpio.o
 .comment       0x0000007c       0x7d Drivers\STM32F7xx_HAL_Driver\Src\stm32f7xx_hal_pcd.o
 .comment       0x0000007c       0x7d Drivers\STM32F7xx_HAL_Driver\Src\stm32f7xx_hal_pcd_ex.o
 .comment       0x0000007c       0x7d Drivers\STM32F7xx_HAL_Driver\Src\stm32f7xx_hal_pwr_ex.o
 .comment       0x0000007c       0x7d Drivers\STM32F7xx_HAL_Driver\Src\stm32f7xx_hal_rcc.o
 .comment       0x0000007c       0x7d Drivers\STM32F7xx_HAL_Driver\Src\stm32f7xx_hal_rcc_ex.o
 .comment       0x0000007c       0x7d Drivers\STM32F7xx_HAL_Driver\Src\stm32f7xx_ll_usb.o
 .comment       0x0000007c       0x7d Middlewares\ST\STM32_USB_Device_Library\Class\CDC\Src\usbd_cdc.o
 .comment       0x0000007c       0x7d Middlewares\ST\STM32_USB_Device_Library\Core\Src\usbd_core.o
 .comment       0x0000007c       0x7d Middlewares\ST\STM32_USB_Device_Library\Core\Src\usbd_ctlreq.o
 .comment       0x0000007c       0x7d Middlewares\ST\STM32_USB_Device_Library\Core\Src\usbd_ioreq.o
 .comment       0x0000007c       0x7d Src\gpio.o
 .comment       0x0000007c       0x7d Src\main.o
 .comment       0x0000007c       0x7d Src\stm32f7xx_hal_msp.o
 .comment       0x0000007c       0x7d Src\stm32f7xx_it.o
 .comment       0x0000007c       0x7d Src\system_stm32f7xx.o
 .comment       0x0000007c       0x7d Src\usb_device.o
 .comment       0x0000007c       0x7d Src\usbd_cdc_if.o
 .comment       0x0000007c       0x7d Src\usbd_conf.o
 .comment       0x0000007c       0x7d Src\usbd_desc.o

.debug_frame    0x00000000     0x1b98
 .debug_frame   0x00000000      0x230 Drivers\STM32F7xx_HAL_Driver\Src\stm32f7xx_hal.o
 .debug_frame   0x00000230      0x1a0 Drivers\STM32F7xx_HAL_Driver\Src\stm32f7xx_hal_cortex.o
 .debug_frame   0x000003d0      0x100 Drivers\STM32F7xx_HAL_Driver\Src\stm32f7xx_hal_gpio.o
 .debug_frame   0x000004d0      0x2c4 Drivers\STM32F7xx_HAL_Driver\Src\stm32f7xx_hal_pcd.o
 .debug_frame   0x00000794       0x6c Drivers\STM32F7xx_HAL_Driver\Src\stm32f7xx_hal_pcd_ex.o
 .debug_frame   0x00000800      0x13c Drivers\STM32F7xx_HAL_Driver\Src\stm32f7xx_hal_pwr_ex.o
 .debug_frame   0x0000093c      0x14c Drivers\STM32F7xx_HAL_Driver\Src\stm32f7xx_hal_rcc.o
 .debug_frame   0x00000a88       0xcc Drivers\STM32F7xx_HAL_Driver\Src\stm32f7xx_hal_rcc_ex.o
 .debug_frame   0x00000b54      0x41c Drivers\STM32F7xx_HAL_Driver\Src\stm32f7xx_ll_usb.o
 .debug_frame   0x00000f70      0x14c Middlewares\ST\STM32_USB_Device_Library\Class\CDC\Src\usbd_cdc.o
 .debug_frame   0x000010bc      0x1c0 Middlewares\ST\STM32_USB_Device_Library\Core\Src\usbd_core.o
 .debug_frame   0x0000127c       0xcc Middlewares\ST\STM32_USB_Device_Library\Core\Src\usbd_ctlreq.o
 .debug_frame   0x00001348       0xb8 Middlewares\ST\STM32_USB_Device_Library\Core\Src\usbd_ioreq.o
 .debug_frame   0x00001400       0x28 Src\gpio.o
 .debug_frame   0x00001428       0x68 Src\main.o
 .debug_frame   0x00001490       0x2c Src\stm32f7xx_hal_msp.o
 .debug_frame   0x000014bc       0xbc Src\stm32f7xx_it.o
 .debug_frame   0x00001578       0x38 Src\system_stm32f7xx.o
 .debug_frame   0x000015b0       0x2c Src\usb_device.o
 .debug_frame   0x000015dc       0x80 Src\usbd_cdc_if.o
 .debug_frame   0x0000165c      0x28c Src\usbd_conf.o
 .debug_frame   0x000018e8       0xb8 Src\usbd_desc.o
 .debug_frame   0x000019a0       0x2c d:/program files (x86)/atollic/truestudio for stm32 9.0.0/armtools/bin/../lib/gcc/arm-atollic-eabi/6.3.1/../../../../arm-atollic-eabi/lib/armv7e-m/fpu/fpv5-d16\libc_nano.a(lib_a-init.o)
 .debug_frame   0x000019cc       0x30 d:/program files (x86)/atollic/truestudio for stm32 9.0.0/armtools/bin/../lib/gcc/arm-atollic-eabi/6.3.1/../../../../arm-atollic-eabi/lib/armv7e-m/fpu/fpv5-d16\libc_nano.a(lib_a-malloc.o)
 .debug_frame   0x000019fc       0x38 d:/program files (x86)/atollic/truestudio for stm32 9.0.0/armtools/bin/../lib/gcc/arm-atollic-eabi/6.3.1/../../../../arm-atollic-eabi/lib/armv7e-m/fpu/fpv5-d16\libc_nano.a(lib_a-nano-freer.o)
 .debug_frame   0x00001a34       0x2c d:/program files (x86)/atollic/truestudio for stm32 9.0.0/armtools/bin/../lib/gcc/arm-atollic-eabi/6.3.1/../../../../arm-atollic-eabi/lib/armv7e-m/fpu/fpv5-d16\libc_nano.a(lib_a-nano-mallocr.o)
 .debug_frame   0x00001a60       0x2c d:/program files (x86)/atollic/truestudio for stm32 9.0.0/armtools/bin/../lib/gcc/arm-atollic-eabi/6.3.1/../../../../arm-atollic-eabi/lib/armv7e-m/fpu/fpv5-d16\libc_nano.a(lib_a-sbrkr.o)
 .debug_frame   0x00001a8c       0x30 d:/program files (x86)/atollic/truestudio for stm32 9.0.0/armtools/bin/../lib/gcc/arm-atollic-eabi/6.3.1/../../../../arm-atollic-eabi/lib/armv7e-m/fpu/fpv5-d16\libc_nano.a(lib_a-mlock.o)
 .debug_frame   0x00001abc       0x5c d:/program files (x86)/atollic/truestudio for stm32 9.0.0/armtools/bin/../lib/gcc/arm-atollic-eabi/6.3.1/../../../../arm-atollic-eabi/lib/armv7e-m/fpu/fpv5-d16\libc_nano.a(lib_a-reent.o)
 .debug_frame   0x00001b18       0x2c d:/program files (x86)/atollic/truestudio for stm32 9.0.0/armtools/bin/../lib/gcc/arm-atollic-eabi/6.3.1/armv7e-m/fpu/fpv5-d16\libgcc.a(_aeabi_uldivmod.o)
 .debug_frame   0x00001b44       0x34 d:/program files (x86)/atollic/truestudio for stm32 9.0.0/armtools/bin/../lib/gcc/arm-atollic-eabi/6.3.1/armv7e-m/fpu/fpv5-d16\libgcc.a(_udivmoddi4.o)
 .debug_frame   0x00001b78       0x20 d:/program files (x86)/atollic/truestudio for stm32 9.0.0/armtools/bin/../lib/gcc/arm-atollic-eabi/6.3.1/../../../../arm-atollic-eabi/lib/armv7e-m/fpu/fpv5-d16\libnosys.a(sbrk.o)
