stm32f7xx_it.c:53:6:NMI_Handler	4	static
stm32f7xx_it.c:66:6:HardFault_Handler	4	static
stm32f7xx_it.c:84:6:MemManage_Handler	4	static
stm32f7xx_it.c:102:6:BusFault_Handler	4	static
stm32f7xx_it.c:120:6:UsageFault_Handler	4	static
stm32f7xx_it.c:138:6:SVC_Handler	4	static
stm32f7xx_it.c:151:6:DebugMon_Handler	4	static
stm32f7xx_it.c:164:6:PendSV_Handler	4	static
stm32f7xx_it.c:177:6:SysTick_Handler	8	static
stm32f7xx_it.c:199:6:DMA2_Stream1_IRQHandler	8	static
stm32f7xx_it.c:213:6:DCMI_IRQHandler	8	static
