stm32f7xx_ll_usb.c:102:19:USB_CoreInit	16	static
stm32f7xx_ll_usb.c:176:19:USB_EnableGlobalInt	16	static
stm32f7xx_ll_usb.c:189:19:USB_DisableGlobalInt	16	static
stm32f7xx_ll_usb.c:205:19:USB_SetCurrentMode	16	static
stm32f7xx_ll_usb.c:230:19:USB_DevInit	24	static
stm32f7xx_ll_usb.c:378:19:USB_FlushTxFifo	24	static
stm32f7xx_ll_usb.c:402:19:USB_FlushRxFifo	24	static
stm32f7xx_ll_usb.c:432:19:USB_SetDevSpeed	16	static
stm32f7xx_ll_usb.c:447:9:USB_GetDevSpeed	24	static
stm32f7xx_ll_usb.c:474:19:USB_ActivateEndpoint	16	static
stm32f7xx_ll_usb.c:505:19:USB_ActivateDedicatedEndpoint	16	static
stm32f7xx_ll_usb.c:548:19:USB_DeactivateEndpoint	16	static
stm32f7xx_ll_usb.c:572:19:USB_DeactivateDedicatedEndpoint	16	static
stm32f7xx_ll_usb.c:598:19:USB_EPStartXfer	40	static
stm32f7xx_ll_usb.c:720:19:USB_EP0StartXfer	24	static
stm32f7xx_ll_usb.c:809:19:USB_WritePacket	32	static
stm32f7xx_ll_usb.c:837:7:USB_ReadPacket	32	static
stm32f7xx_ll_usb.c:856:19:USB_EPSetStall	16	static
stm32f7xx_ll_usb.c:884:19:USB_EPClearStall	16	static
stm32f7xx_ll_usb.c:910:19:USB_StopDevice	24	static
stm32f7xx_ll_usb.c:941:20:USB_SetDevAddress	16	static
stm32f7xx_ll_usb.c:954:20:USB_DevConnect	16	static
stm32f7xx_ll_usb.c:967:20:USB_DevDisconnect	16	static
stm32f7xx_ll_usb.c:980:11:USB_ReadInterrupts	24	static
stm32f7xx_ll_usb.c:994:10:USB_ReadDevAllOutEpInterrupt	24	static
stm32f7xx_ll_usb.c:1007:10:USB_ReadDevAllInEpInterrupt	24	static
stm32f7xx_ll_usb.c:1022:10:USB_ReadDevOutEPInterrupt	24	static
stm32f7xx_ll_usb.c:1037:10:USB_ReadDevInEPInterrupt	32	static
stm32f7xx_ll_usb.c:1054:7:USB_ClearInterrupts	16	static
stm32f7xx_ll_usb.c:1067:10:USB_GetMode	16	static
stm32f7xx_ll_usb.c:1078:20:USB_ActivateSetup	16	static
stm32f7xx_ll_usb.c:1103:19:USB_EP0_OutStart	24	static
stm32f7xx_ll_usb.c:1126:26:USB_CoreReset	24	static
stm32f7xx_ll_usb.c:1227:19:USB_HostInit	24	static
stm32f7xx_ll_usb.c:1309:19:USB_InitFSLSPClkSel	16	static
stm32f7xx_ll_usb.c:1332:19:USB_ResetPort	24	static
stm32f7xx_ll_usb.c:1357:19:USB_DriveVbus	24	static
stm32f7xx_ll_usb.c:1386:10:USB_GetHostSpeed	24	static
stm32f7xx_ll_usb.c:1399:10:USB_GetCurrentFrame	16	static
stm32f7xx_ll_usb.c:1428:19:USB_HC_Init	16	static
stm32f7xx_ll_usb.c:1528:19:USB_HC_StartXfer	40	static
stm32f7xx_ll_usb.c:1649:10:USB_HC_ReadInterrupt	16	static
stm32f7xx_ll_usb.c:1661:19:USB_HC_Halt	24	static
stm32f7xx_ll_usb.c:1724:19:USB_DoPing	24	static
stm32f7xx_ll_usb.c:1746:19:USB_StopHost	32	static
